一 ㄧˊ/ㄧˋ/ㄧˍ
乙 ㄧˇ
丁 ㄉㄧㄥˍ
七 ㄑㄧˍ
乃 ㄋㄞˇ
九 ㄐㄧㄡˇ
了 ㄌㄜ˙/ㄌㄧㄠˇ
二 ㄦˋ
人 ㄖㄣˊ
儿 ㄖㄣˊ
入 ㄖㄨˋ
八 ㄅㄚˍ
几 ㄐㄧˍ
刀 ㄉㄠˍ
刁 ㄉㄧㄠˍ
力 ㄌㄧˋ
匕 ㄅㄧˇ
十 ㄕˊ
卜 ㄅㄨˇ
又 ㄧㄡˋ
三 ㄙㄢˍ
下 ㄒㄧㄚˋ
丈 ㄓㄤˋ
上 ㄕㄤˋ
丫 ㄧㄚˍ
丸 ㄨㄢˊ
凡 ㄈㄢˊ
久 ㄐㄧㄡˇ
么 ㄧㄠˍ
也 ㄧㄝˇ
乞 ㄑㄧˇ
于 ㄩˊ
亡 ㄨㄤˊ
兀 ㄨˋ
刃 ㄖㄣˋ
勺 ㄕㄠˊ
千 ㄑㄧㄢˍ
叉 ㄔㄚˍ
口 ㄎㄡˇ
土 ㄊㄨˇ
士 ㄕˋ
夕 ㄒㄧˋ
大 ㄉㄚˋ
女 ㄋㄩˇ
子 ㄗˇ/ㄗ˙
孑 ㄐㄧㄝˊ
孓 ㄐㄩㄝˊ
寸 ㄘㄨㄣˋ
小 ㄒㄧㄠˇ
尢 ㄨㄤˍ
尸 ㄕˍ
山 ㄕㄢˍ
川 ㄔㄨㄢˍ
工 ㄍㄨㄥˍ
己 ㄐㄧˇ
已 ㄧˇ
巳 ㄙˋ
巾 ㄐㄧㄣˍ
干 ㄍㄢˍ
廾 ㄍㄨㄥˇ
弋 ㄧˋ
弓 ㄍㄨㄥˍ
才 ㄘㄞˊ
丑 ㄔㄡˇ
丐 ㄍㄞˋ
不 ㄅㄨˋ/ㄅㄨˊ
中 ㄓㄨㄥˍ/ㄓㄨㄥˋ
丰 ㄈㄥˍ
丹 ㄉㄢˍ
之 ㄓˍ
尹 ㄧㄣˇ
予 ㄩˇ
云 ㄩㄣˊ
井 ㄐㄧㄥˇ
互 ㄏㄨˋ
五 ㄨˇ
亢 ㄎㄤˋ
仁 ㄖㄣˊ
什 ㄕㄜˊ
仃 ㄉㄧㄥˍ
仆 ㄆㄨˍ
仇 ㄔㄡˊ
仍 ㄖㄥˊ
今 ㄐㄧㄣˍ
介 ㄐㄧㄝˋ
仄 ㄗㄜˋ
元 ㄩㄢˊ
允 ㄩㄣˇ
內 ㄋㄟˋ
六 ㄌㄧㄡˋ
兮 ㄒㄧˍ
公 ㄍㄨㄥˍ
冗 ㄖㄨㄥˇ
凶 ㄒㄩㄥˍ
分 ㄈㄣˍ
切 ㄑㄧㄝˋ/ㄑㄧㄝˍ
刈 ㄧˋ
勻 ㄩㄣˊ
勾 ㄍㄡˍ
勿 ㄨˋ
化 ㄏㄨㄚˋ
匹 ㄆㄧˍ
午 ㄨˇ
升 ㄕㄥˍ
卅 ㄙㄚˋ
卞 ㄅㄧㄢˋ
厄 ㄜˋ
友 ㄧㄡˇ
及 ㄐㄧˊ
反 ㄈㄢˇ
壬 ㄖㄣˊ
天 ㄊㄧㄢˍ
夫 ㄈㄨˍ
太 ㄊㄞˋ
夭 ㄧㄠˍ
孔 ㄎㄨㄥˇ
少 ㄕㄠˇ
尤 ㄧㄡˊ
尺 ㄔˇ
屯 ㄊㄨㄣˊ
巴 ㄅㄚˍ
幻 ㄏㄨㄢˋ
廿 ㄋㄧㄢˋ
弔 ㄉㄧㄠˋ
引 ㄧㄣˇ
心 ㄒㄧㄣˍ
戈 ㄍㄜˍ
戶 ㄏㄨˋ
手 ㄕㄡˇ
扎 ㄓㄚˍ
支 ㄓˍ
文 ㄨㄣˊ
斗 ㄉㄡˇ
斤 ㄐㄧㄣˍ
方 ㄈㄤˍ
日 ㄖˋ
曰 ㄩㄝˍ
月 ㄩㄝˋ
木 ㄇㄨˋ
欠 ㄑㄧㄢˋ
止 ㄓˇ
歹 ㄉㄞˇ
毋 ㄨˊ
比 ㄅㄧˇ
毛 ㄇㄠˊ
氏 ㄕˋ
水 ㄕㄨㄟˇ
火 ㄏㄨㄛˇ
爪 ㄓㄨㄚˇ
父 ㄈㄨˋ
爻 ㄧㄠˊ
片 ㄆㄧㄢˋ
牙 ㄧㄚˊ
牛 ㄋㄧㄡˊ
犬 ㄑㄩㄢˇ
王 ㄨㄤˊ
丙 ㄅㄧㄥˇ
世 ㄕˋ
丕 ㄆㄧˍ
且 ㄑㄧㄝˇ
丘 ㄑㄧㄡˍ
主 ㄓㄨˇ
乍 ㄓㄚˋ
乏 ㄈㄚˊ
乎 ㄏㄨˍ
以 ㄧˇ
付 ㄈㄨˋ
仔 ㄗˇ/ㄗㄞˇ
仕 ㄕˋ
他 ㄊㄚˍ
仗 ㄓㄤˋ
代 ㄉㄞˋ
令 ㄌㄧㄥˋ
仙 ㄒㄧㄢˍ
仞 ㄖㄣˋ
充 ㄔㄨㄥˍ
兄 ㄒㄩㄥˍ
冉 ㄖㄢˇ
冊 ㄘㄜˋ
冬 ㄉㄨㄥˍ
凹 ㄠˍ
出 ㄔㄨˍ
凸 ㄊㄨˊ
刊 ㄎㄢˍ
加 ㄐㄧㄚˍ
功 ㄍㄨㄥˍ
包 ㄅㄠˍ
匆 ㄘㄨㄥˍ
北 ㄅㄟˇ
匝 ㄗㄚˍ
仟 ㄑㄧㄢˍ
半 ㄅㄢˋ
卉 ㄏㄨㄟˋ
卡 ㄎㄚˇ
占 ㄓㄢˋ
卯 ㄇㄠˇ
卮 ㄓˍ
去 ㄑㄩˋ
可 ㄎㄜˇ
古 ㄍㄨˇ
右 ㄧㄡˋ
召 ㄓㄠˍ
叮 ㄉㄧㄥˍ
叩 ㄎㄡˋ
叨 ㄉㄠˍ
叼 ㄉㄧㄠˍ
司 ㄙˍ
叵 ㄆㄛˇ
叫 ㄐㄧㄠˋ
另 ㄌㄧㄥˋ
只 ㄓˇ
史 ㄕˇ
叱 ㄔˋ
台 ㄊㄞˊ
句 ㄐㄩˋ
叭 ㄅㄚˍ
叻 ㄌㄜˋ
四 ㄙˋ
囚 ㄑㄧㄡˊ
外 ㄨㄞˋ
央 ㄧㄤˍ
失 ㄕˍ
奴 ㄋㄨˊ
奶 ㄋㄞˇ
孕 ㄩㄣˋ
它 ㄊㄚˍ
尼 ㄋㄧˊ
巨 ㄐㄩˋ
巧 ㄑㄧㄠˇ
左 ㄗㄨㄛˇ
市 ㄕˋ
布 ㄅㄨˋ
平 ㄆㄧㄥˊ
幼 ㄧㄡˋ
弁 ㄅㄧㄢˋ
弘 ㄏㄨㄥˊ
弗 ㄈㄨˊ
必 ㄅㄧˋ
戊 ㄨˋ
打 ㄉㄚˇ
扔 ㄖㄥˍ
扒 ㄆㄚˊ
扑 ㄆㄨˍ
斥 ㄔˋ
旦 ㄉㄢˋ
朮 ㄓㄨˊ
本 ㄅㄣˇ
未 ㄨㄟˋ
末 ㄇㄛˋ
札 ㄓㄚˊ
正 ㄓㄥˋ/ㄓㄥˍ
母 ㄇㄨˇ
民 ㄇㄧㄣˊ
氐 ㄉㄧˍ
永 ㄩㄥˇ
汁 ㄓˍ
汀 ㄊㄧㄥˍ
氾 ㄈㄢˋ
犯 ㄈㄢˋ
玄 ㄒㄩㄢˊ
玉 ㄩˋ
瓜 ㄍㄨㄚˍ
瓦 ㄨㄚˇ
甘 ㄍㄢˍ
生 ㄕㄥˍ
用 ㄩㄥˋ
甩 ㄕㄨㄞˇ
田 ㄊㄧㄢˊ
由 ㄧㄡˊ
甲 ㄐㄧㄚˇ
申 ㄕㄣˍ
疋 ㄆㄧˇ
白 ㄅㄞˊ
皮 ㄆㄧˊ
皿 ㄇㄧㄣˇ
目 ㄇㄨˋ
矛 ㄇㄠˊ
矢 ㄕˇ
石 ㄕˊ
示 ㄕˋ
禾 ㄏㄜˊ
穴 ㄒㄩㄝˋ
立 ㄌㄧˋ
丞 ㄔㄥˊ
丟 ㄉㄧㄡˍ
乒 ㄆㄧㄥˍ
乓 ㄆㄤˍ
乩 ㄐㄧˍ
亙 ㄍㄣˋ
交 ㄐㄧㄠˍ
亦 ㄧˋ
亥 ㄏㄞˋ
仿 ㄈㄤˇ
伉 ㄎㄤˋ
伙 ㄏㄨㄛˇ
伊 ㄧˍ
伕 ㄈㄨˍ
伍 ㄨˇ
伐 ㄈㄚˊ
休 ㄒㄧㄡˍ
伏 ㄈㄨˊ
仲 ㄓㄨㄥˋ
件 ㄐㄧㄢˋ
任 ㄖㄣˋ
仰 ㄧㄤˇ
仳 ㄆㄧˇ
份 ㄈㄣˋ
企 ㄑㄧˋ
伋 ㄐㄧˊ
光 ㄍㄨㄤˍ
兇 ㄒㄩㄥˍ
兆 ㄓㄠˋ
先 ㄒㄧㄢˍ
全 ㄑㄩㄢˊ
共 ㄍㄨㄥˋ/ㄍㄨㄥˍ
再 ㄗㄞˋ
冰 ㄅㄧㄥˍ
列 ㄌㄧㄝˋ
刑 ㄒㄧㄥˊ
划 ㄏㄨㄚˊ
刎 ㄨㄣˇ
刖 ㄩㄝˋ
劣 ㄌㄧㄝˋ
匈 ㄒㄩㄥˍ
匡 ㄎㄨㄤˍ
匠 ㄐㄧㄤˋ
印 ㄧㄣˋ
危 ㄨㄟˊ
吉 ㄐㄧˊ
吏 ㄌㄧˋ
同 ㄊㄨㄥˊ
吊 ㄉㄧㄠˋ
吐 ㄊㄨˇ
吁 ㄒㄩˍ
吋 ㄘㄨㄣˋ
各 ㄍㄜˋ
向 ㄒㄧㄤˋ
名 ㄇㄧㄥˊ
合 ㄏㄜˊ
吃 ㄔˍ
后 ㄏㄡˋ
吆 ㄧㄠˍ
吒 ㄓㄚˋ
因 ㄧㄣˍ
回 ㄏㄨㄟˊ
囝 ㄋㄢˍ
圳 ㄗㄨㄣˋ
地 ㄉㄧˋ/ㄉㄜ˙
在 ㄗㄞˋ
圭 ㄍㄨㄟˍ
圬 ㄨˍ
圯 ㄧˊ
圩 ㄩˊ
夙 ㄙㄨˋ
多 ㄉㄨㄛˍ
夷 ㄧˊ
夸 ㄎㄨㄚˍ
妄 ㄨㄤˋ
奸 ㄐㄧㄢˍ
妃 ㄈㄟˍ
好 ㄏㄠˇ/ㄏㄠˋ
她 ㄊㄚˍ
如 ㄖㄨˊ
妁 ㄕㄨㄛˋ
字 ㄗˋ
存 ㄘㄨㄣˊ
宇 ㄩˇ
守 ㄕㄡˇ
宅 ㄓㄞˊ
安 ㄢˍ
寺 ㄙˋ
尖 ㄐㄧㄢˍ
屹 ㄧˋ
州 ㄓㄡˍ
帆 ㄈㄢˊ
并 ㄅㄧㄥˋ
年 ㄋㄧㄢˊ
式 ㄕˋ
弛 ㄔˊ
忙 ㄇㄤˊ
忖 ㄘㄨㄣˇ
戎 ㄖㄨㄥˊ
戌 ㄒㄩˍ
戍 ㄕㄨˋ
成 ㄔㄥˊ
扣 ㄎㄡˋ
扛 ㄎㄤˊ
托 ㄊㄨㄛˍ
收 ㄕㄡˍ
早 ㄗㄠˇ
旨 ㄓˇ
旬 ㄒㄩㄣˊ
旭 ㄒㄩˋ
曲 ㄑㄩˇ
曳 ㄧˋ
有 ㄧㄡˇ
朽 ㄒㄧㄡˇ
朴 ㄆㄨˊ
朱 ㄓㄨˍ
朵 ㄉㄨㄛˇ
次 ㄘˋ
此 ㄘˇ
死 ㄙˇ
氖 ㄋㄞˇ
汝 ㄖㄨˇ
汗 ㄏㄢˋ
汙 ㄨˍ
江 ㄐㄧㄤˍ
池 ㄔˊ
汐 ㄒㄧˋ
汕 ㄕㄢˋ
污 ㄨˍ
汛 ㄒㄩㄣˋ
汍 ㄨㄢˊ
汎 ㄈㄢˋ
灰 ㄏㄨㄟˍ
牟 ㄇㄡˊ
牝 ㄆㄧㄣˋ
百 ㄅㄞˇ
竹 ㄓㄨˊ
米 ㄇㄧˇ
糸 ㄇㄧˋ
缶 ㄈㄡˇ
羊 ㄧㄤˊ
羽 ㄩˇ
老 ㄌㄠˇ
考 ㄎㄠˇ
而 ㄦˊ
耒 ㄌㄟˇ
耳 ㄦˇ
聿 ㄩˋ
肉 ㄖㄡˋ
肋 ㄌㄜˋ
肌 ㄐㄧˍ
臣 ㄔㄣˊ
自 ㄗˋ
至 ㄓˋ
臼 ㄐㄧㄡˋ
舌 ㄕㄜˊ
舛 ㄔㄨㄢˇ
舟 ㄓㄡˍ
艮 ㄍㄣˇ
色 ㄙㄜˋ
艾 ㄞˋ
虫 ㄔㄨㄥˊ
血 ㄒㄧㄝˇ
行 ㄒㄧㄥˊ/ㄏㄤˊ
衣 ㄧˍ
西 ㄒㄧˍ
阡 ㄑㄧㄢˍ
串 ㄔㄨㄢˋ
亨 ㄏㄥˍ
位 ㄨㄟˋ
住 ㄓㄨˋ
佇 ㄓㄨˋ
佗 ㄊㄨㄛˊ
佞 ㄋㄧㄥˋ
伴 ㄅㄢˋ
佛 ㄈㄛˊ
何 ㄏㄜˊ
估 ㄍㄨˍ
佐 ㄗㄨㄛˇ
佑 ㄧㄡˋ
伽 ㄑㄧㄝˊ
伺 ㄘˋ
伸 ㄕㄣˍ
佃 ㄉㄧㄢˋ
佔 ㄓㄢˋ
似 ㄙˋ
但 ㄉㄢˋ
佣 ㄩㄥˋ
作 ㄗㄨㄛˋ/ㄗㄨㄛˊ
你 ㄋㄧˇ
伯 ㄅㄛˊ
低 ㄉㄧˍ
伶 ㄌㄧㄥˊ
余 ㄩˊ
佝 ㄎㄡˋ
佈 ㄅㄨˋ
佚 ㄧˋ
兌 ㄉㄨㄟˋ
克 ㄎㄜˋ
免 ㄇㄧㄢˇ
兵 ㄅㄧㄥˍ
冶 ㄧㄝˇ
冷 ㄌㄥˇ
別 ㄅㄧㄝˊ
判 ㄆㄢˋ
利 ㄌㄧˋ
刪 ㄕㄢˍ
刨 ㄅㄠˋ
劫 ㄐㄧㄝˊ
助 ㄓㄨˋ
努 ㄋㄨˇ
劬 ㄑㄩˊ
匣 ㄒㄧㄚˊ
即 ㄐㄧˊ
卵 ㄌㄨㄢˇ
吝 ㄌㄧㄣˋ
吭 ㄎㄥˍ
吞 ㄊㄨㄣˍ
吾 ㄨˊ
否 ㄈㄡˇ
呎 ㄔˇ
吧 ㄅㄚ˙
呆 ㄉㄞˍ
呃 ㄜˋ
吳 ㄨˊ
呈 ㄔㄥˊ
呂 ㄌㄩˇ
君 ㄐㄩㄣˍ
吩 ㄈㄣˍ
告 ㄍㄠˋ
吹 ㄔㄨㄟˍ
吻 ㄨㄣˇ
吸 ㄒㄧˍ
吮 ㄕㄨㄣˇ
吵 ㄔㄠˇ
吶 ㄋㄚˋ
吠 ㄈㄟˋ
吼 ㄏㄡˇ
呀 ㄧㄚˍ
吱 ㄓˍ
含 ㄏㄢˊ
吟 ㄧㄣˊ
听 ㄧㄣˇ
囪 ㄘㄨㄥˍ
困 ㄎㄨㄣˋ
囤 ㄊㄨㄣˊ
囫 ㄏㄨˊ
坊 ㄈㄤˊ
坑 ㄎㄥˍ
址 ㄓˇ
坍 ㄊㄢˍ
均 ㄐㄩㄣˍ
坎 ㄎㄢˇ
圾 ㄙㄜˋ
坐 ㄗㄨㄛˋ
坏 ㄏㄨㄞˋ
圻 ㄑㄧˊ
壯 ㄓㄨㄤˋ
夾 ㄐㄧㄚˊ
妝 ㄓㄨㄤˍ
妒 ㄉㄨˋ
妨 ㄈㄤˊ
妞 ㄋㄧㄡˍ
妣 ㄅㄧˇ
妙 ㄇㄧㄠˋ
妖 ㄧㄠˍ
妍 ㄧㄢˊ
妤 ㄩˊ
妓 ㄐㄧˋ
妊 ㄖㄣˋ
妥 ㄊㄨㄛˇ
孝 ㄒㄧㄠˋ
孜 ㄗˍ
孚 ㄈㄨˊ
孛 ㄅㄟˋ
完 ㄨㄢˊ
宋 ㄙㄨㄥˋ
宏 ㄏㄨㄥˊ
尬 ㄍㄚˋ
局 ㄐㄩˊ
屁 ㄆㄧˋ
尿 ㄋㄧㄠˋ
尾 ㄨㄟˇ
岐 ㄑㄧˊ
岑 ㄘㄣˊ
岔 ㄔㄚˋ
岌 ㄐㄧˊ
巫 ㄨˍ
希 ㄒㄧˍ
序 ㄒㄩˋ
庇 ㄅㄧˋ
床 ㄔㄨㄤˊ
廷 ㄊㄧㄥˊ
弄 ㄋㄨㄥˋ
弟 ㄉㄧˋ
彤 ㄊㄨㄥˊ
形 ㄒㄧㄥˊ
彷 ㄈㄤˇ
役 ㄧˋ
忘 ㄨㄤˋ
忌 ㄐㄧˋ
志 ㄓˋ
忍 ㄖㄣˇ
忱 ㄔㄣˊ
快 ㄎㄨㄞˋ
忸 ㄋㄧㄡˇ
忪 ㄓㄨㄥˍ
戒 ㄐㄧㄝˋ
我 ㄨㄛˇ
抄 ㄔㄠˍ
抗 ㄎㄤˋ
抖 ㄉㄡˇ
技 ㄐㄧˋ
扶 ㄈㄨˊ
抉 ㄐㄩㄝˊ
扭 ㄋㄧㄡˇ
把 ㄅㄚˇ
扼 ㄜˋ
找 ㄓㄠˇ
批 ㄆㄧˍ
扳 ㄅㄢˍ
抒 ㄕㄨˍ
扯 ㄔㄜˇ
折 ㄓㄜˊ
扮 ㄅㄢˋ
投 ㄊㄡˊ
抓 ㄓㄨㄚˍ
抑 ㄧˋ
抆 ㄨㄣˋ
改 ㄍㄞˇ
攻 ㄍㄨㄥˍ
攸 ㄧㄡˍ
旱 ㄏㄢˋ
更 ㄍㄥˋ/ㄍㄥˍ
束 ㄕㄨˋ
李 ㄌㄧˇ
杏 ㄒㄧㄥˋ
材 ㄘㄞˊ
村 ㄘㄨㄣˍ
杜 ㄉㄨˋ
杖 ㄓㄤˋ
杞 ㄑㄧˇ
杉 ㄕㄢˍ
杆 ㄍㄢˍ
杠 ㄍㄤˍ
杓 ㄕㄠˊ
杗 ㄇㄤˊ
步 ㄅㄨˋ
每 ㄇㄟˇ
求 ㄑㄧㄡˊ
汞 ㄍㄨㄥˇ
沙 ㄕㄚˍ
沁 ㄑㄧㄣˋ
沈 ㄕㄣˇ
沉 ㄔㄣˊ
沅 ㄩㄢˊ
沛 ㄆㄟˋ
汪 ㄨㄤˍ
決 ㄐㄩㄝˊ
沐 ㄇㄨˋ
汰 ㄊㄞˋ
沌 ㄉㄨㄣˋ
汨 ㄇㄧˋ
沖 ㄔㄨㄥˍ
沒 ㄇㄟˊ
汽 ㄑㄧˋ
沃 ㄨㄛˋ
汲 ㄐㄧˊ
汾 ㄈㄣˊ
汴 ㄅㄧㄢˋ
沆 ㄏㄤˋ
汶 ㄨㄣˋ
沍 ㄏㄨˋ
沔 ㄇㄧㄢˇ
沘 ㄆㄧˊ
沂 ㄧˊ
灶 ㄗㄠˋ
灼 ㄓㄨㄛˊ
災 ㄗㄞˍ
灸 ㄐㄧㄡˇ
牢 ㄌㄠˊ
牡 ㄇㄨˇ
牠 ㄊㄚˍ
狄 ㄉㄧˊ
狂 ㄎㄨㄤˊ
玖 ㄐㄧㄡˇ
甬 ㄩㄥˇ
甫 ㄈㄨˇ
男 ㄋㄢˊ
甸 ㄉㄧㄢˋ
皂 ㄗㄠˋ
盯 ㄉㄧㄥˍ
矣 ㄧˇ
私 ㄙˍ
秀 ㄒㄧㄡˋ
禿 ㄊㄨˍ
究 ㄐㄧㄡˋ
系 ㄒㄧˋ
罕 ㄏㄢˇ
肖 ㄒㄧㄠˋ
肓 ㄏㄨㄤˍ
肝 ㄍㄢˍ
肘 ㄓㄡˇ
肛 ㄍㄤˍ
肚 ㄉㄨˋ
育 ㄩˋ
良 ㄌㄧㄤˊ
芒 ㄇㄤˊ
芋 ㄩˋ
芍 ㄕㄠˊ
見 ㄐㄧㄢˋ
角 ㄐㄧㄠˇ
言 ㄧㄢˊ
谷 ㄍㄨˇ
豆 ㄉㄡˋ
豕 ㄕˇ
貝 ㄅㄟˋ
赤 ㄔˋ
走 ㄗㄡˇ
足 ㄗㄨˊ
身 ㄕㄣˍ
車 ㄔㄜˍ
辛 ㄒㄧㄣˍ
辰 ㄔㄣˊ
迂 ㄩˍ
迆 ㄧˇ
迅 ㄒㄩㄣˋ
迄 ㄑㄧˋ
巡 ㄒㄩㄣˊ
邑 ㄧˋ
邢 ㄒㄧㄥˊ
邪 ㄒㄧㄝˊ
邦 ㄅㄤˍ
那 ㄋㄚˋ
酉 ㄧㄡˇ
釆 ㄅㄧㄢˋ
里 ㄌㄧˇ
防 ㄈㄤˊ
阮 ㄖㄨㄢˇ
阱 ㄐㄧㄥˇ
阪 ㄅㄢˇ
阬 ㄎㄥˍ
並 ㄅㄧㄥˋ
乖 ㄍㄨㄞˍ
乳 ㄖㄨˇ
事 ㄕˋ
些 ㄒㄧㄝˍ
亞 ㄧㄚˇ
享 ㄒㄧㄤˇ
京 ㄐㄧㄥˍ
佯 ㄧㄤˊ
依 ㄧˍ
侍 ㄕˋ
佳 ㄐㄧㄚˍ
使 ㄕˇ
佬 ㄌㄠˇ
供 ㄍㄨㄥˍ/ㄍㄨㄥˋ
例 ㄌㄧˋ
來 ㄌㄞˊ
侃 ㄎㄢˇ
佰 ㄅㄞˇ
併 ㄅㄧㄥˋ
侈 ㄔˇ
佩 ㄆㄟˋ
佻 ㄊㄧㄠˊ
侖 ㄌㄨㄣˊ
佾 ㄧˋ
侏 ㄓㄨˍ
侑 ㄧㄡˋ
佺 ㄑㄩㄢˊ
兔 ㄊㄨˋ
兒 ㄦˊ/ㄦˍ
兕 ㄙˋ
兩 ㄌㄧㄤˇ
具 ㄐㄩˋ
其 ㄑㄧˊ
典 ㄉㄧㄢˇ
冽 ㄌㄧㄝˋ
函 ㄏㄢˊ
刻 ㄎㄜˍ
券 ㄑㄩㄢˋ
刷 ㄕㄨㄚˍ
刺 ㄘˋ
到 ㄉㄠˋ
刮 ㄍㄨㄚˍ
制 ㄓˋ
剁 ㄉㄨㄛˋ
劾 ㄏㄜˊ
劻 ㄎㄨㄤˍ
卒 ㄗㄨˊ
協 ㄒㄧㄝˊ
卓 ㄓㄨㄛˊ
卑 ㄅㄟˍ
卦 ㄍㄨㄚˋ
卷 ㄐㄩㄢˋ
卸 ㄒㄧㄝˋ
卹 ㄒㄩˋ
取 ㄑㄩˇ
叔 ㄕㄨˊ
受 ㄕㄡˋ
味 ㄨㄟˋ
呵 ㄏㄜˍ
咖 ㄎㄚˍ
呸 ㄆㄟˍ
咕 ㄍㄨˍ
咀 ㄐㄩˇ
呻 ㄕㄣˍ
呷 ㄒㄧㄚˊ
咄 ㄉㄨㄛˋ
咒 ㄓㄡˋ
咆 ㄆㄠˊ
呼 ㄏㄨˍ
咐 ㄈㄨˋ
呱 ㄍㄨˍ
呶 ㄋㄠˊ
和 ㄏㄢˋ/ㄏㄜˊ
咚 ㄉㄨㄥˍ
呢 ㄋㄜ˙
周 ㄓㄡˍ
咋 ㄓㄚˋ
命 ㄇㄧㄥˋ
咎 ㄐㄧㄡˋ
固 ㄍㄨˋ
垃 ㄌㄜˋ
坷 ㄎㄜˇ
坪 ㄆㄧㄥˊ
坩 ㄍㄢˍ
坡 ㄆㄛˍ
坦 ㄊㄢˇ
坤 ㄎㄨㄣˍ
坼 ㄔㄜˋ
夜 ㄧㄝˋ
奉 ㄈㄥˋ
奇 ㄑㄧˊ
奈 ㄋㄞˋ
奄 ㄧㄢˍ
奔 ㄅㄣˍ
妾 ㄑㄧㄝˋ
妻 ㄑㄧˍ
委 ㄨㄟˇ
妹 ㄇㄟˋ
妮 ㄋㄧˊ
姑 ㄍㄨˍ
姆 ㄇㄨˇ
姐 ㄐㄧㄝˇ
姍 ㄕㄢˍ
始 ㄕˇ
姓 ㄒㄧㄥˋ
姊 ㄐㄧㄝˇ
妯 ㄓㄡˊ
妳 ㄋㄧˇ
姒 ㄙˋ
姅 ㄅㄢˋ
孟 ㄇㄥˋ
孤 ㄍㄨˍ
季 ㄐㄧˋ
宗 ㄗㄨㄥˍ
定 ㄉㄧㄥˋ
官 ㄍㄨㄢˍ
宜 ㄧˊ
宙 ㄓㄡˋ
宛 ㄨㄢˇ
尚 ㄕㄤˋ
屈 ㄑㄩˍ
居 ㄐㄩˍ
屆 ㄐㄧㄝˋ
岷 ㄇㄧㄣˊ
岡 ㄍㄤˍ
岸 ㄢˋ
岩 ㄧㄢˊ
岫 ㄒㄧㄡˋ
岱 ㄉㄞˋ
岳 ㄩㄝˋ
帘 ㄌㄧㄢˊ
帚 ㄓㄡˇ
帖 ㄊㄧㄝˇ
帕 ㄆㄚˋ
帛 ㄅㄛˊ
帑 ㄊㄤˇ
幸 ㄒㄧㄥˋ
庚 ㄍㄥˍ
店 ㄉㄧㄢˋ
府 ㄈㄨˇ
底 ㄉㄧˇ
庖 ㄆㄠˊ
延 ㄧㄢˊ
弦 ㄒㄧㄢˊ
弧 ㄏㄨˊ
弩 ㄋㄨˇ
往 ㄨㄤˇ
征 ㄓㄥˍ
彿 ㄈㄨˊ
彼 ㄅㄧˇ
忝 ㄊㄧㄢˇ
忠 ㄓㄨㄥˍ
忽 ㄏㄨˍ
念 ㄋㄧㄢˋ
忿 ㄈㄣˋ
怏 ㄧㄤˋ
怔 ㄓㄥˍ
怯 ㄑㄩㄝˋ
怵 ㄔㄨˋ
怖 ㄅㄨˋ
怪 ㄍㄨㄞˋ
怕 ㄆㄚˋ
怡 ㄧˊ
性 ㄒㄧㄥˋ
怩 ㄋㄧˊ
怫 ㄈㄨˊ
怛 ㄉㄚˊ
或 ㄏㄨㄛˋ
戕 ㄑㄧㄤˊ
房 ㄈㄤˊ
戾 ㄌㄧˋ
所 ㄙㄨㄛˇ
承 ㄔㄥˊ
拉 ㄌㄚˍ
拌 ㄅㄢˋ
拄 ㄓㄨˇ
抿 ㄇㄧㄣˇ
拂 ㄈㄨˊ
抹 ㄇㄛˇ
拒 ㄐㄩˋ
招 ㄓㄠˍ
披 ㄆㄧˍ
拓 ㄊㄨㄛˋ
拔 ㄅㄚˊ
拋 ㄆㄠˍ
拈 ㄋㄧㄢˊ
抨 ㄆㄥˍ
抽 ㄔㄡˍ
押 ㄧㄚˍ
拐 ㄍㄨㄞˇ
拙 ㄓㄨㄛˊ
拇 ㄇㄨˇ
拍 ㄆㄞˍ
抵 ㄉㄧˇ
拚 ㄆㄢˋ
抱 ㄅㄠˋ
拘 ㄐㄩˍ
拖 ㄊㄨㄛˍ
拗 ㄋㄧㄡˋ
拆 ㄔㄞˍ
抬 ㄊㄞˊ
拎 ㄌㄧㄥˍ
放 ㄈㄤˋ
斧 ㄈㄨˇ
於 ㄩˊ
旺 ㄨㄤˋ
昔 ㄒㄧˊ
易 ㄧˋ
昌 ㄔㄤˍ
昆 ㄎㄨㄣˍ
昂 ㄤˊ
明 ㄇㄧㄥˊ
昀 ㄩㄣˊ
昏 ㄏㄨㄣˍ
昕 ㄒㄧㄣˍ
昊 ㄏㄠˋ
昇 ㄕㄥˍ
服 ㄈㄨˊ
朋 ㄆㄥˊ
杭 ㄏㄤˊ
枋 ㄈㄤˍ
枕 ㄓㄣˇ
東 ㄉㄨㄥˍ
果 ㄍㄨㄛˇ
杳 ㄧㄠˇ
杷 ㄅㄚ˙
枇 ㄆㄧˊ
枝 ㄓˍ
林 ㄌㄧㄣˊ
杯 ㄅㄟˍ
杰 ㄐㄧㄝˊ
板 ㄅㄢˇ
枉 ㄨㄤˇ
松 ㄙㄨㄥˍ
析 ㄒㄧˍ
杵 ㄔㄨˇ
枚 ㄇㄟˊ
枓 ㄉㄡˇ
杼 ㄓㄨˋ
杪 ㄇㄧㄠˇ
杲 ㄍㄠˇ
欣 ㄒㄧㄣˍ
武 ㄨˇ
歧 ㄑㄧˊ
歿 ㄇㄛˋ
氓 ㄇㄤˊ
氛 ㄈㄣˍ
泣 ㄑㄧˋ
注 ㄓㄨˋ
泳 ㄩㄥˇ
沱 ㄊㄨㄛˊ
泌 ㄇㄧˋ
泥 ㄋㄧˊ
河 ㄏㄜˊ
沽 ㄍㄨˍ
沾 ㄓㄢˍ
沼 ㄓㄠˇ
波 ㄅㄛˍ/ㄆㄛˍ
沫 ㄇㄛˋ
法 ㄈㄚˇ/ㄈㄚˋ
泓 ㄏㄨㄥˊ
沸 ㄈㄟˋ
泄 ㄒㄧㄝˋ
油 ㄧㄡˊ
況 ㄎㄨㄤˋ
沮 ㄐㄩˇ
泗 ㄙˋ
泅 ㄑㄧㄡˊ
泱 ㄧㄤˍ
沿 ㄧㄢˊ
治 ㄓˋ
泡 ㄆㄠˋ
泛 ㄈㄢˋ
泊 ㄅㄛˊ
沬 ㄇㄟˋ
泯 ㄇㄧㄣˇ
泜 ㄓˍ
泖 ㄇㄠˇ
泠 ㄌㄧㄥˊ
炕 ㄎㄤˋ
炎 ㄧㄢˊ
炒 ㄔㄠˇ
炊 ㄔㄨㄟˍ
炙 ㄓˋ
爬 ㄆㄚˊ
爭 ㄓㄥˍ
爸 ㄅㄚˋ
版 ㄅㄢˇ
牧 ㄇㄨˋ
物 ㄨˋ
狀 ㄓㄨㄤˋ
狎 ㄒㄧㄚˊ
狙 ㄐㄩˍ
狗 ㄍㄡˇ
狐 ㄏㄨˊ
玩 ㄨㄢˊ
玨 ㄐㄩㄝˊ
玟 ㄇㄧㄣˊ
玫 ㄇㄟˊ
玥 ㄩㄝˋ
甽 ㄑㄩㄢˇ
疝 ㄕㄢˋ
疙 ㄍㄜˍ
疚 ㄐㄧㄡˋ
的 ㄉㄜ˙
盂 ㄩˊ
盲 ㄇㄤˊ
直 ㄓˊ
知 ㄓˍ
矽 ㄒㄧˋ
社 ㄕㄜˋ
祀 ㄙˋ
祁 ㄑㄧˊ
秉 ㄅㄧㄥˇ
秈 ㄒㄧㄢˍ
空 ㄎㄨㄥˍ/ㄎㄨㄥˋ
穹 ㄑㄩㄥˊ
竺 ㄓㄨˊ
糾 ㄐㄧㄡˍ
罔 ㄨㄤˇ
羌 ㄑㄧㄤˍ
羋 ㄇㄧㄝˍ
者 ㄓㄜˇ
肺 ㄈㄟˋ
肥 ㄈㄟˊ
肢 ㄓˍ
肱 ㄍㄨㄥˍ
股 ㄍㄨˇ
肫 ㄓㄨㄣˍ
肩 ㄐㄧㄢˍ
肴 ㄧㄠˊ
肪 ㄈㄤˊ
肯 ㄎㄣˇ
臥 ㄨㄛˋ
臾 ㄩˊ
舍 ㄕㄜˋ
芳 ㄈㄤˍ
芝 ㄓˍ
芙 ㄈㄨˊ
芭 ㄅㄚˍ
芽 ㄧㄚˊ
芟 ㄕㄢˍ
芹 ㄑㄧㄣˊ
花 ㄏㄨㄚˍ
芬 ㄈㄣˍ
芥 ㄐㄧㄝˋ
芯 ㄒㄧㄣˍ
芸 ㄩㄣˊ
芣 ㄈㄡˊ
芰 ㄐㄧˋ
芾 ㄈㄟˋ
芷 ㄓˇ
虎 ㄏㄨˇ
虱 ㄕˍ
初 ㄔㄨˍ
表 ㄅㄧㄠˇ
軋 ㄍㄚˊ
迎 ㄧㄥˊ
返 ㄈㄢˇ
近 ㄐㄧㄣˋ
邵 ㄕㄠˋ
邸 ㄉㄧˇ
邱 ㄑㄧㄡˍ
邶 ㄅㄟˋ
采 ㄘㄞˇ
金 ㄐㄧㄣˍ
長 ㄔㄤˊ/ㄓㄤˇ
門 ㄇㄣˊ
阜 ㄈㄨˋ
陀 ㄊㄨㄛˊ
阿 ㄚˍ/ㄚˋ
阻 ㄗㄨˇ
附 ㄈㄨˋ
陂 ㄆㄛˍ
隹 ㄓㄨㄟˍ
雨 ㄩˇ
青 ㄑㄧㄥˍ
非 ㄈㄟˍ
亟 ㄐㄧˊ
亭 ㄊㄧㄥˊ
亮 ㄌㄧㄤˋ
信 ㄒㄧㄣˋ
侵 ㄑㄧㄣˍ
侯 ㄏㄡˊ
便 ㄅㄧㄢˋ/ㄆㄧㄢˊ
俠 ㄒㄧㄚˊ
俑 ㄩㄥˇ
俏 ㄑㄧㄠˋ
保 ㄅㄠˇ
促 ㄘㄨˋ
侶 ㄌㄩˇ
俘 ㄈㄨˊ
俟 ㄙˋ
俊 ㄐㄩㄣˋ
俗 ㄙㄨˊ
侮 ㄨˇ
俐 ㄌㄧˋ
俄 ㄜˋ
係 ㄒㄧˋ
俚 ㄌㄧˇ
俎 ㄗㄨˇ
俞 ㄩˊ
侷 ㄐㄩˊ
兗 ㄧㄢˇ
冒 ㄇㄠˋ
冑 ㄓㄡˋ
冠 ㄍㄨㄢˋ
剎 ㄔㄚˋ
剃 ㄊㄧˋ
削 ㄒㄩㄝˋ
前 ㄑㄧㄢˊ
剌 ㄌㄚˋ
剋 ㄎㄜˋ
則 ㄗㄜˊ
勇 ㄩㄥˇ
勉 ㄇㄧㄢˇ
勃 ㄅㄛˊ
勁 ㄐㄧㄣˋ/ㄐㄧㄥˋ
匍 ㄆㄨˊ
南 ㄋㄢˊ
卻 ㄑㄩㄝˋ
厚 ㄏㄡˋ
叛 ㄆㄢˋ
咬 ㄧㄠˇ
哀 ㄞˍ
咨 ㄗˍ
哎 ㄞˍ
哉 ㄗㄞˍ
咸 ㄒㄧㄢˊ
咦 ㄧˊ
咳 ㄎㄜˊ
哇 ㄨㄚˍ
哂 ㄕㄣˇ
咽 ㄧㄢˍ
咪 ㄇㄧˍ
品 ㄆㄧㄣˇ
哄 ㄏㄨㄥˍ
哈 ㄏㄚˍ
咯 ㄍㄜˊ
咫 ㄓˇ
咱 ㄗㄚˊ
咻 ㄒㄧㄡˍ
咩 ㄇㄧㄝˍ
咧 ㄌㄧㄝˍ
咿 ㄧˍ
囿 ㄧㄡˋ
垂 ㄔㄨㄟˊ
型 ㄒㄧㄥˊ
垠 ㄧㄣˊ
垣 ㄩㄢˊ
垢 ㄍㄡˋ
城 ㄔㄥˊ
垮 ㄎㄨㄚˇ
垓 ㄍㄞˍ
奕 ㄧˋ
契 ㄑㄧˋ
奏 ㄗㄡˋ
奎 ㄎㄨㄟˊ
奐 ㄏㄨㄢˋ
姜 ㄐㄧㄤˍ
姘 ㄆㄧㄣˍ
姿 ㄗˍ
姣 ㄐㄧㄠˍ
姨 ㄧˊ
娃 ㄨㄚˊ
姥 ㄌㄠˇ
姪 ㄓˊ
姚 ㄧㄠˊ
姦 ㄐㄧㄢˍ
威 ㄨㄟˍ
姻 ㄧㄣˍ
孩 ㄏㄞˊ
宣 ㄒㄩㄢˍ
宦 ㄏㄨㄢˋ
室 ㄕˋ
客 ㄎㄜˋ
宥 ㄧㄡˋ
封 ㄈㄥˍ
屎 ㄕˇ
屏 ㄆㄧㄥˊ
屍 ㄕˍ
屋 ㄨˍ
峙 ㄓˋ
峒 ㄊㄨㄥˊ
巷 ㄒㄧㄤˋ
帝 ㄉㄧˋ
帥 ㄕㄨㄞˋ
帟 ㄧˋ
幽 ㄧㄡˍ
庠 ㄒㄧㄤˊ
度 ㄉㄨˋ
建 ㄐㄧㄢˋ
弈 ㄧˋ
弭 ㄇㄧˇ
彥 ㄧㄢˋ
很 ㄏㄣˇ
待 ㄉㄞˋ
徊 ㄏㄨㄞˊ
律 ㄌㄩˋ
徇 ㄒㄩㄣˊ
後 ㄏㄡˋ
徉 ㄧㄤˊ
怒 ㄋㄨˋ
思 ㄙˍ
怠 ㄉㄞˋ
急 ㄐㄧˊ
怎 ㄗㄣˇ
怨 ㄩㄢˋ
恍 ㄏㄨㄤˇ
恰 ㄑㄧㄚˋ
恨 ㄏㄣˋ
恢 ㄏㄨㄟˍ
恆 ㄏㄥˊ
恃 ㄕˋ
恬 ㄊㄧㄢˊ
恫 ㄉㄨㄥˋ
恪 ㄎㄜˋ
恤 ㄒㄩˋ
扁 ㄅㄧㄢˇ
拜 ㄅㄞˋ
挖 ㄨㄚˍ
按 ㄢˋ
拼 ㄆㄧㄣˍ
拭 ㄕˋ
持 ㄔˊ
拮 ㄐㄧㄝˊ
拽 ㄧㄝˋ
指 ㄓˇ
拱 ㄍㄨㄥˇ
拷 ㄎㄠˇ
拯 ㄓㄥˇ
括 ㄍㄨㄚˍ
拾 ㄕˊ
拴 ㄕㄨㄢˍ
挑 ㄊㄧㄠˍ
挂 ㄍㄨㄚˋ
政 ㄓㄥˋ
故 ㄍㄨˋ
斫 ㄓㄨㄛˊ
施 ㄕˍ
既 ㄐㄧˋ
春 ㄔㄨㄣˍ
昭 ㄓㄠˍ
映 ㄧㄥˋ
昧 ㄇㄟˋ
是 ㄕˋ
星 ㄒㄧㄥˍ
昨 ㄗㄨㄛˊ
昱 ㄩˋ
昤 ㄌㄧㄥˊ
曷 ㄏㄜˊ
柿 ㄕˋ
染 ㄖㄢˇ
柱 ㄓㄨˋ
柔 ㄖㄡˊ
某 ㄇㄡˇ
柬 ㄐㄧㄢˇ
架 ㄐㄧㄚˋ
枯 ㄎㄨˍ
柵 ㄓㄚˋ
柩 ㄐㄧㄡˋ
柯 ㄎㄜˍ
柄 ㄅㄧㄥˇ
柑 ㄍㄢˍ
枴 ㄍㄨㄞˇ
柚 ㄧㄡˋ
查 ㄔㄚˊ
枸 ㄍㄡˍ
柏 ㄅㄛˊ
柞 ㄗㄨㄛˋ
柳 ㄌㄧㄡˇ
枰 ㄆㄧㄥˊ
柙 ㄒㄧㄚˊ
柢 ㄉㄧˇ
柝 ㄊㄨㄛˋ
柒 ㄑㄧˍ
歪 ㄨㄞˍ
殃 ㄧㄤˍ
殆 ㄉㄞˋ
段 ㄉㄨㄢˋ
毒 ㄉㄨˊ
毗 ㄆㄧˊ
氟 ㄈㄨˊ
泉 ㄑㄩㄢˊ
洋 ㄧㄤˊ
洲 ㄓㄡˍ
洪 ㄏㄨㄥˊ
流 ㄌㄧㄡˊ
津 ㄐㄧㄣˍ
洌 ㄌㄧㄝˋ
洱 ㄦˇ
洞 ㄉㄨㄥˋ
洗 ㄒㄧˇ
活 ㄏㄨㄛˊ
洽 ㄑㄧㄚˋ
派 ㄆㄞˋ
洶 ㄒㄩㄥˍ
洛 ㄌㄨㄛˋ
泵 ㄌㄧㄡˊ
洹 ㄏㄨㄢˊ
洧 ㄨㄟˇ
洸 ㄍㄨㄤˍ
洩 ㄒㄧㄝˋ
洮 ㄧㄠˊ
洵 ㄒㄩㄣˊ
洎 ㄐㄧˋ
洫 ㄒㄩˋ
炫 ㄒㄩㄢˋ
為 ㄨㄟˊ/ㄨㄟˋ
炳 ㄅㄧㄥˇ
炬 ㄐㄩˋ
炯 ㄐㄩㄥˇ
炭 ㄊㄢˋ
炸 ㄓㄚˋ
炮 ㄆㄠˋ
炤 ㄓㄠˋ
爰 ㄩㄢˊ
牲 ㄕㄥˍ
牯 ㄍㄨˇ
牴 ㄉㄧˇ
狩 ㄕㄡˋ
狠 ㄏㄣˇ
狡 ㄐㄧㄠˇ
玷 ㄉㄧㄢˋ
珊 ㄕㄢˍ
玻 ㄅㄛˍ
玲 ㄌㄧㄥˊ
珍 ㄓㄣˍ
珀 ㄆㄛˋ
玳 ㄉㄞˋ
甚 ㄕㄣˋ/ㄕㄜˊ
甭 ㄅㄥˊ
畏 ㄨㄟˋ
界 ㄐㄧㄝˋ
畎 ㄑㄩㄢˇ
畋 ㄊㄧㄢˊ
疫 ㄧˋ
疤 ㄅㄚˍ
疥 ㄐㄧㄝˋ
疢 ㄔㄣˋ
疣 ㄧㄡˊ
癸 ㄍㄨㄟˇ
皆 ㄐㄧㄝˍ
皇 ㄏㄨㄤˊ
皈 ㄍㄨㄟˍ
盈 ㄧㄥˊ
盆 ㄆㄣˊ
盃 ㄅㄟˍ
盅 ㄓㄨㄥˍ
省 ㄕㄥˇ/ㄒㄧㄥˇ
盹 ㄉㄨㄣˋ
相 ㄒㄧㄤˍ/ㄒㄧㄤˋ
眉 ㄇㄟˊ
看 ㄎㄢˋ/ㄎㄢˍ
盾 ㄉㄨㄣˋ
盼 ㄆㄢˋ
眇 ㄇㄧㄠˇ
矜 ㄍㄨㄢˍ
砂 ㄕㄚˍ
研 ㄧㄢˊ
砌 ㄑㄧˋ
砍 ㄎㄢˇ
祆 ㄒㄧㄢˍ
祉 ㄓˇ
祈 ㄑㄧˊ
祇 ㄓˇ
禹 ㄩˇ
禺 ㄩˋ
科 ㄎㄜˍ
秒 ㄇㄧㄠˇ
秋 ㄑㄧㄡˍ
穿 ㄔㄨㄢˍ
突 ㄊㄨˊ
竿 ㄍㄢˍ
竽 ㄩˊ
籽 ㄗˇ
紂 ㄓㄡˋ
紅 ㄏㄨㄥˊ
紀 ㄐㄧˋ
紉 ㄖㄣˋ
紇 ㄏㄜˊ
約 ㄩㄝˍ
紆 ㄩˍ
缸 ㄍㄤˍ
美 ㄇㄟˇ
羿 ㄧˋ
耄 ㄇㄠˋ
耐 ㄋㄞˋ
耍 ㄕㄨㄚˇ
耑 ㄉㄨㄢˍ
耶 ㄧㄝˍ
胖 ㄆㄤˋ
胥 ㄒㄩˍ
胚 ㄆㄟˍ
胃 ㄨㄟˋ
胄 ㄓㄡˋ
背 ㄅㄟˍ/ㄅㄟˋ
胡 ㄏㄨˊ
胛 ㄐㄧㄚˇ
胎 ㄊㄞˍ
胞 ㄅㄠˍ
胤 ㄧㄣˋ
胝 ㄓˍ
致 ㄓˋ
舢 ㄕㄢˍ
苧 ㄓㄨˋ
范 ㄈㄢˋ
茅 ㄇㄠˊ
苣 ㄐㄩˋ
苛 ㄎㄜˍ
苦 ㄎㄨˇ
茄 ㄑㄧㄝˊ
若 ㄖㄨㄛˋ
茂 ㄇㄠˋ
茉 ㄇㄛˋ
苒 ㄖㄢˇ
苗 ㄇㄧㄠˊ
英 ㄧㄥˍ
茁 ㄓㄨㄛˊ
苜 ㄇㄨˋ
苔 ㄊㄞˍ
苑 ㄩㄢˋ
苞 ㄅㄠˍ
苓 ㄌㄧㄥˊ
苟 ㄍㄡˇ
苯 ㄅㄣˇ
茆 ㄇㄠˇ
虐 ㄋㄩㄝˋ
虹 ㄏㄨㄥˊ
虻 ㄇㄥˊ
虺 ㄏㄨㄟˇ
衍 ㄧㄢˇ
衫 ㄕㄢˍ
要 ㄧㄠˋ
觔 ㄐㄧㄣˍ
計 ㄐㄧˋ
訂 ㄉㄧㄥˋ
訃 ㄈㄨˋ
貞 ㄓㄣˍ
負 ㄈㄨˋ
赴 ㄈㄨˋ
赳 ㄐㄧㄡˇ
趴 ㄆㄚˍ
軍 ㄐㄩㄣˍ
軌 ㄍㄨㄟˇ
述 ㄕㄨˋ
迦 ㄐㄧㄚˍ
迢 ㄊㄧㄠˊ
迪 ㄉㄧˊ
迥 ㄐㄩㄥˇ
迭 ㄉㄧㄝˊ
迫 ㄆㄛˋ
迤 ㄧˇ
迨 ㄉㄞˋ
郊 ㄐㄧㄠˍ
郎 ㄌㄤˊ
郁 ㄩˋ
郃 ㄏㄜˊ
酋 ㄑㄧㄡˊ
酊 ㄉㄧㄥˍ
重 ㄓㄨㄥˋ/ㄔㄨㄥˊ
閂 ㄕㄨㄢˍ
限 ㄒㄧㄢˋ
陋 ㄌㄡˋ
陌 ㄇㄛˋ
降 ㄐㄧㄤˋ
面 ㄇㄧㄢˋ
革 ㄍㄜˊ
韋 ㄨㄟˊ
韭 ㄐㄧㄡˇ
音 ㄧㄣˍ
頁 ㄧㄝˋ
風 ㄈㄥˍ
飛 ㄈㄟˍ
食 ㄕˊ
首 ㄕㄡˇ
香 ㄒㄧㄤˍ
乘 ㄔㄥˊ
亳 ㄅㄛˋ
倌 ㄍㄨㄢˍ
倍 ㄅㄟˋ
倣 ㄈㄤˇ
俯 ㄈㄨˇ
倦 ㄐㄩㄢˋ
倥 ㄎㄨㄥˇ
俸 ㄈㄥˋ
倩 ㄑㄧㄢˋ
倖 ㄒㄧㄥˋ
倆 ㄌㄧㄤˇ
值 ㄓˊ
借 ㄐㄧㄝˋ
倚 ㄧˇ
倒 ㄉㄠˇ/ㄉㄠˋ
們 ㄇㄣˊ/ㄇㄣ˙
俺 ㄢˇ
倀 ㄔㄤˍ
倔 ㄐㄩㄝˋ
倨 ㄐㄩˋ
俱 ㄐㄩˋ
倡 ㄔㄤˋ
個 ㄍㄜ˙
候 ㄏㄡˋ
倘 ㄊㄤˇ
俳 ㄆㄞˊ
修 ㄒㄧㄡˍ
倭 ㄨㄛˍ
倪 ㄋㄧˊ
俾 ㄅㄧˋ
倫 ㄌㄨㄣˊ
倉 ㄘㄤˍ
兼 ㄐㄧㄢˍ
冤 ㄩㄢˍ
冥 ㄇㄧㄥˊ
冢 ㄓㄨㄥˇ
凍 ㄉㄨㄥˋ
凌 ㄌㄧㄥˊ
准 ㄓㄨㄣˇ
凋 ㄉㄧㄠˍ
剖 ㄆㄛˇ
剜 ㄨㄢˍ
剔 ㄊㄧˍ
剛 ㄍㄤˍ
剝 ㄅㄛˍ
匪 ㄈㄟˇ
卿 ㄑㄧㄥˍ
原 ㄩㄢˊ
厝 ㄘㄨㄛˋ
叟 ㄙㄡˇ
哨 ㄕㄠˋ
唐 ㄊㄤˊ
唁 ㄧㄢˋ
唷 ㄧㄛˍ
哼 ㄏㄥˍ
哥 ㄍㄜˍ
哲 ㄓㄜˊ
唆 ㄙㄨㄛˍ
哺 ㄅㄨˇ
唔 ㄨˊ
哩 ㄌㄧˇ
哭 ㄎㄨˍ
員 ㄩㄢˊ
唉 ㄞˍ
哮 ㄒㄧㄠˍ
哪 ㄋㄚˇ
哦 ㄛˊ
唧 ㄐㄧˊ
唇 ㄔㄨㄣˊ
哽 ㄍㄥˇ
唏 ㄒㄧˍ
圃 ㄆㄨˇ
圄 ㄩˇ
埂 ㄍㄥˇ
埔 ㄅㄨˇ/ㄆㄨˇ
埋 ㄇㄞˊ
埃 ㄞˍ
堉 ㄩˋ
夏 ㄒㄧㄚˋ
套 ㄊㄠˋ
奘 ㄓㄨㄤˇ
奚 ㄒㄧˍ
娑 ㄙㄨㄛˍ
娘 ㄋㄧㄤˊ
娜 ㄋㄨㄛˊ
娟 ㄐㄩㄢˍ
娛 ㄩˊ
娓 ㄨㄟˇ
姬 ㄐㄧˍ
娠 ㄔㄣˊ
娣 ㄉㄧˋ
娩 ㄨㄢˇ
娥 ㄜˊ
娌 ㄌㄧˇ
娉 ㄆㄧㄥˍ
孫 ㄙㄨㄣˍ
屘 ㄇㄢˇ
宰 ㄗㄞˇ
害 ㄏㄞˋ
家 ㄐㄧㄚˍ
宴 ㄧㄢˋ
宮 ㄍㄨㄥˍ
宵 ㄒㄧㄠˍ
容 ㄖㄨㄥˊ
宸 ㄔㄣˊ
射 ㄕㄜˋ
屑 ㄒㄧㄝˋ
展 ㄓㄢˇ
屐 ㄐㄧˍ
峭 ㄑㄧㄠˋ
峽 ㄒㄧㄚˊ
峻 ㄐㄩㄣˋ
峪 ㄩˋ
峨 ㄜˊ
峰 ㄈㄥˍ
島 ㄉㄠˇ
崁 ㄎㄢˇ
峴 ㄒㄧㄢˋ
差 ㄔㄚˍ/ㄔㄞˍ
席 ㄒㄧˊ
師 ㄕˍ
庫 ㄎㄨˋ
庭 ㄊㄧㄥˊ
座 ㄗㄨㄛˋ
弱 ㄖㄨㄛˋ
徒 ㄊㄨˊ
徑 ㄐㄧㄥˋ
徐 ㄒㄩˊ
恙 ㄧㄤˋ
恣 ㄗˋ
恥 ㄔˇ
恐 ㄎㄨㄥˇ
恕 ㄕㄨˋ
恭 ㄍㄨㄥˍ
恩 ㄣˍ
息 ㄒㄧˊ
悄 ㄑㄧㄠˇ
悟 ㄨˋ
悚 ㄙㄨㄥˇ
悍 ㄏㄢˋ
悔 ㄏㄨㄟˇ
悌 ㄊㄧˋ
悅 ㄩㄝˋ
悖 ㄅㄟˋ
扇 ㄕㄢˋ
拳 ㄑㄩㄢˊ
挈 ㄑㄧㄝˋ
拿 ㄋㄚˊ
捎 ㄕㄠˍ
挾 ㄒㄧㄚˊ
振 ㄓㄣˋ
捕 ㄅㄨˇ
捂 ㄨˇ
捆 ㄎㄨㄣˇ
捏 ㄋㄧㄝˍ
捉 ㄓㄨㄛˍ
挺 ㄊㄧㄥˇ
捐 ㄐㄩㄢˍ
挽 ㄨㄢˇ
挪 ㄋㄨㄛˊ
挫 ㄘㄨㄛˋ
挨 ㄞˍ
捍 ㄏㄢˋ
捌 ㄅㄚˍ
效 ㄒㄧㄠˋ
敉 ㄇㄧˇ
料 ㄌㄧㄠˋ
旁 ㄆㄤˊ
旅 ㄌㄩˇ
時 ㄕˊ
晉 ㄐㄧㄣˋ
晏 ㄧㄢˋ
晃 ㄏㄨㄤˋ
晒 ㄕㄞˋ
晌 ㄕㄤˇ
晅 ㄒㄩㄢˍ
晁 ㄓㄠˍ
書 ㄕㄨˍ
朔 ㄕㄨㄛˋ
朕 ㄓㄣˋ
朗 ㄌㄤˇ
校 ㄒㄧㄠˋ
核 ㄏㄜˊ
案 ㄢˋ
框 ㄎㄨㄤˍ
桓 ㄏㄨㄢˊ
根 ㄍㄣˍ
桂 ㄍㄨㄟˋ
桔 ㄐㄧㄝˊ
栩 ㄒㄩˇ
梳 ㄕㄨˍ
栗 ㄌㄧˋ
桌 ㄓㄨㄛˍ
桑 ㄙㄤˍ
栽 ㄗㄞˍ
柴 ㄔㄞˊ
桐 ㄊㄨㄥˊ
桀 ㄐㄧㄝˊ
格 ㄍㄜˊ
桃 ㄊㄠˊ
株 ㄓㄨˍ
桅 ㄨㄟˊ
栓 ㄕㄨㄢˍ
栘 ㄔˊ
桁 ㄏㄥˊ
殊 ㄕㄨˍ
殉 ㄒㄩㄣˋ
殷 ㄧㄣˍ
氣 ㄑㄧˋ
氧 ㄧㄤˇ
氨 ㄢˍ
氦 ㄏㄞˋ
氤 ㄧㄣˍ
泰 ㄊㄞˋ
浪 ㄌㄤˋ
涕 ㄊㄧˋ
消 ㄒㄧㄠˍ
涇 ㄐㄧㄥˍ
浦 ㄆㄨˇ
浸 ㄐㄧㄣˋ
海 ㄏㄞˇ
浙 ㄓㄜˋ
涓 ㄐㄩㄢˍ
浬 ㄌㄧˇ
涉 ㄕㄜˋ
浮 ㄈㄨˊ
浚 ㄐㄩㄣˋ
浴 ㄩˋ
浩 ㄏㄠˋ
涌 ㄩㄥˇ
涊 ㄋㄧㄢˇ
浹 ㄐㄧㄚˊ
涅 ㄋㄧㄝˋ
浥 ㄧˋ
涔 ㄘㄣˊ
烊 ㄧㄤˊ
烘 ㄏㄨㄥˍ
烤 ㄎㄠˇ
烙 ㄌㄠˋ
烈 ㄌㄧㄝˋ
烏 ㄨˍ
爹 ㄉㄧㄝˍ
特 ㄊㄜˋ
狼 ㄌㄤˊ
狹 ㄒㄧㄚˊ
狽 ㄅㄟˋ
狸 ㄌㄧˊ
狷 ㄐㄩㄢˋ
玆 ㄗˍ
班 ㄅㄢˍ
琉 ㄌㄧㄡˊ
珮 ㄆㄟˋ
珠 ㄓㄨˍ
珪 ㄍㄨㄟˍ
珞 ㄌㄨㄛˋ
畔 ㄆㄢˋ
畝 ㄇㄨˇ
畜 ㄔㄨˋ
畚 ㄅㄣˇ
留 ㄌㄧㄡˊ
疾 ㄐㄧˊ
病 ㄅㄧㄥˋ
症 ㄓㄥˋ
疲 ㄆㄧˊ
疳 ㄍㄢˍ
疽 ㄐㄩˍ
疼 ㄊㄥˊ
疹 ㄓㄣˇ
痂 ㄐㄧㄚˍ
疸 ㄉㄢˇ
皋 ㄍㄠˍ
皰 ㄆㄠˋ
益 ㄧˋ
盍 ㄏㄜˊ
盎 ㄤˋ
眩 ㄒㄩㄢˋ
真 ㄓㄣˍ
眠 ㄇㄧㄢˊ
眨 ㄓㄚˇ
矩 ㄐㄩˇ
砰 ㄆㄥˍ
砧 ㄓㄣˍ
砸 ㄗㄚˊ
砝 ㄈㄚˊ
破 ㄆㄛˋ
砷 ㄕㄣˍ
砥 ㄉㄧˇ
砭 ㄅㄧㄢˍ
砠 ㄑㄩˍ
砟 ㄓㄚˇ
砲 ㄆㄠˋ
祕 ㄇㄧˋ
祐 ㄧㄡˋ
祠 ㄘˊ
祟 ㄙㄨㄟˋ
祖 ㄗㄨˇ
神 ㄕㄣˊ
祝 ㄓㄨˋ
祗 ㄓˍ
祚 ㄗㄨㄛˋ
秤 ㄔㄥˋ
秣 ㄇㄛˋ
秧 ㄧㄤˍ
租 ㄗㄨˍ
秦 ㄑㄧㄣˊ
秩 ㄓˋ
秘 ㄇㄧˋ
窄 ㄓㄞˇ
窈 ㄧㄠˇ
站 ㄓㄢˋ
笆 ㄅㄚˍ
笑 ㄒㄧㄠˋ
粉 ㄈㄣˇ
紡 ㄈㄤˇ
紗 ㄕㄚˍ
紋 ㄨㄣˊ
紊 ㄨㄣˋ
素 ㄙㄨˋ
索 ㄙㄨㄛˇ
純 ㄔㄨㄣˊ
紐 ㄋㄧㄡˇ
紕 ㄆㄧˊ
級 ㄐㄧˊ
紜 ㄩㄣˊ
納 ㄋㄚˋ
紙 ㄓˇ
紛 ㄈㄣˍ
缺 ㄑㄩㄝˍ
罟 ㄍㄨˇ
羔 ㄍㄠˍ
翅 ㄔˋ
翁 ㄨㄥˍ
耆 ㄑㄧˊ
耘 ㄩㄣˊ
耕 ㄍㄥˍ
耙 ㄆㄚˊ
耗 ㄏㄠˋ
耽 ㄉㄢˍ
耿 ㄍㄥˇ
胱 ㄍㄨㄤˍ
脂 ㄓˍ
胰 ㄧˊ
脅 ㄒㄧㄝˊ
胭 ㄧㄢˍ
胴 ㄉㄨㄥˋ
脆 ㄘㄨㄟˋ
胸 ㄒㄩㄥˍ
胳 ㄍㄜˍ
脈 ㄇㄞˋ
能 ㄋㄥˊ
脊 ㄐㄧˇ
胼 ㄆㄧㄢˊ
胯 ㄎㄨㄚˋ
臭 ㄔㄡˋ
臬 ㄋㄧㄝˋ
舀 ㄧㄠˇ
舐 ㄕˋ
航 ㄏㄤˊ
舫 ㄈㄤˇ
舨 ㄅㄢˇ
般 ㄅㄢˍ
芻 ㄔㄨˊ
茫 ㄇㄤˊ
荒 ㄏㄨㄤˍ
荔 ㄌㄧˋ
荊 ㄐㄧㄥˍ
茸 ㄖㄨㄥˊ
荐 ㄐㄧㄢˋ
草 ㄘㄠˇ
茵 ㄧㄣˍ
茴 ㄏㄨㄟˊ
荏 ㄖㄣˇ
茲 ㄗˍ
茹 ㄖㄨˊ
茶 ㄔㄚˊ
茗 ㄇㄧㄥˊ
荀 ㄒㄩㄣˊ
茱 ㄓㄨˍ
茨 ㄘˊ
荃 ㄑㄩㄢˊ
虔 ㄑㄧㄢˊ
蚊 ㄨㄣˊ
蚪 ㄉㄡˇ
蚓 ㄧㄣˇ
蚤 ㄗㄠˇ
蚩 ㄔˍ
蚌 ㄅㄤˋ
蚣 ㄍㄨㄥˍ
蚜 ㄧㄚˊ
衰 ㄕㄨㄞˍ
衷 ㄓㄨㄥˍ
袁 ㄩㄢˊ
袂 ㄇㄟˋ
衽 ㄖㄣˋ
衹 ㄑㄧˊ
記 ㄐㄧˋ
訐 ㄐㄧㄝˊ
討 ㄊㄠˇ
訌 ㄏㄨㄥˊ
訕 ㄕㄢˋ
訊 ㄒㄩㄣˋ
託 ㄊㄨㄛˍ
訓 ㄒㄩㄣˋ
訖 ㄑㄧˋ
訏 ㄒㄩˍ
訑 ㄧˊ
豈 ㄑㄧˇ
豺 ㄔㄞˊ
豹 ㄅㄠˋ
財 ㄘㄞˊ
貢 ㄍㄨㄥˋ
起 ㄑㄧˇ
躬 ㄍㄨㄥˍ
軒 ㄒㄩㄢˍ
軔 ㄖㄣˋ
軏 ㄨˋ
辱 ㄖㄨˇ
送 ㄙㄨㄥˋ
逆 ㄋㄧˋ
迷 ㄇㄧˊ
退 ㄊㄨㄟˋ
迺 ㄋㄞˇ
迴 ㄏㄨㄟˊ
逃 ㄊㄠˊ
追 ㄓㄨㄟˍ
逅 ㄏㄡˋ
迸 ㄅㄥˋ
邕 ㄩㄥˍ
郡 ㄐㄩㄣˋ
郝 ㄏㄠˇ
郢 ㄧㄥˇ
酒 ㄐㄧㄡˇ
配 ㄆㄟˋ
酌 ㄓㄨㄛˊ
釘 ㄉㄧㄥˍ
針 ㄓㄣˍ
釗 ㄓㄠˍ
釜 ㄈㄨˇ
釙 ㄌㄧˋ
閃 ㄕㄢˇ
院 ㄩㄢˋ
陣 ㄓㄣˋ
陡 ㄉㄡˇ
陛 ㄅㄧˋ
陝 ㄒㄧㄚˊ
除 ㄔㄨˊ
陘 ㄒㄧㄥˊ
陞 ㄕㄥˍ
隻 ㄓˍ
飢 ㄐㄧˍ
馬 ㄇㄚˇ
骨 ㄍㄨˇ
高 ㄍㄠˍ
鬥 ㄉㄡˋ
鬲 ㄍㄜˊ
鬼 ㄍㄨㄟˇ
乾 ㄍㄢˍ
偺 ㄗㄚˊ
偽 ㄨㄟˋ
停 ㄊㄧㄥˊ
假 ㄐㄧㄚˇ
偃 ㄧㄢˇ
偌 ㄖㄨㄛˋ
做 ㄗㄨㄛˋ
偉 ㄨㄟˇ
健 ㄐㄧㄢˋ
偶 ㄡˇ
偎 ㄨㄟˍ
偕 ㄐㄧㄝˍ
偵 ㄓㄣˍ
側 ㄘㄜˋ
偷 ㄊㄡˍ
偏 ㄆㄧㄢˍ
倏 ㄕㄨˋ
偯 ㄧˇ
偭 ㄇㄧㄢˇ
兜 ㄉㄡˍ
冕 ㄇㄧㄢˇ
凰 ㄏㄨㄤˊ
剪 ㄐㄧㄢˇ
副 ㄈㄨˋ
勒 ㄌㄜˋ
務 ㄨˋ
勘 ㄎㄢˍ
動 ㄉㄨㄥˋ
匐 ㄈㄨˊ
匏 ㄆㄠˊ
匙 ㄔˊ
匿 ㄋㄧˋ
區 ㄑㄩˍ
匾 ㄅㄧㄢˇ
參 ㄘㄢˍ/ㄕㄣˍ
曼 ㄇㄢˋ
商 ㄕㄤˍ
啪 ㄆㄚˍ
啦 ㄌㄚˍ
啄 ㄓㄨㄛˊ
啞 ㄧㄚˇ
啡 ㄈㄟˍ
啃 ㄎㄣˇ
啊 ㄚ˙
唱 ㄔㄤˋ
啖 ㄉㄢˋ
問 ㄨㄣˋ
啕 ㄊㄠˊ
唯 ㄨㄟˊ
啤 ㄆㄧˊ
唸 ㄋㄧㄢˋ
售 ㄕㄡˋ
啜 ㄔㄨㄛˋ
唬 ㄏㄨˇ
啣 ㄒㄧㄢˊ
唳 ㄌㄧˋ
啁 ㄗㄡˍ
啗 ㄉㄢˋ
圈 ㄑㄩㄢˍ
國 ㄍㄨㄛˊ
圉 ㄩˇ
域 ㄩˋ
堅 ㄐㄧㄢˍ
堊 ㄨˋ
堆 ㄉㄨㄟˍ
埠 ㄅㄨˋ
埤 ㄆㄧˊ/ㄅㄧˋ
基 ㄐㄧˍ
堂 ㄊㄤˊ
堵 ㄉㄨˇ
執 ㄓˊ
培 ㄆㄟˊ
夠 ㄍㄡˋ
奢 ㄕㄜˍ
娶 ㄑㄩˇ
婁 ㄌㄡˊ
婉 ㄨㄢˇ
婦 ㄈㄨˋ
婪 ㄌㄢˊ
婀 ㄜˍ
娼 ㄔㄤˍ
婢 ㄅㄧˋ
婚 ㄏㄨㄣˍ
婆 ㄆㄛˊ
婊 ㄅㄧㄠˇ
孰 ㄕㄨˊ
寇 ㄎㄡˋ
寅 ㄧㄣˊ
寄 ㄐㄧˋ
寂 ㄐㄧˊ
宿 ㄙㄨˋ
密 ㄇㄧˋ
尉 ㄨㄟˋ
專 ㄓㄨㄢˍ
將 ㄐㄧㄤˍ/ㄐㄧㄤˋ
屠 ㄊㄨˊ
屜 ㄒㄧㄝˋ
屝 ㄈㄟˋ
崇 ㄔㄨㄥˊ
崆 ㄎㄨㄥˍ
崎 ㄑㄧˊ
崛 ㄐㄩㄝˊ
崖 ㄧㄞˊ
崢 ㄓㄥˍ
崑 ㄎㄨㄣˍ
崩 ㄅㄥˍ
崔 ㄘㄨㄟˍ
崙 ㄌㄨㄣˊ
崤 ㄧㄠˊ
崧 ㄙㄨㄥˍ
崗 ㄍㄤˍ
巢 ㄔㄠˊ
常 ㄔㄤˊ
帶 ㄉㄞˋ
帳 ㄓㄤˋ
帷 ㄨㄟˊ
康 ㄎㄤˍ
庸 ㄩㄥˍ
庶 ㄕㄨˋ
庵 ㄢˍ
庾 ㄩˇ
張 ㄓㄤˍ
強 ㄑㄧㄤˊ
彗 ㄏㄨㄟˋ
彬 ㄅㄧㄣˍ
彩 ㄘㄞˇ
彫 ㄉㄧㄠˍ
得 ㄉㄜˊ/ㄉㄜ˙/ㄉㄟˇ
徙 ㄒㄧˇ
從 ㄘㄨㄥˊ/ㄗㄨㄥˋ
徘 ㄆㄞˊ
御 ㄩˋ
徠 ㄌㄞˊ
徜 ㄔㄤˊ
恿 ㄩㄥˇ
患 ㄏㄨㄢˋ
悉 ㄒㄧˍ
悠 ㄧㄡˍ
您 ㄋㄧㄣˊ
惋 ㄨㄢˋ
悴 ㄘㄨㄟˋ
惦 ㄉㄧㄢˋ
悽 ㄑㄧˍ
情 ㄑㄧㄥˊ
悻 ㄒㄧㄥˋ
悵 ㄔㄤˋ
惜 ㄒㄧˊ
悼 ㄉㄠˋ
惘 ㄨㄤˇ
惕 ㄊㄧˋ
惆 ㄔㄡˊ
惟 ㄨㄟˊ
悸 ㄐㄧˋ
惚 ㄏㄨˍ
惇 ㄉㄨㄣˍ
戚 ㄑㄧˍ
戛 ㄐㄧㄚˊ
扈 ㄏㄨˋ
掠 ㄌㄩㄝˋ
控 ㄎㄨㄥˋ
捲 ㄐㄩㄢˇ
掖 ㄧˋ
探 ㄊㄢˋ/ㄊㄢˍ
接 ㄐㄧㄝˍ
捷 ㄐㄧㄝˊ
捧 ㄆㄥˇ
掘 ㄐㄩㄝˊ
措 ㄘㄨㄛˋ
捱 ㄞˊ
掩 ㄧㄢˇ
掉 ㄉㄧㄠˋ
掃 ㄙㄠˇ
掛 ㄍㄨㄚˋ
捫 ㄇㄣˊ
推 ㄊㄨㄟˍ
掄 ㄌㄨㄣˊ
授 ㄕㄡˋ
掙 ㄓㄥˍ
採 ㄘㄞˇ
掬 ㄐㄩˊ
排 ㄆㄞˊ
掏 ㄊㄠˍ
掀 ㄒㄧㄢˍ
捻 ㄋㄧㄢˇ
捩 ㄌㄧㄝˋ
捨 ㄕㄜˇ
捺 ㄋㄚˋ
敝 ㄅㄧˋ
敖 ㄠˊ
救 ㄐㄧㄡˋ
教 ㄐㄧㄠˋ/ㄐㄧㄠˍ
敗 ㄅㄞˋ
啟 ㄑㄧˇ
敏 ㄇㄧㄣˇ
敘 ㄒㄩˋ
敕 ㄔˋ
敔 ㄩˇ
斜 ㄒㄧㄝˊ
斛 ㄏㄨˊ
斬 ㄓㄢˇ
族 ㄗㄨˊ
旋 ㄒㄩㄢˊ
旌 ㄐㄧㄥˍ
旎 ㄋㄧˇ
晝 ㄓㄡˋ
晚 ㄨㄢˇ
晤 ㄨˋ
晨 ㄔㄣˊ
晦 ㄏㄨㄟˋ
晞 ㄒㄧˍ
曹 ㄘㄠˊ
勗 ㄒㄩˋ
望 ㄨㄤˋ
梁 ㄌㄧㄤˊ
梯 ㄊㄧˍ
梢 ㄕㄠˍ
梓 ㄗˇ
梵 ㄈㄢˋ
桿 ㄍㄢˇ
桶 ㄊㄨㄥˇ
梱 ㄎㄨㄣˇ
梧 ㄨˊ
梗 ㄍㄥˇ
械 ㄒㄧㄝˋ
梃 ㄊㄧㄥˇ
棄 ㄑㄧˋ
梭 ㄙㄨㄛˍ
梆 ㄅㄤˍ
梅 ㄇㄟˊ
梔 ㄓˍ
條 ㄊㄧㄠˊ
梨 ㄌㄧˊ
梟 ㄒㄧㄠˍ
梡 ㄏㄨㄢˋ
梂 ㄑㄧㄡˊ
欲 ㄩˋ
殺 ㄕㄚˍ
毫 ㄏㄠˊ
毬 ㄑㄧㄡˊ
氫 ㄑㄧㄥˍ
涎 ㄒㄧㄢˊ
涼 ㄌㄧㄤˊ
淳 ㄔㄨㄣˊ
淙 ㄘㄨㄥˊ
液 ㄧˋ
淡 ㄉㄢˋ
淌 ㄊㄤˇ
淤 ㄩˍ
添 ㄊㄧㄢˍ
淺 ㄑㄧㄢˇ
清 ㄑㄧㄥˍ
淇 ㄑㄧˊ
淋 ㄌㄧㄣˊ
涯 ㄧㄚˊ
淑 ㄕㄨˊ
涮 ㄕㄨㄢˋ
淞 ㄙㄨㄥˍ
淹 ㄧㄢˍ
涸 ㄏㄜˊ
混 ㄏㄨㄣˋ/ㄏㄨㄣˇ
淵 ㄩㄢˍ
淅 ㄒㄧˍ
淒 ㄑㄧˍ
渚 ㄓㄨˇ
涵 ㄏㄢˊ
淚 ㄌㄟˋ
淫 ㄧㄣˊ
淘 ㄊㄠˊ
淪 ㄌㄨㄣˊ
深 ㄕㄣˍ
淮 ㄏㄨㄞˊ
淨 ㄐㄧㄥˋ
淆 ㄧㄠˊ
淄 ㄗˍ
涪 ㄈㄨˊ
淬 ㄘㄨㄟˋ
涿 ㄓㄨㄛˍ
淦 ㄍㄢˋ
烹 ㄆㄥˍ
焉 ㄧㄢˍ
焊 ㄏㄢˋ
烽 ㄈㄥˍ
烯 ㄒㄧˍ
爽 ㄕㄨㄤˇ
牽 ㄑㄧㄢˍ
犁 ㄌㄧˊ
猜 ㄘㄞˍ
猛 ㄇㄥˇ
猖 ㄔㄤˍ
猓 ㄍㄨㄛˇ
猙 ㄓㄥˍ
率 ㄌㄩˋ/ㄕㄨㄞˋ
琅 ㄌㄤˊ
琊 ㄧㄝˊ
球 ㄑㄧㄡˊ
理 ㄌㄧˇ
現 ㄒㄧㄢˋ
琍 ㄌㄧˋ
瓠 ㄏㄨˋ
瓶 ㄆㄧㄥˊ
瓷 ㄘˊ
甜 ㄊㄧㄢˊ
產 ㄔㄢˇ
略 ㄌㄩㄝˋ
畦 ㄑㄧˊ
畢 ㄅㄧˋ
異 ㄧˋ
疏 ㄕㄨˍ
痔 ㄓˋ
痕 ㄏㄣˊ
疵 ㄘˍ
痊 ㄑㄩㄢˊ
痍 ㄧˊ
皎 ㄐㄧㄠˇ
盔 ㄎㄨㄟˍ
盒 ㄏㄜˊ
盛 ㄕㄥˋ
眷 ㄐㄩㄢˋ
眾 ㄓㄨㄥˋ
眼 ㄧㄢˇ
眶 ㄎㄨㄤˋ
眸 ㄇㄡˊ
眺 ㄊㄧㄠˋ
硫 ㄌㄧㄡˊ
硃 ㄓㄨˍ
硎 ㄒㄧㄥˊ
祥 ㄒㄧㄤˊ
票 ㄆㄧㄠˋ
祭 ㄐㄧˋ
移 ㄧˊ
窒 ㄓˋ
窕 ㄊㄧㄠˇ
笠 ㄌㄧˋ
笨 ㄅㄣˋ
笛 ㄉㄧˊ
第 ㄉㄧˋ
符 ㄈㄨˊ
笙 ㄕㄥˍ
笞 ㄔˍ
笮 ㄗㄜˊ
粒 ㄌㄧˋ
粗 ㄘㄨˍ
粕 ㄆㄛˋ
絆 ㄅㄢˋ
絃 ㄒㄧㄢˊ
統 ㄊㄨㄥˇ
紮 ㄗㄚˍ
紹 ㄕㄠˋ
紼 ㄈㄨˊ
絀 ㄔㄨˋ
細 ㄒㄧˋ
紳 ㄕㄣˍ
組 ㄗㄨˇ
累 ㄌㄟˋ
終 ㄓㄨㄥˍ
紲 ㄒㄧㄝˋ
紱 ㄈㄨˊ
缽 ㄅㄛˍ
羞 ㄒㄧㄡˍ
羚 ㄌㄧㄥˊ
翌 ㄧˋ
翎 ㄌㄧㄥˊ
習 ㄒㄧˊ
耜 ㄙˋ
聊 ㄌㄧㄠˊ
聆 ㄌㄧㄥˊ
脯 ㄆㄨˊ
脖 ㄅㄛˊ
脣 ㄔㄨㄣˊ
脫 ㄊㄨㄛˍ
脩 ㄒㄧㄡˍ
脰 ㄉㄡˋ
脤 ㄕㄣˋ
舂 ㄔㄨㄥˍ
舵 ㄉㄨㄛˋ
舷 ㄒㄧㄢˊ
舶 ㄅㄛˊ
船 ㄔㄨㄢˊ
莎 ㄕㄚˍ
莞 ㄨㄢˇ
莘 ㄒㄧㄣˍ
荸 ㄅㄛˊ
莢 ㄐㄧㄚˊ
莖 ㄐㄧㄥˍ
莽 ㄇㄤˇ
莫 ㄇㄛˋ
莒 ㄐㄩˇ
莊 ㄓㄨㄤˍ
莓 ㄇㄟˊ
莉 ㄌㄧˋ
莠 ㄧㄡˇ
荷 ㄏㄜˊ
荻 ㄉㄧˊ
荼 ㄊㄨˊ
莆 ㄆㄨˊ
莧 ㄒㄧㄢˋ
處 ㄔㄨˋ/ㄔㄨˇ
彪 ㄅㄧㄠˍ
蛇 ㄕㄜˊ
蛀 ㄓㄨˋ
蚶 ㄏㄢˍ
蛄 ㄍㄨˍ
蚵 ㄎㄜˍ
蛆 ㄑㄩˍ
蛋 ㄉㄢˋ
蚱 ㄓㄚˋ
蚯 ㄑㄧㄡˍ
蛉 ㄌㄧㄥˊ
術 ㄕㄨˋ
袞 ㄍㄨㄣˇ
袈 ㄐㄧㄚˍ
被 ㄅㄟˋ
袒 ㄊㄢˇ
袖 ㄒㄧㄡˋ
袍 ㄆㄠˊ
袋 ㄉㄞˋ
覓 ㄇㄧˋ
規 ㄍㄨㄟˍ
訪 ㄈㄤˇ
訝 ㄧㄚˋ
訣 ㄐㄩㄝˊ
訥 ㄋㄜˋ
許 ㄒㄩˇ
設 ㄕㄜˋ
訟 ㄙㄨㄥˋ
訛 ㄜˊ
訢 ㄒㄧㄣˍ
豉 ㄕˋ
豚 ㄊㄨㄣˊ
販 ㄈㄢˋ
責 ㄗㄜˊ
貫 ㄍㄨㄢˋ
貨 ㄏㄨㄛˋ
貪 ㄊㄢˍ
貧 ㄆㄧㄣˊ
赧 ㄋㄢˇ
赦 ㄕㄜˋ
趾 ㄓˇ
趺 ㄈㄨˍ
軛 ㄜˋ
軟 ㄖㄨㄢˇ
這 ㄓㄜˋ
逍 ㄒㄧㄠˍ
通 ㄊㄨㄥˍ
逗 ㄉㄡˋ
連 ㄌㄧㄢˊ
速 ㄙㄨˋ
逝 ㄕˋ
逐 ㄓㄨˊ
逕 ㄐㄧㄥˋ
逞 ㄔㄥˇ
造 ㄗㄠˋ
透 ㄊㄡˋ
逢 ㄈㄥˊ
逖 ㄊㄧˋ
逛 ㄍㄨㄤˋ
途 ㄊㄨˊ
部 ㄅㄨˋ
郭 ㄍㄨㄛˍ
都 ㄉㄡˍ/ㄉㄨˍ
酗 ㄒㄩˋ
野 ㄧㄝˇ
釵 ㄔㄞˍ
釦 ㄎㄡˋ
釣 ㄉㄧㄠˋ
釧 ㄔㄨㄢˋ
釭 ㄍㄤˍ
釩 ㄈㄢˊ
閉 ㄅㄧˋ
陪 ㄆㄟˊ
陵 ㄌㄧㄥˊ
陳 ㄔㄣˊ
陸 ㄌㄨˋ
陰 ㄧㄣˍ
陴 ㄆㄧˊ
陶 ㄊㄠˊ
陷 ㄒㄧㄢˋ
陬 ㄗㄡˍ
雀 ㄑㄩㄝˋ
雪 ㄒㄩㄝˇ
雩 ㄩˊ
章 ㄓㄤˍ
竟 ㄐㄧㄥˋ
頂 ㄉㄧㄥˇ
頃 ㄑㄧㄥˇ
魚 ㄩˊ
鳥 ㄋㄧㄠˇ
鹵 ㄌㄨˇ
鹿 ㄌㄨˋ
麥 ㄇㄞˋ
麻 ㄇㄚˊ
傢 ㄐㄧㄚˍ
傍 ㄅㄤˋ
傅 ㄈㄨˋ
備 ㄅㄟˋ
傑 ㄐㄧㄝˊ
傀 ㄎㄨㄟˇ
傖 ㄘㄤˍ
傘 ㄙㄢˇ
傚 ㄒㄧㄠˋ
最 ㄗㄨㄟˋ
凱 ㄎㄞˇ
割 ㄍㄜˍ
剴 ㄎㄞˇ
創 ㄔㄨㄤˋ
剩 ㄕㄥˋ
勞 ㄌㄠˊ
勝 ㄕㄥˋ
勛 ㄒㄩㄣˍ
博 ㄅㄛˊ
厥 ㄐㄩㄝˊ
啻 ㄔˋ
喀 ㄎㄜˋ
喧 ㄒㄩㄢˍ
啼 ㄊㄧˊ
喊 ㄏㄢˇ
喝 ㄏㄜˍ
喘 ㄔㄨㄢˇ
喂 ㄨㄟˋ
喜 ㄒㄧˇ
喪 ㄙㄤˋ
喔 ㄛˍ
喇 ㄌㄚˇ
喋 ㄉㄧㄝˊ
喃 ㄋㄢˊ
喳 ㄓㄚˍ
單 ㄉㄢˍ
喟 ㄎㄨㄟˋ
唾 ㄊㄨㄛˋ
喲 ㄧㄠˍ
喚 ㄏㄨㄢˋ
喻 ㄩˋ
喬 ㄑㄧㄠˊ
喱 ㄌㄧˊ
啾 ㄐㄧㄡˍ
喉 ㄏㄡˊ
喫 ㄔˍ
喙 ㄏㄨㄟˋ
圍 ㄨㄟˊ
堯 ㄧㄠˊ
堪 ㄎㄢˍ
場 ㄔㄤˇ/ㄔㄤˊ
堤 ㄊㄧˊ
堰 ㄧㄢˋ
報 ㄅㄠˋ
堡 ㄅㄠˇ
堝 ㄍㄨㄛˍ
堠 ㄏㄡˋ
壹 ㄧˍ
壺 ㄏㄨˊ
奠 ㄉㄧㄢˋ
婷 ㄊㄧㄥˊ
媚 ㄇㄟˋ
婿 ㄒㄩˋ
媒 ㄇㄟˊ
媛 ㄩㄢˊ
媧 ㄨㄚˍ
孳 ㄗˍ
孱 ㄔㄢˊ
寒 ㄏㄢˊ
富 ㄈㄨˋ
寓 ㄩˋ
寐 ㄇㄟˋ
尊 ㄗㄨㄣˍ
尋 ㄒㄩㄣˊ
就 ㄐㄧㄡˋ
嵌 ㄑㄧㄢˍ
嵐 ㄌㄢˊ
崴 ㄨㄟˍ
嵇 ㄐㄧˍ
巽 ㄒㄩㄣˋ
幅 ㄈㄨˊ
帽 ㄇㄠˋ
幀 ㄓㄥˋ
幃 ㄨㄟˊ
幾 ㄐㄧˇ/ㄐㄧˍ
廊 ㄌㄤˊ
廁 ㄘㄜˋ
廂 ㄒㄧㄤˍ
廄 ㄐㄧㄡˋ
弼 ㄅㄧˋ
彭 ㄆㄥˊ
復 ㄈㄨˋ
循 ㄒㄩㄣˊ
徨 ㄏㄨㄤˊ
惑 ㄏㄨㄛˋ
惡 ㄜˋ
悲 ㄅㄟˍ
悶 ㄇㄣˋ
惠 ㄏㄨㄟˋ
愜 ㄑㄧㄝˋ
愣 ㄌㄥˋ
惺 ㄒㄧㄥˍ
愕 ㄜˋ
惰 ㄉㄨㄛˋ
惻 ㄘㄜˋ
惴 ㄓㄨㄟˋ
慨 ㄎㄞˇ
惱 ㄋㄠˇ
愎 ㄅㄧˋ
惶 ㄏㄨㄤˊ
愉 ㄩˊ
愀 ㄑㄧㄠˇ
愒 ㄑㄧˋ
戟 ㄐㄧˇ
扉 ㄈㄟˍ
掣 ㄔㄜˋ
掌 ㄓㄤˇ
描 ㄇㄧㄠˊ
揀 ㄐㄧㄢˇ
揩 ㄎㄞˍ
揉 ㄖㄡˊ
揆 ㄎㄨㄟˊ
揍 ㄗㄡˋ
插 ㄔㄚˍ
揣 ㄔㄨㄞˇ
提 ㄊㄧˊ
握 ㄨㄛˋ
揖 ㄧˍ
揭 ㄐㄧㄝˍ
揮 ㄏㄨㄟˍ
捶 ㄔㄨㄟˊ
援 ㄩㄢˊ
揪 ㄐㄧㄡˍ
換 ㄏㄨㄢˋ
摒 ㄅㄧㄥˋ
揚 ㄧㄤˊ
揹 ㄅㄟˍ
敞 ㄔㄤˇ
敦 ㄉㄨㄣˍ
敢 ㄍㄢˇ
散 ㄙㄢˋ
斑 ㄅㄢˍ
斐 ㄈㄟˇ
斯 ㄙˍ
普 ㄆㄨˇ
晰 ㄒㄧˍ
晴 ㄑㄧㄥˊ
晶 ㄐㄧㄥˍ
景 ㄐㄧㄥˇ
暑 ㄕㄨˇ
智 ㄓˋ
晾 ㄌㄧㄤˋ
晷 ㄍㄨㄟˇ
曾 ㄘㄥˊ
替 ㄊㄧˋ
期 ㄑㄧˊ
朝 ㄔㄠˊ/ㄓㄠˍ
棺 ㄍㄨㄢˍ
棕 ㄗㄨㄥˍ
棠 ㄊㄤˊ
棘 ㄐㄧˊ
棗 ㄗㄠˇ
椅 ㄧˇ
棟 ㄉㄨㄥˋ
棵 ㄎㄜˍ
森 ㄙㄣˍ
棧 ㄓㄢˋ
棹 ㄓㄠˋ
棒 ㄅㄤˋ
棲 ㄑㄧˍ
棣 ㄉㄧˋ
棋 ㄑㄧˊ
棍 ㄍㄨㄣˋ
植 ㄓˊ
椒 ㄐㄧㄠˍ
椎 ㄓㄨㄟˍ
棉 ㄇㄧㄢˊ
棚 ㄆㄥˊ
楮 ㄔㄨˇ
棻 ㄈㄣˍ
款 ㄎㄨㄢˇ
欺 ㄑㄧˍ
欽 ㄑㄧㄣˍ
殘 ㄘㄢˊ
殖 ㄓˊ
殼 ㄎㄜˊ
毯 ㄊㄢˇ
氮 ㄉㄢˋ
氯 ㄌㄨˋ
氬 ㄧㄚˋ
港 ㄍㄤˇ
游 ㄧㄡˊ
湔 ㄐㄧㄢˍ
渡 ㄉㄨˋ
渲 ㄒㄩㄢˋ
湧 ㄩㄥˇ
湊 ㄘㄡˋ
渠 ㄑㄩˊ
渥 ㄨㄛˋ
渣 ㄓㄚˍ
減 ㄐㄧㄢˇ
湛 ㄓㄢˋ
湘 ㄒㄧㄤˍ
渤 ㄅㄛˊ
湖 ㄏㄨˊ
湮 ㄧㄢˍ
渭 ㄨㄟˋ
渦 ㄨㄛˍ
湯 ㄊㄤˍ
渴 ㄎㄜˇ
湍 ㄊㄨㄢˍ
渺 ㄇㄧㄠˇ
測 ㄘㄜˋ
湃 ㄆㄞˋ
渝 ㄩˊ
渾 ㄏㄨㄣˊ
滋 ㄗˍ
溉 ㄍㄞˋ
渙 ㄏㄨㄢˋ
湎 ㄇㄧㄢˇ
湣 ㄇㄧㄣˇ
湄 ㄇㄟˊ
湲 ㄩㄢˊ
湩 ㄓㄨㄥˋ
湟 ㄏㄨㄤˊ
焙 ㄅㄟˋ
焚 ㄈㄣˊ
焦 ㄐㄧㄠˍ
焰 ㄧㄢˋ
無 ㄨˊ
然 ㄖㄢˊ
煮 ㄓㄨˇ
焜 ㄎㄨㄣˍ
牌 ㄆㄞˊ
犄 ㄐㄧˍ
犀 ㄒㄧˍ
猶 ㄧㄡˊ
猥 ㄨㄟˇ
猴 ㄏㄡˊ
猩 ㄒㄧㄥˍ
琺 ㄈㄚˋ
琪 ㄑㄧˊ
琳 ㄌㄧㄣˊ
琢 ㄓㄨㄛˊ
琥 ㄏㄨˇ
琵 ㄆㄧˊ
琶 ㄆㄚˊ
琴 ㄑㄧㄣˊ
琯 ㄍㄨㄢˇ
琛 ㄔㄣˍ
琦 ㄑㄧˊ
琨 ㄎㄨㄣˍ
甥 ㄕㄥˍ
甦 ㄙㄨˍ
畫 ㄏㄨㄚˋ
番 ㄈㄢˍ
痢 ㄌㄧˋ
痛 ㄊㄨㄥˋ
痣 ㄓˋ
痙 ㄐㄧㄥˋ
痘 ㄉㄡˋ
痞 ㄆㄧˇ
痠 ㄙㄨㄢˍ
登 ㄉㄥˍ
發 ㄈㄚˍ
皖 ㄨㄢˇ
皓 ㄏㄠˋ
皴 ㄘㄨㄣˍ
盜 ㄉㄠˋ
睏 ㄎㄨㄣˋ
短 ㄉㄨㄢˇ
硝 ㄒㄧㄠˍ
硬 ㄧㄥˋ
硯 ㄧㄢˋ
稍 ㄕㄠˍ
稈 ㄍㄢˇ
程 ㄔㄥˊ
稅 ㄕㄨㄟˋ
稀 ㄒㄧˍ
窘 ㄐㄩㄥˇ
窗 ㄔㄨㄤˍ
窖 ㄐㄧㄠˋ
童 ㄊㄨㄥˊ
竣 ㄐㄩㄣˋ
等 ㄉㄥˇ
策 ㄘㄜˋ
筆 ㄅㄧˇ
筐 ㄎㄨㄤˍ
筒 ㄊㄨㄥˇ
答 ㄉㄚˊ
筍 ㄙㄨㄣˇ
筋 ㄐㄧㄣˍ
筏 ㄈㄚˊ
筑 ㄓㄨˊ
粟 ㄙㄨˋ
粥 ㄓㄡˍ
絞 ㄐㄧㄠˇ
結 ㄐㄧㄝˊ/ㄐㄧㄝˍ
絨 ㄖㄨㄥˊ
絕 ㄐㄩㄝˊ
紫 ㄗˇ
絮 ㄒㄩˋ
絲 ㄙˍ
絡 ㄌㄨㄛˋ
給 ㄍㄟˇ
絢 ㄒㄩㄢˋ
絰 ㄉㄧㄝˊ
絳 ㄐㄧㄤˋ
善 ㄕㄢˋ
翔 ㄒㄧㄤˊ
翕 ㄒㄧˋ
耋 ㄉㄧㄝˊ
聒 ㄍㄨㄚˍ
肅 ㄙㄨˋ
腕 ㄨㄢˋ
腔 ㄑㄧㄤˍ
腋 ㄧㄝˋ
腑 ㄈㄨˇ
腎 ㄕㄣˋ
脹 ㄓㄤˋ
腆 ㄊㄧㄢˇ
脾 ㄆㄧˊ
腌 ㄧㄢˍ
腓 ㄈㄟˊ
腴 ㄩˊ
舒 ㄕㄨˍ
舜 ㄕㄨㄣˋ
菩 ㄆㄨˊ
萃 ㄘㄨㄟˋ
菸 ㄧㄢˍ
萍 ㄆㄧㄥˊ
菠 ㄅㄛˍ
菅 ㄐㄧㄢˍ
萋 ㄑㄧˍ
菁 ㄐㄧㄥˍ
華 ㄏㄨㄚˊ
菱 ㄌㄧㄥˊ
菴 ㄢˍ
著 ㄓㄜ˙/ㄓㄨㄛˊ/ㄓㄠˊ
萊 ㄌㄞˊ
菰 ㄍㄨˍ
萌 ㄇㄥˊ
菌 ㄐㄩㄣˋ
菽 ㄕㄨˊ
菲 ㄈㄟˍ
菊 ㄐㄩˊ
萸 ㄩˊ
萎 ㄨㄟˇ
萄 ㄊㄠˊ
菜 ㄘㄞˋ
萇 ㄔㄤˊ
菔 ㄈㄨˊ
菟 ㄊㄨˋ
虛 ㄒㄩˍ
蛟 ㄐㄧㄠˍ
蛙 ㄨㄚˍ
蛭 ㄓˋ
蛔 ㄏㄨㄟˊ
蛛 ㄓㄨˍ
蛤 ㄍㄜˊ
蛐 ㄑㄩˍ
蛞 ㄎㄨㄛˋ
街 ㄐㄧㄝˍ
裁 ㄘㄞˊ
裂 ㄌㄧㄝˋ
袱 ㄈㄨˊ
覃 ㄊㄢˊ
視 ㄕˋ
註 ㄓㄨˋ
詠 ㄩㄥˇ
評 ㄆㄧㄥˊ
詞 ㄘˊ
証 ㄓㄥˋ
詁 ㄍㄨˇ
詔 ㄓㄠˋ
詛 ㄗㄨˇ
詐 ㄓㄚˋ
詆 ㄉㄧˇ
訴 ㄙㄨˋ
診 ㄓㄣˇ
訶 ㄏㄜˍ
詖 ㄅㄧˋ
象 ㄒㄧㄤˋ
貂 ㄉㄧㄠˍ
貯 ㄓㄨˇ
貼 ㄊㄧㄝˍ
貳 ㄦˋ
貽 ㄧˊ
賁 ㄅㄣˍ
費 ㄈㄟˋ
賀 ㄏㄜˋ
貴 ㄍㄨㄟˋ
買 ㄇㄞˇ
貶 ㄅㄧㄢˇ
貿 ㄇㄠˋ
貸 ㄉㄞˋ
越 ㄩㄝˋ
超 ㄔㄠˍ
趁 ㄔㄣˋ
跎 ㄊㄨㄛˊ
距 ㄐㄩˋ
跋 ㄅㄚˊ
跚 ㄕㄢˍ
跑 ㄆㄠˇ
跌 ㄉㄧㄝˊ
跛 ㄅㄛˇ
跆 ㄊㄞˊ
軻 ㄎㄜˍ
軸 ㄓㄡˊ
軼 ㄧˋ
辜 ㄍㄨˍ
逮 ㄉㄞˇ
逵 ㄎㄨㄟˊ
週 ㄓㄡˍ
逸 ㄧˋ
進 ㄐㄧㄣˋ
逶 ㄨㄟˍ
鄂 ㄜˋ
郵 ㄧㄡˊ
鄉 ㄒㄧㄤˍ
郾 ㄧㄢˇ
酣 ㄏㄢˍ
酥 ㄙㄨˍ
量 ㄌㄧㄤˋ
鈔 ㄔㄠˍ
鈕 ㄋㄧㄡˇ
鈣 ㄍㄞˋ
鈉 ㄋㄚˋ
鈞 ㄐㄩㄣˍ
鈍 ㄉㄨㄣˋ
鈐 ㄑㄧㄢˊ
鈇 ㄈㄨˍ
鈑 ㄅㄢˇ
閔 ㄇㄧㄣˇ
閏 ㄖㄨㄣˋ
開 ㄎㄞˍ
閑 ㄒㄧㄢˊ
間 ㄐㄧㄢˍ
閒 ㄐㄧㄢˋ/ㄒㄧㄢˊ
閎 ㄏㄨㄥˊ
隊 ㄉㄨㄟˋ
階 ㄐㄧㄝˍ
隋 ㄙㄨㄟˊ
陽 ㄧㄤˊ
隅 ㄩˊ
隆 ㄌㄨㄥˊ
隍 ㄏㄨㄤˊ
陲 ㄔㄨㄟˊ
隄 ㄉㄧˍ
雁 ㄧㄢˋ
雅 ㄧㄚˇ
雄 ㄒㄩㄥˊ
集 ㄐㄧˊ
雇 ㄍㄨˋ
雯 ㄨㄣˊ
雲 ㄩㄣˊ
韌 ㄖㄣˋ
項 ㄒㄧㄤˋ
順 ㄕㄨㄣˋ
須 ㄒㄩˍ
飧 ㄙㄨㄣˍ
飪 ㄖㄣˋ
飯 ㄈㄢˋ
飩 ㄊㄨㄣˊ
飲 ㄧㄣˇ
飭 ㄔˋ
馮 ㄈㄥˊ
馭 ㄩˋ
黃 ㄏㄨㄤˊ
黍 ㄕㄨˇ
黑 ㄏㄟˍ
亂 ㄌㄨㄢˋ
傭 ㄩㄥˍ
債 ㄓㄞˋ
傲 ㄠˋ
傳 ㄔㄨㄢˊ/ㄓㄨㄢˋ
僅 ㄐㄧㄣˇ
傾 ㄑㄧㄥˍ
催 ㄘㄨㄟˍ
傷 ㄕㄤˍ
傻 ㄕㄚˇ
傯 ㄗㄨㄥˇ
僇 ㄌㄨˋ
剿 ㄔㄠˍ
剷 ㄔㄢˇ
剽 ㄆㄧㄠˋ
募 ㄇㄨˋ
勦 ㄐㄧㄠˇ
勤 ㄑㄧㄣˊ
勢 ㄕˋ
勣 ㄐㄧˍ
匯 ㄏㄨㄟˋ
嗟 ㄐㄧㄝˍ
嗨 ㄏㄞˋ
嗓 ㄙㄤˇ
嗦 ㄙㄨㄛˍ
嗎 ㄇㄚ˙
嗜 ㄕˋ
嗇 ㄙㄜˋ
嗑 ㄎㄜˋ
嗣 ㄙˋ
嗤 ㄔˍ
嗯 ㄣˍ
嗚 ㄨˍ
嗡 ㄨㄥˍ
嗅 ㄒㄧㄡˋ
嗆 ㄑㄧㄤˋ
嗥 ㄏㄠˊ
嗉 ㄙㄨˋ
園 ㄩㄢˊ
圓 ㄩㄢˊ
塞 ㄙㄞˋ/ㄙㄜˋ
塑 ㄙㄨˋ
塘 ㄊㄤˊ
塗 ㄊㄨˊ
塚 ㄓㄨㄥˇ
塔 ㄊㄚˇ
填 ㄊㄧㄢˊ
塌 ㄊㄚˍ
塭 ㄨㄣˍ
塊 ㄎㄨㄞˋ
塢 ㄨˋ
塒 ㄕˊ
塋 ㄧㄥˊ
奧 ㄠˋ
嫁 ㄐㄧㄚˋ
嫉 ㄐㄧˊ
嫌 ㄒㄧㄢˊ
媾 ㄍㄡˋ
媽 ㄇㄚˍ
媼 ㄠˇ
媳 ㄒㄧˊ
嫂 ㄙㄠˇ
媲 ㄆㄧˋ
嵩 ㄙㄨㄥˍ
嵯 ㄘㄨㄛˊ
幌 ㄏㄨㄤˇ
幹 ㄍㄢˋ
廉 ㄌㄧㄢˊ
廈 ㄒㄧㄚˋ
弒 ㄕˋ
彙 ㄏㄨㄟˋ
徬 ㄆㄤˊ
微 ㄨㄟˊ
愚 ㄩˊ
意 ㄧˋ
慈 ㄘˊ
感 ㄍㄢˇ
想 ㄒㄧㄤˇ
愛 ㄞˋ
惹 ㄖㄜˇ
愁 ㄔㄡˊ
愈 ㄩˋ
慎 ㄕㄣˋ
慌 ㄏㄨㄤˍ
慄 ㄌㄧˋ
慍 ㄩㄣˋ
愾 ㄎㄞˋ
愴 ㄔㄨㄤˋ
愧 ㄎㄨㄟˋ
愍 ㄇㄧㄣˇ
愆 ㄑㄧㄢˍ
愷 ㄎㄞˇ
戡 ㄎㄢˍ
戢 ㄐㄧˊ
搓 ㄘㄨㄛˍ
搾 ㄓㄚˋ
搞 ㄍㄠˇ
搪 ㄊㄤˊ
搭 ㄉㄚˍ
搽 ㄘㄚˍ
搬 ㄅㄢˍ
搏 ㄅㄛˊ
搜 ㄙㄡˍ
搔 ㄙㄠˍ
損 ㄙㄨㄣˇ
搶 ㄑㄧㄤˇ
搖 ㄧㄠˊ
搗 ㄉㄠˇ
搆 ㄍㄡˋ
敬 ㄐㄧㄥˋ
斟 ㄓㄣˍ
新 ㄒㄧㄣˍ
暗 ㄢˋ
暉 ㄏㄨㄟˍ
暇 ㄒㄧㄚˊ
暈 ㄩㄣˍ
暖 ㄋㄨㄢˇ
暄 ㄒㄩㄢˍ
暘 ㄧㄤˊ
暍 ㄏㄜˋ
會 ㄏㄨㄟˋ
榔 ㄌㄤˊ
業 ㄧㄝˋ
楚 ㄔㄨˇ
楷 ㄎㄞˇ
楠 ㄋㄢˊ
楔 ㄒㄧㄝˋ
極 ㄐㄧˊ
椰 ㄧㄝˊ
概 ㄍㄞˋ
楊 ㄧㄤˊ
楨 ㄓㄣˍ
楫 ㄐㄧˊ
楞 ㄌㄥˋ
楓 ㄈㄥˍ
楹 ㄧㄥˊ
榆 ㄩˊ
楝 ㄌㄧㄢˋ
楣 ㄇㄟˊ
楛 ㄏㄨˋ
歇 ㄒㄧㄝˍ
歲 ㄙㄨㄟˋ
毀 ㄏㄨㄟˇ
殿 ㄉㄧㄢˋ
毓 ㄩˋ
毽 ㄐㄧㄢˋ
溢 ㄧˋ
溯 ㄙㄨˋ
滓 ㄗˇ
溶 ㄖㄨㄥˊ
滂 ㄆㄤˍ
源 ㄩㄢˊ
溝 ㄍㄡˍ
滇 ㄉㄧㄢˍ
滅 ㄇㄧㄝˋ
溥 ㄆㄨˇ
溘 ㄎㄜˋ
溼 ㄕˍ
溺 ㄋㄧˋ
溫 ㄨㄣˍ
滑 ㄏㄨㄚˊ
準 ㄓㄨㄣˇ
溜 ㄌㄧㄡˍ
滄 ㄘㄤˍ
滔 ㄊㄠˍ
溪 ㄒㄧˍ
溧 ㄌㄧˋ
溴 ㄔㄡˋ
煎 ㄐㄧㄢˍ
煙 ㄧㄢˍ
煩 ㄈㄢˊ
煤 ㄇㄟˊ
煉 ㄌㄧㄢˋ
照 ㄓㄠˋ
煜 ㄩˋ
煬 ㄧㄤˊ
煦 ㄒㄩˇ
煌 ㄏㄨㄤˊ
煥 ㄏㄨㄢˋ
煞 ㄕㄚˋ
煆 ㄧㄚˍ
煨 ㄨㄟˍ
煖 ㄋㄨㄢˇ
爺 ㄧㄝˊ
牒 ㄉㄧㄝˊ
猷 ㄧㄡˊ
獅 ㄕˍ
猿 ㄩㄢˊ
猾 ㄏㄨㄚˊ
瑯 ㄌㄤˊ
瑚 ㄏㄨˊ
瑕 ㄒㄧㄚˊ
瑟 ㄙㄜˋ
瑞 ㄖㄨㄟˋ
瑁 ㄇㄠˋ
琿 ㄏㄨㄣˊ
瑙 ㄋㄠˇ
瑛 ㄧㄥˍ
瑜 ㄩˊ
當 ㄉㄤˍ/ㄉㄤˋ
畸 ㄐㄧˍ
瘀 ㄩˍ
痰 ㄊㄢˊ
瘁 ㄘㄨㄟˋ
痲 ㄇㄚˊ
痱 ㄈㄟˋ
痺 ㄅㄧˋ
痿 ㄨㄟˇ
痴 ㄔˍ
痳 ㄌㄧㄣˊ
盞 ㄓㄢˇ
盟 ㄇㄥˊ
睛 ㄐㄧㄥˍ
睫 ㄐㄧㄝˊ
睦 ㄇㄨˋ
睞 ㄌㄞˋ
督 ㄉㄨˍ
睹 ㄉㄨˇ
睪 ㄍㄠˍ
睬 ㄘㄞˇ
睜 ㄓㄥˍ
睥 ㄅㄧˋ
睨 ㄋㄧˋ
睢 ㄙㄨㄟˍ
矮 ㄞˇ
碎 ㄙㄨㄟˋ
碰 ㄆㄥˋ
碗 ㄨㄢˇ
碘 ㄉㄧㄢˇ
碌 ㄌㄨˋ
碉 ㄉㄧㄠˍ
硼 ㄆㄥˊ
碑 ㄅㄟˍ
碓 ㄉㄨㄟˋ
硿 ㄎㄨㄥˍ
祺 ㄑㄧˊ
祿 ㄌㄨˋ
禁 ㄐㄧㄣˋ/ㄐㄧㄣˍ
萬 ㄨㄢˋ
禽 ㄑㄧㄣˊ
稜 ㄌㄥˊ
稚 ㄓˋ
稠 ㄔㄡˊ
稔 ㄖㄣˇ
稟 ㄅㄧㄥˇ
稞 ㄎㄜˍ
窟 ㄎㄨˍ
窠 ㄎㄜˍ
筷 ㄎㄨㄞˋ
節 ㄐㄧㄝˊ
筠 ㄩㄣˊ
筮 ㄕˋ
筧 ㄐㄧㄢˇ
粱 ㄌㄧㄤˊ
粳 ㄐㄧㄥˍ
粵 ㄩㄝˋ
經 ㄐㄧㄥˍ
絹 ㄐㄩㄢˋ
綑 ㄎㄨㄣˇ
綁 ㄅㄤˇ
綏 ㄙㄨㄟˍ
絛 ㄊㄠˍ
置 ㄓˋ
罩 ㄓㄠˋ
罪 ㄗㄨㄟˋ
署 ㄕㄨˇ
義 ㄧˋ
羨 ㄒㄧㄢˋ
群 ㄑㄩㄣˊ
聖 ㄕㄥˋ
聘 ㄆㄧㄣˋ
肆 ㄙˋ
肄 ㄧˋ
腱 ㄐㄧㄢˋ
腰 ㄧㄠˍ
腸 ㄔㄤˊ
腥 ㄒㄧㄥˍ
腮 ㄙㄞˍ
腳 ㄐㄧㄠˇ
腫 ㄓㄨㄥˇ
腹 ㄈㄨˋ
腺 ㄒㄧㄢˋ
腦 ㄋㄠˇ
舅 ㄐㄧㄡˋ
艇 ㄊㄧㄥˇ
蒂 ㄉㄧˋ
葷 ㄏㄨㄣˍ
落 ㄌㄨㄛˋ/ㄌㄚˋ
萱 ㄒㄩㄢˍ
葵 ㄎㄨㄟˊ
葦 ㄨㄟˇ
葫 ㄏㄨˊ
葉 ㄧㄝˋ
葬 ㄗㄤˋ
葛 ㄍㄜˇ
萼 ㄜˋ
萵 ㄨㄛˍ
葡 ㄆㄨˊ
董 ㄉㄨㄥˇ
葩 ㄆㄚˍ
葭 ㄐㄧㄚˍ
葆 ㄅㄠˇ
虞 ㄩˊ
虜 ㄌㄨˇ
號 ㄏㄠˋ
蛹 ㄩㄥˇ
蜓 ㄊㄧㄥˊ
蜈 ㄨˊ
蜇 ㄓㄜˊ
蜀 ㄕㄨˇ
蛾 ㄜˊ
蛻 ㄊㄨㄟˋ
蜂 ㄈㄥˍ
蜃 ㄕㄣˋ
蜆 ㄒㄧㄢˇ
蜊 ㄌㄧˊ
衙 ㄧㄚˊ
裟 ㄕㄚˍ
裔 ㄧˋ
裙 ㄑㄩㄣˊ
補 ㄅㄨˇ
裘 ㄑㄧㄡˊ
裝 ㄓㄨㄤˍ
裡 ㄌㄧˇ
裊 ㄋㄧㄠˇ
裕 ㄩˋ
裒 ㄆㄡˊ
覜 ㄊㄧㄠˋ
解 ㄐㄧㄝˇ
詫 ㄔㄚˋ
該 ㄍㄞˍ
詳 ㄒㄧㄤˊ
試 ㄕˋ
詩 ㄕˍ
詰 ㄐㄧㄝˊ
誇 ㄎㄨㄚˍ
詼 ㄏㄨㄟˍ
詣 ㄧˋ
誠 ㄔㄥˊ
話 ㄏㄨㄚˋ
誅 ㄓㄨˍ
詭 ㄍㄨㄟˇ
詢 ㄒㄩㄣˊ
詮 ㄑㄩㄢˊ
詬 ㄍㄡˋ
詹 ㄓㄢˍ
詻 ㄜˋ
訾 ㄗˇ
詨 ㄐㄧㄠˍ
豢 ㄏㄨㄢˋ
貊 ㄇㄛˋ
貉 ㄏㄠˊ
賊 ㄗㄟˊ
資 ㄗˍ
賈 ㄐㄧㄚˇ
賄 ㄏㄨㄟˋ
貲 ㄗˍ
賃 ㄌㄧㄣˋ
賂 ㄌㄨˋ
賅 ㄍㄞˍ
跡 ㄐㄧˍ
跟 ㄍㄣˍ
跨 ㄎㄨㄚˋ
路 ㄌㄨˋ
跳 ㄊㄧㄠˋ
跺 ㄉㄨㄛˋ
跪 ㄍㄨㄟˋ
跤 ㄐㄧㄠˍ
跦 ㄔㄨˊ
躲 ㄉㄨㄛˇ
較 ㄐㄧㄠˋ
載 ㄗㄞˋ/ㄗㄞˇ
軾 ㄕˋ
輊 ㄓˋ
辟 ㄆㄧˋ
農 ㄋㄨㄥˊ
運 ㄩㄣˋ
遊 ㄧㄡˊ
道 ㄉㄠˋ
遂 ㄙㄨㄟˋ
達 ㄉㄚˊ
逼 ㄅㄧˍ
違 ㄨㄟˊ
遐 ㄒㄧㄚˊ
遇 ㄩˋ
遏 ㄜˋ
過 ㄍㄨㄛˋ
遍 ㄅㄧㄢˋ
遑 ㄏㄨㄤˊ
逾 ㄩˊ
遁 ㄉㄨㄣˋ
鄒 ㄗㄡˍ
鄗 ㄏㄠˋ
酬 ㄔㄡˊ
酪 ㄌㄨㄛˋ
酩 ㄇㄧㄥˇ
釉 ㄧㄡˋ
鈷 ㄍㄨˍ
鉗 ㄑㄧㄢˊ
鈸 ㄅㄚˊ
鈽 ㄅㄨˋ
鉀 ㄐㄧㄚˇ
鈾 ㄧㄡˊ
鉛 ㄑㄧㄢˍ
鉋 ㄅㄠˋ
鉤 ㄍㄡˍ
鉑 ㄅㄛˊ
鈴 ㄌㄧㄥˊ
鉉 ㄒㄩㄢˋ
鉍 ㄅㄧˋ
鉅 ㄐㄩˋ
鈹 ㄆㄧˊ
鈿 ㄉㄧㄢˋ
鉚 ㄌㄧㄡˇ
閘 ㄓㄚˊ
隘 ㄞˋ
隔 ㄍㄜˊ
隕 ㄩㄣˇ
雍 ㄩㄥˍ
雋 ㄐㄩㄢˋ
雉 ㄓˋ
雊 ㄍㄡˋ
雷 ㄌㄟˊ
電 ㄉㄧㄢˋ
雹 ㄅㄠˊ
零 ㄌㄧㄥˊ
靖 ㄐㄧㄥˋ
靴 ㄒㄩㄝˍ
靶 ㄅㄚˇ
預 ㄩˋ
頑 ㄨㄢˊ
頓 ㄉㄨㄣˋ
頊 ㄒㄩˋ
頒 ㄅㄢˍ
頌 ㄙㄨㄥˋ
飼 ㄙˋ
飴 ㄧˊ
飽 ㄅㄠˇ
飾 ㄕˋ
馳 ㄔˊ
馱 ㄊㄨㄛˊ
馴 ㄒㄩㄣˊ
髡 ㄎㄨㄣˍ
鳩 ㄐㄧㄡˍ
麂 ㄐㄧˇ
鼎 ㄉㄧㄥˇ
鼓 ㄍㄨˇ
鼠 ㄕㄨˇ
僧 ㄙㄥˍ
僮 ㄊㄨㄥˊ
僥 ㄐㄧㄠˇ
僖 ㄒㄧˍ
僭 ㄐㄧㄢˋ
僚 ㄌㄧㄠˊ
僕 ㄆㄨˊ
像 ㄒㄧㄤˋ
僑 ㄑㄧㄠˊ
僱 ㄍㄨˋ
僎 ㄓㄨㄢˋ
僩 ㄒㄧㄢˋ
兢 ㄐㄧㄥˍ
凳 ㄉㄥˋ
劃 ㄏㄨㄚˋ
劂 ㄐㄩㄝˊ
匱 ㄎㄨㄟˋ
厭 ㄧㄢˋ
嗾 ㄗㄨˊ
嘀 ㄉㄧˊ
嘛 ㄇㄚ˙
嘗 ㄔㄤˊ
嗽 ㄙㄡˋ
嘔 ㄡˇ
嘆 ㄊㄢˋ
嘉 ㄐㄧㄚˍ
嘍 ㄌㄡˊ
嘎 ㄍㄚˍ
嗷 ㄠˊ
嘖 ㄗㄜˊ
嘟 ㄉㄨˍ
嘈 ㄘㄠˊ
嘐 ㄒㄧㄠˍ
嗶 ㄅㄧˋ
團 ㄊㄨㄢˊ
圖 ㄊㄨˊ
塵 ㄔㄣˊ
塾 ㄕㄨˊ
境 ㄐㄧㄥˋ
墓 ㄇㄨˋ
墊 ㄉㄧㄢˋ
塹 ㄑㄧㄢˋ
墅 ㄕㄨˋ
塽 ㄕㄨㄤˇ
壽 ㄕㄡˋ
夥 ㄏㄨㄛˇ
夢 ㄇㄥˋ
夤 ㄧㄣˊ
奪 ㄉㄨㄛˊ
奩 ㄌㄧㄢˊ
嫡 ㄉㄧˊ
嫦 ㄔㄤˊ
嫩 ㄋㄣˋ
嫗 ㄩˋ
嫖 ㄆㄧㄠˊ
嫘 ㄌㄟˊ
嫣 ㄧㄢˍ
孵 ㄈㄨˍ
寞 ㄇㄛˋ
寧 ㄋㄧㄥˊ
寡 ㄍㄨㄚˇ
寥 ㄌㄧㄠˊ
實 ㄕˊ
寨 ㄓㄞˋ
寢 ㄑㄧㄣˇ
寤 ㄨˋ
察 ㄔㄚˊ
對 ㄉㄨㄟˋ
屢 ㄌㄩˇ
嶄 ㄓㄢˇ
嶇 ㄑㄩˍ
幛 ㄓㄤˋ
幣 ㄅㄧˋ
幕 ㄇㄨˋ
幗 ㄍㄨㄛˊ
幔 ㄇㄢˋ
廓 ㄎㄨㄛˋ
廖 ㄌㄧㄠˋ
弊 ㄅㄧˋ
彆 ㄅㄧㄝˋ
彰 ㄓㄤˍ
徹 ㄔㄜˋ
慇 ㄧㄣˍ
愿 ㄩㄢˋ
態 ㄊㄞˋ
慷 ㄎㄤˍ
慢 ㄇㄢˋ
慣 ㄍㄨㄢˋ
慟 ㄊㄨㄥˋ
慚 ㄘㄢˊ
慘 ㄘㄢˇ
慵 ㄩㄥˍ
截 ㄐㄧㄝˊ
撇 ㄆㄧㄝˇ
摘 ㄓㄞˍ
摔 ㄕㄨㄞˍ
撤 ㄔㄜˋ
摸 ㄇㄛˍ
摟 ㄌㄡˇ
摺 ㄓㄜˊ
摑 ㄍㄨㄛˊ
摧 ㄘㄨㄟˍ
搴 ㄑㄧㄢˍ
摭 ㄓˊ
摻 ㄕㄢˍ
敲 ㄑㄧㄠˍ
斡 ㄨㄛˋ
旗 ㄑㄧˊ
旖 ㄧˇ
暢 ㄔㄤˋ
暨 ㄐㄧˋ
暝 ㄇㄧㄥˊ
榜 ㄅㄤˇ
榨 ㄓㄚˋ
榕 ㄖㄨㄥˊ
槁 ㄍㄠˇ
榮 ㄖㄨㄥˊ
槓 ㄍㄤˋ
構 ㄍㄡˋ
榛 ㄓㄣˍ
榷 ㄑㄩㄝˋ
榻 ㄊㄚˋ
榫 ㄙㄨㄣˇ
榴 ㄌㄧㄡˊ
槐 ㄏㄨㄞˊ
槍 ㄑㄧㄤˍ
榭 ㄒㄧㄝˋ
槌 ㄔㄨㄟˊ
榦 ㄏㄢˊ
槃 ㄆㄢˊ
榣 ㄧㄠˊ
歉 ㄑㄧㄢˋ
歌 ㄍㄜˍ
氳 ㄩㄣˍ
漳 ㄓㄤˍ
演 ㄧㄢˇ
滾 ㄍㄨㄣˇ
漓 ㄌㄧˊ
滴 ㄉㄧˍ
漩 ㄒㄩㄢˊ
漾 ㄧㄤˋ
漠 ㄇㄛˋ
漬 ㄗˋ
漏 ㄌㄡˋ
漂 ㄆㄧㄠˍ
漢 ㄏㄢˋ
滿 ㄇㄢˇ
滯 ㄓˋ
漆 ㄑㄧˍ
漱 ㄕㄨˋ
漸 ㄐㄧㄢˋ
漲 ㄓㄤˇ
漣 ㄌㄧㄢˊ
漕 ㄘㄠˊ
漫 ㄇㄢˋ
漯 ㄊㄚˋ
澈 ㄔㄜˋ
漪 ㄧˍ
滬 ㄏㄨˋ
漁 ㄩˊ
滲 ㄕㄣˋ
滌 ㄉㄧˊ
滷 ㄌㄨˇ
熔 ㄖㄨㄥˊ
熙 ㄒㄧˍ
煽 ㄕㄢˋ
熊 ㄒㄩㄥˊ
熄 ㄒㄧˊ
熒 ㄧㄥˊ
爾 ㄦˇ
犒 ㄎㄠˋ
犖 ㄌㄨㄛˋ
獄 ㄩˋ
獐 ㄓㄤˍ
瑤 ㄧㄠˊ
瑣 ㄙㄨㄛˇ
瑪 ㄇㄚˇ
瑰 ㄍㄨㄟˍ
瑭 ㄊㄤˊ
甄 ㄓㄣˍ
疑 ㄧˊ
瘧 ㄋㄩㄝˋ
瘍 ㄧㄤˊ
瘋 ㄈㄥˍ
瘉 ㄩˋ
瘓 ㄏㄨㄢˋ
盡 ㄐㄧㄣˋ
監 ㄐㄧㄢˍ
瞄 ㄇㄧㄠˊ
睽 ㄎㄨㄟˊ
睿 ㄖㄨㄟˋ
睡 ㄕㄨㄟˋ
磁 ㄘˊ
碟 ㄉㄧㄝˊ
碧 ㄅㄧˋ
碳 ㄊㄢˋ
碩 ㄕㄨㄛˋ
碣 ㄐㄧㄝˊ
禎 ㄓㄣˍ
福 ㄈㄨˊ
禍 ㄏㄨㄛˋ
種 ㄓㄨㄥˇ/ㄓㄨㄥˋ
稱 ㄔㄥˍ
窪 ㄨㄚˍ
窩 ㄨㄛˍ
竭 ㄐㄧㄝˊ
端 ㄉㄨㄢˍ
管 ㄍㄨㄢˇ
箕 ㄐㄧˍ
箋 ㄐㄧㄢˍ
筵 ㄧㄢˊ
算 ㄙㄨㄢˋ
箝 ㄑㄧㄢˊ
箔 ㄅㄛˊ
箏 ㄓㄥˍ
箸 ㄓㄨˋ
箇 ㄍㄜˋ
箄 ㄅㄧˋ
粹 ㄘㄨㄟˋ
粽 ㄗㄨㄥˋ
精 ㄐㄧㄥˍ
綻 ㄓㄢˋ
綰 ㄨㄢˇ
綜 ㄗㄨㄥˍ
綽 ㄔㄨㄛˋ
綾 ㄌㄧㄥˊ
綠 ㄌㄩˋ
緊 ㄐㄧㄣˇ
綴 ㄓㄨㄟˋ
網 ㄨㄤˇ
綱 ㄍㄤˍ
綺 ㄑㄧˇ
綢 ㄔㄡˊ
綿 ㄇㄧㄢˊ
綵 ㄘㄞˇ
綸 ㄌㄨㄣˊ
維 ㄨㄟˊ
緒 ㄒㄩˋ
緇 ㄗˍ
綬 ㄕㄡˋ
罰 ㄈㄚˊ
翠 ㄘㄨㄟˋ
翡 ㄈㄟˇ
翟 ㄓㄞˊ
聞 ㄨㄣˊ
聚 ㄐㄩˋ
肇 ㄓㄠˋ
腐 ㄈㄨˇ
膀 ㄅㄤˇ
膏 ㄍㄠˍ
膈 ㄍㄜˊ
膊 ㄅㄛˊ
腿 ㄊㄨㄟˇ
膂 ㄌㄩˇ
臧 ㄗㄤˍ
臺 ㄊㄞˊ
與 ㄩˇ
舔 ㄊㄧㄢˇ
舞 ㄨˇ
艋 ㄇㄥˇ
蓉 ㄖㄨㄥˊ
蒿 ㄏㄠˍ
蓆 ㄒㄧˊ
蓄 ㄒㄩˋ
蒙 ㄇㄥˊ
蒞 ㄌㄧˋ
蒲 ㄆㄨˊ
蒜 ㄙㄨㄢˋ
蓋 ㄍㄞˋ
蒸 ㄓㄥˍ
蓀 ㄙㄨㄣˍ
蓓 ㄅㄟˋ
蒐 ㄙㄡˍ
蒼 ㄘㄤˍ
蓑 ㄙㄨㄛˍ
蓊 ㄨㄥˇ
蜿 ㄨㄢˍ
蜜 ㄇㄧˋ
蜻 ㄑㄧㄥˍ
蜢 ㄇㄥˇ
蜥 ㄒㄧˍ
蜴 ㄧˋ
蜘 ㄓˍ
蝕 ㄕˊ
蜷 ㄑㄩㄢˊ
蜩 ㄊㄧㄠˊ
裳 ㄕㄤ˙
褂 ㄍㄨㄚˋ
裴 ㄆㄟˊ
裹 ㄍㄨㄛˇ
裸 ㄌㄨㄛˇ
製 ㄓˋ
裨 ㄅㄧˋ
褚 ㄔㄨˇ
裯 ㄔㄡˊ
誦 ㄙㄨㄥˋ
誌 ㄓˋ
語 ㄩˇ
誣 ㄨˊ
認 ㄖㄣˋ
誡 ㄐㄧㄝˋ
誓 ㄕˋ
誤 ㄨˋ
說 ㄕㄨㄛˍ
誥 ㄍㄠˋ
誨 ㄏㄨㄟˇ
誘 ㄧㄡˋ
誑 ㄎㄨㄤˊ
誚 ㄑㄧㄠˋ
誧 ㄆㄨˇ
豪 ㄏㄠˊ
貍 ㄌㄧˊ
貌 ㄇㄠˋ
賓 ㄅㄧㄣˍ
賑 ㄓㄣˋ
賒 ㄕㄜˍ
赫 ㄏㄜˋ
趙 ㄓㄠˋ
趕 ㄍㄢˇ
跼 ㄐㄩˊ
輔 ㄈㄨˇ
輒 ㄓㄜˊ
輕 ㄑㄧㄥˍ
輓 ㄨㄢˇ
辣 ㄌㄚˋ
遠 ㄩㄢˇ
遘 ㄍㄡˋ
遜 ㄒㄩㄣˋ
遣 ㄑㄧㄢˇ
遙 ㄧㄠˊ
遞 ㄉㄧˋ
遢 ㄊㄚˋ
遝 ㄊㄚˋ
遛 ㄌㄧㄡˊ
鄙 ㄅㄧˇ
鄘 ㄩㄥˍ
鄞 ㄧㄣˊ
酵 ㄒㄧㄠˋ
酸 ㄙㄨㄢˍ
酷 ㄎㄨˋ
酴 ㄊㄨˊ
鉸 ㄐㄧㄠˇ
銀 ㄧㄣˊ
銅 ㄊㄨㄥˊ
銘 ㄇㄧㄥˊ
銖 ㄓㄨˍ
鉻 ㄍㄜˋ
銓 ㄑㄩㄢˊ
銜 ㄒㄧㄢˊ
銨 ㄢˍ
鉼 ㄅㄧㄥˇ
銑 ㄒㄧㄢˇ
閡 ㄏㄜˊ
閨 ㄍㄨㄟˍ
閩 ㄇㄧㄣˇ
閣 ㄍㄜˊ
閥 ㄈㄚˊ
閤 ㄍㄜˊ
隙 ㄒㄧˋ
障 ㄓㄤˋ
際 ㄐㄧˋ
雌 ㄘˍ
雒 ㄌㄨㄛˋ
需 ㄒㄩˍ
靼 ㄉㄚˊ
鞅 ㄧㄤˍ
韶 ㄕㄠˊ
頗 ㄆㄛˇ
領 ㄌㄧㄥˇ
颯 ㄙㄚˋ
颱 ㄊㄞˊ
餃 ㄐㄧㄠˇ
餅 ㄅㄧㄥˇ
餌 ㄦˇ
餉 ㄒㄧㄤˇ
駁 ㄅㄛˊ
骯 ㄤˍ
骰 ㄕㄞˇ
髦 ㄇㄠˊ
魁 ㄎㄨㄟˊ
魂 ㄏㄨㄣˊ
鳴 ㄇㄧㄥˊ
鳶 ㄩㄢˍ
鳳 ㄈㄥˋ
麼 ㄇㄛ˙
鼻 ㄅㄧˊ
齊 ㄑㄧˊ
億 ㄧˋ
儀 ㄧˊ
僻 ㄆㄧˋ
僵 ㄐㄧㄤˍ
價 ㄐㄧㄚˋ
儂 ㄋㄨㄥˊ
儈 ㄎㄨㄞˋ
儉 ㄐㄧㄢˇ
儅 ㄉㄤˍ
凜 ㄌㄧㄣˇ
劇 ㄐㄩˋ
劈 ㄆㄧˍ
劉 ㄌㄧㄡˊ
劍 ㄐㄧㄢˋ
劊 ㄎㄨㄞˋ
勰 ㄒㄧㄝˊ
厲 ㄌㄧˋ
嘮 ㄌㄠˊ
嘻 ㄒㄧˍ
嘹 ㄌㄧㄠˊ
嘲 ㄔㄠˊ
嘿 ㄏㄟˍ
嘴 ㄗㄨㄟˇ
嘩 ㄏㄨㄚˍ
噓 ㄒㄩˍ
噎 ㄧㄝˍ
噗 ㄆㄨˍ
噴 ㄆㄣˍ
嘶 ㄙˍ
嘯 ㄒㄧㄠˋ
嘰 ㄐㄧˍ
墀 ㄔˊ
墟 ㄒㄩˍ
增 ㄗㄥˍ
墳 ㄈㄣˊ
墜 ㄓㄨㄟˋ
墮 ㄉㄨㄛˋ
墩 ㄉㄨㄣˍ
墦 ㄈㄢˊ
奭 ㄕˋ
嬉 ㄒㄧˍ
嫻 ㄒㄧㄢˊ
嬋 ㄔㄢˊ
嫵 ㄨˇ
嬌 ㄐㄧㄠˍ
嬈 ㄖㄠˊ
寮 ㄌㄧㄠˊ
寬 ㄎㄨㄢˍ
審 ㄕㄣˇ
寫 ㄒㄧㄝˇ
層 ㄘㄥˊ
履 ㄌㄩˇ
嶝 ㄉㄥˋ
嶔 ㄑㄧㄣˍ
幢 ㄔㄨㄤˊ
幟 ㄓˋ
幡 ㄈㄢˍ
廢 ㄈㄟˋ
廚 ㄔㄨˊ
廟 ㄇㄧㄠˋ
廝 ㄙˍ
廣 ㄍㄨㄤˇ
廠 ㄔㄤˇ
彈 ㄊㄢˊ/ㄉㄢˋ
影 ㄧㄥˇ
德 ㄉㄜˊ
徵 ㄓㄥˍ
慶 ㄑㄧㄥˋ
慧 ㄏㄨㄟˋ
慮 ㄌㄩˋ
慝 ㄊㄜˋ
慕 ㄇㄨˋ
憂 ㄧㄡˍ
慼 ㄑㄧˍ
慰 ㄨㄟˋ
慫 ㄙㄨㄥˇ
慾 ㄩˋ
憧 ㄔㄨㄥˍ
憐 ㄌㄧㄢˊ
憫 ㄇㄧㄣˇ
憎 ㄗㄥˍ
憬 ㄐㄧㄥˇ
憚 ㄉㄢˋ
憤 ㄈㄣˋ
憔 ㄑㄧㄠˊ
憮 ㄨˇ
戮 ㄌㄨˋ
摩 ㄇㄛˊ
摯 ㄓˋ
摹 ㄇㄛˊ
撞 ㄓㄨㄤˋ
撲 ㄆㄨˍ
撈 ㄌㄠˍ
撐 ㄔㄥˍ
撰 ㄓㄨㄢˋ
撥 ㄅㄛˍ
撓 ㄋㄠˊ
撕 ㄙˍ
撩 ㄌㄧㄠˊ
撒 ㄙㄚˍ
撮 ㄘㄨㄛˍ
播 ㄅㄛˋ
撫 ㄈㄨˇ
撚 ㄋㄧㄢˇ
撬 ㄑㄧㄠˍ
撙 ㄗㄨㄣˇ
撢 ㄉㄢˇ
撳 ㄑㄧㄣˋ
敵 ㄉㄧˊ
敷 ㄈㄨˍ
數 ㄕㄨˋ
暮 ㄇㄨˋ
暫 ㄓㄢˋ/ㄗㄢˋ
暴 ㄅㄠˋ
暱 ㄋㄧˋ
樣 ㄧㄤˋ
樟 ㄓㄤˍ
槨 ㄍㄨㄛˇ
樁 ㄓㄨㄤˍ
樞 ㄕㄨˍ
標 ㄅㄧㄠˍ
槽 ㄘㄠˊ
模 ㄇㄛˊ
樓 ㄌㄡˊ
樊 ㄈㄢˊ
槳 ㄐㄧㄤˇ
樂 ㄌㄜˋ/ㄩㄝˋ
樅 ㄘㄨㄥˍ
槭 ㄘㄨˋ
樑 ㄌㄧㄤˊ
歐 ㄡˍ
歎 ㄊㄢˋ
殤 ㄕㄤˍ
毅 ㄧˋ
毆 ㄡˍ
漿 ㄐㄧㄤˍ
潼 ㄊㄨㄥˊ
澄 ㄔㄥˊ
潑 ㄆㄛˍ
潦 ㄌㄠˇ
潔 ㄐㄧㄝˊ
澆 ㄐㄧㄠˍ
潭 ㄊㄢˊ
潛 ㄑㄧㄢˊ
潸 ㄕㄢˍ
潮 ㄔㄠˊ
澎 ㄆㄥˊ
潺 ㄔㄢˊ
潰 ㄎㄨㄟˋ
潤 ㄖㄨㄣˋ
澗 ㄐㄧㄢˋ
潘 ㄆㄢˍ
滕 ㄊㄥˊ
潯 ㄒㄩㄣˊ
潠 ㄙㄨㄣˋ
潟 ㄒㄧˋ
熟 ㄕㄡˊ/ㄕㄨˊ
熬 ㄠˊ
熱 ㄖㄜˋ
熨 ㄩㄣˋ
牖 ㄧㄡˇ
犛 ㄌㄧˊ
獎 ㄐㄧㄤˇ
獗 ㄐㄩㄝˊ
瑩 ㄧㄥˊ
璋 ㄓㄤˍ
璃 ㄌㄧˊ
瑾 ㄐㄧㄣˇ
璀 ㄘㄨㄟˇ
畿 ㄐㄧˍ
瘠 ㄐㄧˊ
瘩 ㄉㄚˊ
瘟 ㄨㄣˍ
瘤 ㄌㄧㄡˊ
瘦 ㄕㄡˋ
瘡 ㄔㄨㄤˍ
瘢 ㄅㄢˍ
皚 ㄞˊ
皺 ㄓㄡˋ
盤 ㄆㄢˊ
瞎 ㄒㄧㄚˍ
瞇 ㄇㄧˍ
瞌 ㄎㄜˍ
瞑 ㄇㄧㄥˊ
瞋 ㄔㄣˍ
磋 ㄘㄨㄛˍ
磅 ㄅㄤˋ
確 ㄑㄩㄝˋ
磊 ㄌㄟˇ
碾 ㄋㄧㄢˇ
磕 ㄎㄜˍ
碼 ㄇㄚˇ
磐 ㄆㄢˊ
稿 ㄍㄠˇ
稼 ㄐㄧㄚˋ
穀 ㄍㄨˇ
稽 ㄐㄧˍ
稷 ㄐㄧˋ
稻 ㄉㄠˋ
窯 ㄧㄠˊ
窮 ㄑㄩㄥˊ
箭 ㄐㄧㄢˋ
箱 ㄒㄧㄤˍ
範 ㄈㄢˋ
箴 ㄓㄣˍ
篆 ㄓㄨㄢˋ
篇 ㄆㄧㄢˍ
篁 ㄏㄨㄤˊ
箠 ㄔㄨㄟˊ
篌 ㄏㄡˊ
糊 ㄏㄨˊ
締 ㄉㄧˋ
練 ㄌㄧㄢˋ
緯 ㄨㄟˇ
緻 ㄓˋ
緘 ㄐㄧㄢˍ
緬 ㄇㄧㄢˇ
緝 ㄑㄧˋ
編 ㄅㄧㄢˍ
緣 ㄩㄢˊ
線 ㄒㄧㄢˋ
緞 ㄉㄨㄢˋ
緩 ㄏㄨㄢˇ
綞 ㄔㄨㄟˊ
緙 ㄎㄜˋ
緲 ㄇㄧㄠˇ
緹 ㄊㄧˊ
罵 ㄇㄚˋ
罷 ㄅㄚˋ
羯 ㄐㄧㄝˊ
翩 ㄆㄧㄢˍ
耦 ㄡˇ
膛 ㄊㄤˊ
膜 ㄇㄛˊ
膝 ㄒㄧˍ
膠 ㄐㄧㄠˍ
膚 ㄈㄨˍ
膘 ㄅㄧㄠˍ
蔗 ㄓㄜˋ
蔽 ㄅㄧˋ
蔚 ㄨㄟˋ
蓮 ㄌㄧㄢˊ
蔬 ㄕㄨˍ
蔭 ㄧㄣˋ
蔓 ㄇㄢˋ
蔑 ㄇㄧㄝˋ
蔣 ㄐㄧㄤˇ
蔡 ㄘㄞˋ
蔔 ㄅㄛˊ
蓬 ㄆㄥˊ
蔥 ㄘㄨㄥˍ
蓿 ㄙㄨˋ
蔆 ㄌㄥˊ
螂 ㄌㄤˊ
蝴 ㄏㄨˊ
蝶 ㄉㄧㄝˊ
蝠 ㄈㄨˊ
蝦 ㄒㄧㄚˍ
蝸 ㄍㄨㄚˍ
蝨 ㄕˍ
蝙 ㄅㄧㄢˍ
蝗 ㄏㄨㄤˊ
蝌 ㄎㄜˍ
蝓 ㄩˊ
衛 ㄨㄟˋ
衝 ㄔㄨㄥˍ
褐 ㄏㄜˊ
複 ㄈㄨˋ
褒 ㄅㄠˍ
褓 ㄅㄠˇ
褕 ㄩˊ
褊 ㄅㄧㄢˇ
誼 ㄧˊ
諒 ㄌㄧㄤˋ
談 ㄊㄢˊ
諄 ㄓㄨㄣˍ
誕 ㄉㄢˋ
請 ㄑㄧㄥˇ
諸 ㄓㄨˍ
課 ㄎㄜˋ
諉 ㄨㄟˇ
諂 ㄔㄢˇ
調 ㄊㄧㄠˊ/ㄉㄧㄠˋ
誰 ㄕㄟˊ
論 ㄌㄨㄣˋ
諍 ㄓㄥˍ
誶 ㄙㄨㄟˋ
誹 ㄈㄟˇ
諛 ㄩˊ
豌 ㄨㄢˍ
豎 ㄕㄨˋ
豬 ㄓㄨˍ
賠 ㄆㄟˊ
賞 ㄕㄤˇ
賦 ㄈㄨˋ
賤 ㄐㄧㄢˋ
賬 ㄓㄤˋ
賭 ㄉㄨˇ
賢 ㄒㄧㄢˊ
賣 ㄇㄞˋ
賜 ㄘˋ/ㄙˋ
質 ㄓˊ
賡 ㄍㄥˍ
赭 ㄓㄜˇ
趟 ㄊㄤˋ
趣 ㄑㄩˋ
踫 ㄆㄢˊ
踐 ㄐㄧㄢˋ
踝 ㄏㄨㄞˊ
踢 ㄊㄧˍ
踏 ㄊㄚˋ
踩 ㄘㄞˇ
踟 ㄔˊ
踡 ㄑㄩㄢˊ
踞 ㄐㄩˋ
躺 ㄊㄤˇ
輝 ㄏㄨㄟˍ
輛 ㄌㄧㄤˋ
輟 ㄔㄨㄛˋ
輩 ㄅㄟˋ
輦 ㄋㄧㄢˇ
輪 ㄌㄨㄣˊ
輜 ㄗˍ
輞 ㄨㄤˇ
輥 ㄏㄨㄣˋ
適 ㄕˋ
遮 ㄓㄜˍ
遨 ㄠˊ
遭 ㄗㄠˍ
遷 ㄑㄧㄢˍ
鄰 ㄌㄧㄣˊ
鄭 ㄓㄥˋ
鄧 ㄉㄥˋ
鄱 ㄆㄛˊ
醇 ㄔㄨㄣˊ
醉 ㄗㄨㄟˋ
醋 ㄘㄨˋ
醃 ㄧㄢˍ
鋅 ㄒㄧㄣˍ
銻 ㄊㄧˋ
銷 ㄒㄧㄠˍ
鋪 ㄆㄨˍ
銬 ㄎㄠˋ
鋤 ㄔㄨˊ
鋁 ㄌㄩˇ
銳 ㄖㄨㄟˋ
銼 ㄘㄨㄛˋ
鋒 ㄈㄥˍ
鋇 ㄅㄟˋ
鋰 ㄌㄧˇ
銲 ㄏㄢˋ
閭 ㄌㄩˊ
閱 ㄩㄝˋ
霄 ㄒㄧㄠˍ
霆 ㄊㄧㄥˊ
震 ㄓㄣˋ
霉 ㄇㄟˊ
靠 ㄎㄠˋ
鞍 ㄢˍ
鞋 ㄒㄧㄝˊ
鞏 ㄍㄨㄥˇ
頡 ㄐㄧㄝˊ
頫 ㄈㄨˇ
頜 ㄏㄢˋ
颳 ㄍㄨㄚˍ
養 ㄧㄤˇ
餓 ㄜˋ
餒 ㄋㄟˇ
餘 ㄩˊ
駝 ㄊㄨㄛˊ
駐 ㄓㄨˋ
駟 ㄙˋ
駛 ㄕˇ
駑 ㄋㄨˊ
駕 ㄐㄧㄚˋ
駒 ㄐㄩˍ
駙 ㄈㄨˋ
骷 ㄎㄨˍ
髮 ㄈㄚˇ
髯 ㄖㄢˊ
鬧 ㄋㄠˋ
魅 ㄇㄟˋ
魄 ㄆㄛˋ
魷 ㄧㄡˊ
魯 ㄌㄨˇ
鴆 ㄓㄣˋ
鴉 ㄧㄚˍ
鴃 ㄐㄩㄝˊ
麩 ㄈㄨˍ
麾 ㄏㄨㄟˍ
黎 ㄌㄧˊ
墨 ㄇㄛˋ
齒 ㄔˇ
儒 ㄖㄨˊ
儘 ㄐㄧㄣˋ
儔 ㄔㄡˊ
儐 ㄅㄧㄣˍ
儕 ㄔㄞˊ
冀 ㄐㄧˋ
冪 ㄇㄧˋ
凝 ㄋㄧㄥˊ
劑 ㄐㄧˋ
劓 ㄧˋ
勳 ㄒㄩㄣˍ
噙 ㄑㄧㄣˊ
噫 ㄧˍ
噹 ㄉㄤˍ
噩 ㄜˋ
噤 ㄐㄧㄣˋ
噸 ㄉㄨㄣˋ
噪 ㄗㄠˋ
器 ㄑㄧˋ
噥 ㄋㄨㄥˊ
噱 ㄒㄩㄝˍ
噯 ㄞˋ
噬 ㄕˋ
噢 ㄡˋ
噶 ㄍㄚˊ
壁 ㄅㄧˋ
墾 ㄎㄣˇ
壇 ㄊㄢˊ
壅 ㄩㄥˍ
奮 ㄈㄣˋ
嬝 ㄋㄧㄠˇ
嬴 ㄧㄥˊ
學 ㄒㄩㄝˊ
寰 ㄏㄨㄢˊ
導 ㄉㄠˇ
彊 ㄑㄧㄤˊ
憲 ㄒㄧㄢˋ
憑 ㄆㄧㄥˊ
憩 ㄑㄧˋ
憊 ㄅㄟˋ
懍 ㄌㄧㄣˇ
憶 ㄧˋ
憾 ㄏㄢˋ
懊 ㄠˋ
懈 ㄒㄧㄝˋ
戰 ㄓㄢˋ
擅 ㄕㄢˋ
擁 ㄩㄥˇ
擋 ㄉㄤˇ
撻 ㄊㄚˋ
撼 ㄏㄢˋ
據 ㄐㄩˋ
擄 ㄌㄨˇ
擇 ㄗㄜˊ
擂 ㄌㄟˊ
操 ㄘㄠˍ
撿 ㄐㄧㄢˇ
擒 ㄑㄧㄣˊ
擔 ㄉㄢˍ
撾 ㄓㄨㄚˍ
整 ㄓㄥˇ
曆 ㄌㄧˋ
曉 ㄒㄧㄠˇ
暹 ㄒㄧㄢˍ
曄 ㄧㄝˋ
曇 ㄊㄢˊ
暸 ㄌㄧㄠˇ
樽 ㄗㄨㄣˍ
樸 ㄆㄨˊ
樺 ㄏㄨㄚˋ
橙 ㄔㄥˊ
橫 ㄏㄥˊ
橘 ㄐㄩˊ
樹 ㄕㄨˋ
橄 ㄍㄢˇ
橢 ㄊㄨㄛˇ
橡 ㄒㄧㄤˋ
橋 ㄑㄧㄠˊ
橇 ㄑㄧㄠˍ
樵 ㄑㄧㄠˊ
機 ㄐㄧˍ
橈 ㄋㄠˊ
歙 ㄒㄧˋ
歷 ㄌㄧˋ
氅 ㄔㄤˇ
濂 ㄌㄧㄢˊ
澱 ㄉㄧㄢˋ
澡 ㄗㄠˇ
濃 ㄋㄨㄥˊ
澤 ㄗㄜˊ
濁 ㄓㄨㄛˊ
澧 ㄌㄧˇ
澳 ㄠˋ
激 ㄐㄧˍ
澹 ㄉㄢˋ
澶 ㄔㄢˊ
澦 ㄩˋ
澠 ㄇㄧㄣˇ
澴 ㄏㄨㄢˊ
熾 ㄔˋ
燉 ㄉㄨㄣˋ
燐 ㄌㄧㄣˊ
燒 ㄕㄠˍ
燈 ㄉㄥˍ
燕 ㄧㄢˋ
熹 ㄒㄧˍ
燎 ㄌㄧㄠˋ
燙 ㄊㄤˋ
燜 ㄇㄣˋ
燃 ㄖㄢˊ
燄 ㄧㄢˋ
獨 ㄉㄨˊ
璜 ㄏㄨㄤˊ
璣 ㄐㄧˍ
璘 ㄌㄧㄣˊ
璟 ㄐㄧㄥˇ
璞 ㄆㄨˊ
瓢 ㄆㄧㄠˊ
甌 ㄡˍ
甍 ㄇㄥˊ
瘴 ㄓㄤˋ
瘸 ㄑㄩㄝˊ
瘺 ㄌㄡˋ
盧 ㄌㄨˊ
盥 ㄍㄨㄢˋ
瞠 ㄔㄥˍ
瞞 ㄇㄢˊ
瞟 ㄆㄧㄠˇ
瞥 ㄆㄧㄝˍ
磨 ㄇㄛˊ
磚 ㄓㄨㄢˍ
磬 ㄑㄧㄥˋ
磧 ㄑㄧˋ
禦 ㄩˋ
積 ㄐㄧˍ
穎 ㄧㄥˇ
穆 ㄇㄨˋ
穌 ㄙㄨˍ
穋 ㄌㄨˋ
窺 ㄎㄨㄟˍ
篙 ㄍㄠˍ
簑 ㄙㄨㄛˍ
築 ㄓㄨˊ
篤 ㄉㄨˇ
篛 ㄖㄨㄛˋ
篡 ㄘㄨㄢˋ
篩 ㄕㄞˍ
篦 ㄅㄧˋ
糕 ㄍㄠˍ
糖 ㄊㄤˊ
縊 ㄧˋ
縑 ㄐㄧㄢˍ
縈 ㄧㄥˊ
縛 ㄈㄨˊ
縣 ㄒㄧㄢˋ
縞 ㄍㄠˇ
縝 ㄓㄣˇ
縉 ㄐㄧㄣˋ
縐 ㄓㄡˋ
罹 ㄌㄧˊ
羲 ㄒㄧˍ
翰 ㄏㄢˋ
翱 ㄠˊ
翮 ㄏㄜˊ
耨 ㄋㄡˋ
膳 ㄕㄢˋ
膩 ㄋㄧˋ
膨 ㄆㄥˊ
臻 ㄓㄣˍ
興 ㄒㄧㄥˍ
艘 ㄙㄠˍ
艙 ㄘㄤˍ
蕊 ㄖㄨㄟˇ
蕙 ㄏㄨㄟˋ
蕈 ㄒㄩㄣˋ
蕨 ㄐㄩㄝˊ
蕩 ㄉㄤˋ
蕃 ㄈㄢˍ
蕉 ㄐㄧㄠˍ
蕭 ㄒㄧㄠˍ
蕪 ㄨˊ
蕞 ㄗㄨㄟˋ
螃 ㄆㄤˊ
螟 ㄇㄧㄥˊ
螞 ㄇㄚˇ
螢 ㄧㄥˊ
融 ㄖㄨㄥˊ
衡 ㄏㄥˊ
褪 ㄊㄨㄣˋ
褲 ㄎㄨˋ
褥 ㄖㄨˋ
褫 ㄔˇ
褡 ㄉㄚˍ
親 ㄑㄧㄣˍ
覦 ㄩˊ
諦 ㄉㄧˋ
諺 ㄧㄢˋ
諫 ㄐㄧㄢˋ
諱 ㄏㄨㄟˋ
謀 ㄇㄡˊ
諜 ㄉㄧㄝˊ
諧 ㄒㄧㄝˊ
諮 ㄗˍ
諾 ㄋㄨㄛˋ
謁 ㄧㄝˋ
謂 ㄨㄟˋ
諷 ㄈㄥˋ
諭 ㄩˋ
諳 ㄢˍ
諶 ㄔㄣˊ
諼 ㄒㄩㄢˍ
豫 ㄩˋ
豭 ㄐㄧㄚˍ
貓 ㄇㄠˍ
賴 ㄌㄞˋ
蹄 ㄊㄧˊ
踱 ㄉㄨㄛˋ
踴 ㄩㄥˇ
蹂 ㄖㄡˊ
踹 ㄔㄨㄞˋ
踵 ㄓㄨㄥˇ
輻 ㄈㄨˊ
輯 ㄐㄧˊ
輸 ㄕㄨˍ
輳 ㄘㄡˋ
辨 ㄅㄧㄢˋ
辦 ㄅㄢˋ
遵 ㄗㄨㄣˍ
遴 ㄌㄧㄣˊ
選 ㄒㄩㄢˇ
遲 ㄔˊ
遼 ㄌㄧㄠˊ
遺 ㄧˊ
鄴 ㄧㄝˋ
醒 ㄒㄧㄥˇ
錠 ㄉㄧㄥˋ
錶 ㄅㄧㄠˇ
鋸 ㄐㄩˋ
錳 ㄇㄥˇ
錯 ㄘㄨㄛˋ
錢 ㄑㄧㄢˊ
鋼 ㄍㄤˍ
錫 ㄒㄧˊ
錄 ㄌㄨˋ
錚 ㄓㄥˍ
錐 ㄓㄨㄟˍ
錦 ㄐㄧㄣˇ
錡 ㄑㄧˊ
錕 ㄎㄨㄣˍ
錮 ㄍㄨˋ
錙 ㄗˍ
閻 ㄧㄢˊ
隧 ㄙㄨㄟˋ
隨 ㄙㄨㄟˊ
險 ㄒㄧㄢˇ
雕 ㄉㄧㄠˍ
霎 ㄕㄚˋ
霑 ㄓㄢˍ
霖 ㄌㄧㄣˊ
霍 ㄏㄨㄛˋ
霓 ㄋㄧˊ
霏 ㄈㄟˍ
靛 ㄉㄧㄢˋ
靜 ㄐㄧㄥˋ
靦 ㄇㄧㄢˇ
鞘 ㄑㄧㄠˋ
頰 ㄐㄧㄚˊ
頸 ㄐㄧㄥˇ
頻 ㄆㄧㄣˊ
頷 ㄏㄢˋ
頭 ㄊㄡˊ/ㄊㄡ˙
頹 ㄊㄨㄟˊ
頤 ㄧˊ
餐 ㄘㄢˍ
館 ㄍㄨㄢˇ
餞 ㄐㄧㄢˋ
餛 ㄏㄨㄣˊ
餡 ㄒㄧㄢˋ
餚 ㄧㄠˊ
駭 ㄏㄞˋ
駢 ㄆㄧㄢˊ
駱 ㄌㄨㄛˋ
骸 ㄏㄞˊ
骼 ㄍㄜˊ
髻 ㄐㄧˋ
髭 ㄗˍ
鬨 ㄏㄨㄥˋ
鮑 ㄅㄠˋ
鴕 ㄊㄨㄛˊ
鴣 ㄍㄨˍ
鴦 ㄧㄤˍ
鴨 ㄧㄚˍ
鴒 ㄌㄧㄥˊ
鴛 ㄩㄢˍ
默 ㄇㄛˋ
黔 ㄑㄧㄢˊ
龍 ㄌㄨㄥˊ
龜 ㄍㄨㄟˍ
優 ㄧㄡˍ
償 ㄔㄤˊ
儡 ㄌㄟˇ
儲 ㄔㄨˊ
勵 ㄌㄧˋ
嚎 ㄏㄠˊ
嚀 ㄋㄧㄥˊ
嚐 ㄔㄤˊ
嚅 ㄖㄨˊ
嚇 ㄒㄧㄚˋ/ㄏㄜˋ
嚏 ㄊㄧˋ
壕 ㄏㄠˊ
壓 ㄧㄚˍ
壑 ㄏㄨㄛˋ
壎 ㄒㄩㄢˍ
嬰 ㄧㄥˍ
嬪 ㄆㄧㄣˊ
嬤 ㄇㄚˍ
孺 ㄖㄨˊ
尷 ㄍㄢˍ
屨 ㄐㄩˋ
嶼 ㄩˇ
嶺 ㄌㄧㄥˇ
嶽 ㄩㄝˋ
嶸 ㄖㄨㄥˊ
幫 ㄅㄤˍ
彌 ㄇㄧˊ
徽 ㄏㄨㄟˍ
應 ㄧㄥˍ/ㄧㄥˋ
懂 ㄉㄨㄥˇ
懇 ㄎㄣˇ
懦 ㄋㄨㄛˋ
懋 ㄇㄠˋ
戲 ㄒㄧˋ
戴 ㄉㄞˋ
擎 ㄑㄧㄥˊ
擊 ㄐㄧˊ
擘 ㄅㄛˋ
擠 ㄐㄧˇ
擰 ㄋㄧㄥˊ
擦 ㄘㄚˍ
擬 ㄋㄧˇ
擱 ㄍㄜˍ
擢 ㄓㄨㄛˊ
擭 ㄏㄨㄛˋ
斂 ㄌㄧㄢˋ
斃 ㄅㄧˋ
曙 ㄕㄨˋ
曖 ㄞˋ
檀 ㄊㄢˊ
檔 ㄉㄤˇ
檄 ㄒㄧˊ
檢 ㄐㄧㄢˇ
檜 ㄎㄨㄞˋ
櫛 ㄐㄧㄝˊ
檣 ㄑㄧㄤˊ
橾 ㄕㄨˍ
檗 ㄅㄛˊ
檐 ㄧㄣˊ
檠 ㄑㄧㄥˊ
歜 ㄔㄨˋ
殮 ㄌㄧㄢˋ
毚 ㄔㄢˊ
氈 ㄓㄢˍ
濘 ㄋㄥˋ
濱 ㄅㄧㄣˍ
濟 ㄐㄧˋ
濠 ㄏㄠˊ
濛 ㄇㄥˊ
濤 ㄊㄠˍ
濫 ㄌㄢˋ
濯 ㄓㄨㄛˊ
澀 ㄙㄜˋ
濬 ㄐㄩㄣˋ
濡 ㄖㄨˊ
濩 ㄏㄨㄛˋ
濕 ㄕˍ
濮 ㄆㄨˊ
濰 ㄨㄟˊ
燧 ㄙㄨㄟˋ
營 ㄧㄥˊ
燮 ㄒㄧㄝˋ
燦 ㄘㄢˋ
燥 ㄗㄠˋ
燭 ㄓㄨˊ
燬 ㄏㄨㄟˇ
燴 ㄏㄨㄟˋ
燠 ㄩˋ
爵 ㄐㄩㄝˊ
牆 ㄑㄧㄤˊ
獰 ㄋㄧㄥˊ
獲 ㄏㄨㄛˋ
璩 ㄑㄩˊ
環 ㄏㄨㄢˊ
璦 ㄞˋ
璨 ㄘㄢˋ
癆 ㄌㄠˊ
療 ㄌㄧㄠˊ
癌 ㄧㄢˊ
盪 ㄉㄤˋ
瞳 ㄊㄨㄥˊ
瞪 ㄉㄥˋ
瞰 ㄎㄢˋ
瞬 ㄕㄨㄣˋ
瞧 ㄑㄧㄠˊ
瞭 ㄌㄧㄠˇ
矯 ㄐㄧㄠˇ
磷 ㄌㄧㄣˊ
磺 ㄏㄨㄤˊ
磴 ㄉㄥˋ
磯 ㄐㄧˍ
礁 ㄐㄧㄠˍ
禧 ㄒㄧˍ
禪 ㄔㄢˊ
穗 ㄙㄨㄟˋ
窿 ㄌㄨㄥˊ
簇 ㄘㄨˋ
簍 ㄌㄡˇ
篾 ㄇㄧㄝˋ
篷 ㄆㄥˊ
簌 ㄙㄨˋ
篠 ㄒㄧㄠˇ
糠 ㄎㄤˍ
糜 ㄇㄧˊ
糞 ㄈㄣˋ
糢 ㄇㄛˊ
糟 ㄗㄠˍ
糙 ㄘㄠˍ
糝 ㄙㄢˇ
縮 ㄙㄨㄛˍ
績 ㄐㄧˍ
繆 ㄇㄧㄠˋ/ㄇㄧㄡˋ/ㄇㄡˊ
縷 ㄌㄩˇ
縲 ㄌㄟˊ
繃 ㄅㄥˍ
縫 ㄈㄥˋ/ㄈㄥˊ
總 ㄗㄨㄥˇ
縱 ㄗㄨㄥˋ
繅 ㄙㄠˍ
繁 ㄈㄢˊ
縴 ㄑㄧㄢˍ
縹 ㄆㄧㄠˇ
繈 ㄑㄧㄤˇ
縵 ㄇㄢˋ
縿 ㄕㄢˍ
縯 ㄧㄣˇ
罄 ㄑㄧㄥˋ
翳 ㄧˋ
翼 ㄧˋ
聱 ㄠˊ
聲 ㄕㄥˍ
聰 ㄘㄨㄥˍ
聯 ㄌㄧㄢˊ
聳 ㄙㄨㄥˇ
臆 ㄧˋ
臃 ㄩㄥˍ
膺 ㄧㄥˍ
臂 ㄅㄧˋ
臀 ㄊㄨㄣˊ
膿 ㄋㄨㄥˊ
膽 ㄉㄢˇ
臉 ㄌㄧㄢˇ
膾 ㄎㄨㄞˋ
臨 ㄌㄧㄣˊ
舉 ㄐㄩˇ
艱 ㄐㄧㄢˍ
薪 ㄒㄧㄣˍ
薄 ㄅㄛˊ
蕾 ㄌㄟˇ
薜 ㄅㄧˋ
薑 ㄐㄧㄤˍ
薔 ㄑㄧㄤˊ
薯 ㄕㄨˇ
薛 ㄒㄩㄝˍ
薇 ㄨㄟˊ
薨 ㄏㄨㄥˍ
薊 ㄐㄧˋ
虧 ㄎㄨㄟˍ
蟀 ㄕㄨㄛˋ
蟑 ㄓㄤˍ
螳 ㄊㄤˊ
蟒 ㄇㄤˇ
蟆 ㄇㄚˊ
螫 ㄕˋ
螻 ㄌㄡˊ
螺 ㄌㄨㄛˊ
蟈 ㄍㄨㄛˍ
蟋 ㄒㄧˍ
褻 ㄒㄧㄝˋ
褶 ㄓㄜˊ
襄 ㄒㄧㄤˍ
褸 ㄌㄩˇ
褽 ㄨㄟˋ
覬 ㄐㄧˋ
謎 ㄇㄧˊ
謗 ㄅㄤˋ
謙 ㄑㄧㄢˍ
講 ㄐㄧㄤˇ
謊 ㄏㄨㄤˇ
謠 ㄧㄠˊ
謝 ㄒㄧㄝˋ
謄 ㄊㄥˊ
謐 ㄇㄧˋ
豁 ㄏㄨㄛˋ
谿 ㄒㄧˍ
豳 ㄅㄧㄣˍ
賺 ㄓㄨㄢˋ
賽 ㄙㄞˋ
購 ㄍㄡˋ
賸 ㄕㄥˋ
賻 ㄈㄨˋ
趨 ㄑㄩˍ
蹉 ㄘㄨㄛˍ
蹋 ㄊㄚˋ
蹈 ㄉㄠˋ
蹊 ㄒㄧˍ
轄 ㄒㄧㄚˊ
輾 ㄋㄧㄢˇ
轂 ㄍㄨˇ
轅 ㄩㄢˊ
輿 ㄩˊ
避 ㄅㄧˋ
遽 ㄐㄩˋ
還 ㄏㄞˊ/ㄏㄨㄢˊ
邁 ㄇㄞˋ
邂 ㄒㄧㄝˋ
邀 ㄧㄠˍ
鄹 ㄗㄡˍ
醣 ㄊㄤˊ
醞 ㄩㄣˋ
醜 ㄔㄡˇ
鍍 ㄉㄨˋ
鎂 ㄇㄟˇ
錨 ㄇㄠˊ
鍵 ㄐㄧㄢˋ
鍊 ㄌㄧㄢˋ
鍥 ㄑㄧㄝˋ
鍋 ㄍㄨㄛˍ
錘 ㄔㄨㄟˊ
鍾 ㄓㄨㄥˍ
鍬 ㄑㄧㄠˍ
鍛 ㄉㄨㄢˋ
鍰 ㄏㄨㄢˊ
鍚 ㄧㄤˊ
鍔 ㄜˋ
闊 ㄎㄨㄛˋ
闋 ㄑㄩㄝˋ
闌 ㄌㄢˊ
闈 ㄨㄟˊ
闆 ㄅㄢˇ
隱 ㄧㄣˇ
隸 ㄌㄧˋ
雖 ㄙㄨㄟˍ
霜 ㄕㄨㄤˍ
霞 ㄒㄧㄚˊ
鞠 ㄐㄩˊ
韓 ㄏㄢˊ
顆 ㄎㄜˍ
颶 ㄐㄩˋ
餵 ㄨㄟˋ
騁 ㄔㄥˇ
駿 ㄐㄩㄣˋ
鮮 ㄒㄧㄢˍ
鮫 ㄐㄧㄠˍ
鮪 ㄨㄟˇ
鮭 ㄍㄨㄟˍ
鴻 ㄏㄨㄥˊ
鴿 ㄍㄜˍ
麋 ㄇㄧˊ
黏 ㄋㄧㄢˊ
點 ㄉㄧㄢˇ
黜 ㄔㄨˋ
黝 ㄧㄡˇ
黛 ㄉㄞˋ
鼾 ㄏㄢˍ
齋 ㄓㄞˍ
叢 ㄘㄨㄥˊ
嚕 ㄌㄨˍ
嚮 ㄒㄧㄤˋ
壙 ㄎㄨㄤˋ
壘 ㄌㄟˇ
嬸 ㄕㄣˇ
彝 ㄧˊ
懣 ㄇㄣˋ
戳 ㄔㄨㄛˍ
擴 ㄎㄨㄛˋ
擲 ㄓˊ
擾 ㄖㄠˇ
攆 ㄋㄧㄢˇ
擺 ㄅㄞˇ
擻 ㄙㄡˇ
擷 ㄐㄧㄝˊ
斷 ㄉㄨㄢˋ
曜 ㄧㄠˋ
朦 ㄇㄥˊ
檳 ㄅㄧㄣˍ
檬 ㄇㄥˊ
櫃 ㄍㄨㄟˋ
檻 ㄎㄢˇ
檸 ㄋㄧㄥˊ
櫂 ㄓㄠˋ
檮 ㄊㄠˊ
檯 ㄊㄞˊ
歟 ㄩˊ
歸 ㄍㄨㄟˍ
殯 ㄅㄧㄣˋ
瀉 ㄒㄧㄝˋ
瀋 ㄕㄣˇ
濾 ㄌㄩˋ
瀆 ㄉㄨˊ
濺 ㄐㄧㄢˋ
瀑 ㄆㄨˋ
瀏 ㄌㄧㄡˊ
燻 ㄒㄩㄣˍ
燼 ㄐㄧㄣˋ
燾 ㄊㄠˊ
燸 ㄖㄨˊ
獷 ㄍㄨㄤˇ
獵 ㄌㄧㄝˋ
璧 ㄅㄧˋ
璿 ㄒㄩㄢˊ
甕 ㄨㄥˋ
癖 ㄆㄧˋ
癘 ㄐㄧˍ
癒 ㄩˋ
瞽 ㄍㄨˇ
瞿 ㄑㄩˊ
瞻 ㄓㄢˍ
瞼 ㄐㄧㄢˇ
礎 ㄔㄨˇ
禮 ㄌㄧˇ
穡 ㄙㄜˋ
穢 ㄏㄨㄟˋ
穠 ㄋㄨㄥˊ
竄 ㄘㄨㄢˋ
竅 ㄑㄧㄠˋ
簫 ㄒㄧㄠˍ
簧 ㄏㄨㄤˊ
簪 ㄗㄢˍ
簞 ㄉㄢˍ
簣 ㄎㄨㄟˋ
簡 ㄐㄧㄢˇ
糧 ㄌㄧㄤˊ
織 ㄓˍ
繕 ㄕㄢˋ
繞 ㄖㄠˋ
繚 ㄌㄧㄠˊ
繡 ㄒㄧㄡˋ
繒 ㄗㄥˍ
繙 ㄈㄢˍ
罈 ㄊㄢˊ
翹 ㄑㄧㄠˋ
翻 ㄈㄢˍ
職 ㄓˊ
聶 ㄋㄧㄝˋ
臍 ㄑㄧˊ
臏 ㄅㄧㄣˋ
舊 ㄐㄧㄡˋ
藏 ㄘㄤˊ
薩 ㄙㄚˋ
藍 ㄌㄢˊ
藐 ㄇㄧㄠˇ
藉 ㄐㄧㄝˋ
薰 ㄒㄩㄣˍ
薺 ㄐㄧˋ
薹 ㄊㄞˊ
薦 ㄐㄧㄢˋ
蟯 ㄖㄠˊ
蟬 ㄔㄢˊ
蟲 ㄔㄨㄥˊ
蟠 ㄆㄢˊ
覆 ㄈㄨˋ
覲 ㄐㄧㄣˋ
觴 ㄕㄤˍ
謨 ㄇㄛˊ
謹 ㄐㄧㄣˇ
謬 ㄇㄧㄡˋ
謫 ㄓㄜˊ
豐 ㄈㄥˍ
贅 ㄓㄨㄟˋ
蹙 ㄘㄨˋ
蹣 ㄆㄢˊ
蹦 ㄅㄥˋ
蹤 ㄗㄨㄥˍ
蹟 ㄐㄧˍ
蹕 ㄅㄧˋ
軀 ㄑㄩˍ
轉 ㄓㄨㄢˇ/ㄓㄨㄢˋ
轍 ㄔㄜˋ
邇 ㄦˇ
邃 ㄙㄨㄟˋ
邈 ㄇㄧㄠˇ
醫 ㄧˍ
醬 ㄐㄧㄤˋ
釐 ㄌㄧˊ
鎔 ㄖㄨㄥˊ
鎊 ㄅㄤˋ
鎖 ㄙㄨㄛˇ
鎢 ㄨˍ
鎳 ㄋㄧㄝˋ
鎮 ㄓㄣˋ
鎬 ㄏㄠˋ
鎰 ㄧˋ
鎘 ㄍㄜˊ
鎚 ㄔㄨㄟˊ
鎗 ㄑㄧㄤˍ
闔 ㄏㄜˊ
闖 ㄔㄨㄤˇ
闐 ㄊㄧㄢˊ
闕 ㄑㄩㄝˋ
離 ㄌㄧˊ
雜 ㄗㄚˊ
雙 ㄕㄨㄤˍ
雛 ㄔㄨˊ
雞 ㄐㄧˍ
霤 ㄌㄧㄡˋ
鞣 ㄖㄡˊ
鞦 ㄑㄧㄡˍ
鞭 ㄅㄧㄢˍ
韹 ㄏㄨㄤˊ
額 ㄜˊ
顏 ㄧㄢˊ
題 ㄊㄧˊ
顎 ㄜˋ
顓 ㄓㄨㄢˍ
颺 ㄧㄤˊ
餾 ㄌㄧㄡˋ
餿 ㄙㄡˍ
餽 ㄎㄨㄟˋ
餮 ㄊㄧㄝˋ
馥 ㄈㄨˋ
騎 ㄑㄧˊ
髁 ㄎㄜˋ
鬃 ㄗㄨㄥˍ
鬆 ㄙㄨㄥˍ
魏 ㄨㄟˋ
魎 ㄌㄧㄤˇ
魍 ㄨㄤˇ
鯊 ㄕㄚˍ
鯉 ㄌㄧˇ
鯽 ㄐㄧˋ
鯈 ㄔㄡˊ
鯀 ㄍㄨㄣˇ
鵑 ㄐㄩㄢˍ
鵝 ㄜˊ
鵠 ㄏㄨˊ
黠 ㄒㄧㄚˊ
鼕 ㄉㄨㄥˍ
鼬 ㄧㄡˋ
儳 ㄔㄢˋ
嚥 ㄧㄢˋ
壞 ㄏㄨㄞˋ
壟 ㄌㄨㄥˇ
壢 ㄌㄧˋ
寵 ㄔㄨㄥˇ
龐 ㄆㄤˊ
廬 ㄌㄨˊ
懲 ㄔㄥˊ
懷 ㄏㄨㄞˊ
懶 ㄌㄢˇ
懵 ㄇㄥˇ
攀 ㄆㄢˍ
攏 ㄌㄨㄥˇ
曠 ㄎㄨㄤˋ
曝 ㄆㄨˋ
櫥 ㄔㄨˊ
櫝 ㄉㄨˊ
櫚 ㄌㄩˊ
櫓 ㄌㄨˇ
瀛 ㄧㄥˊ
瀟 ㄒㄧㄠˍ
瀨 ㄌㄞˋ
瀚 ㄏㄢˋ
瀝 ㄌㄧˋ
瀕 ㄅㄧㄣˍ
瀘 ㄌㄨˊ
爆 ㄅㄠˋ
爍 ㄕㄨㄛˋ
牘 ㄉㄨˊ
犢 ㄉㄨˊ
獸 ㄕㄡˋ
獺 ㄊㄚˋ
璽 ㄒㄧˇ
瓊 ㄑㄩㄥˊ
瓣 ㄅㄢˋ
疇 ㄔㄡˊ
疆 ㄐㄧㄤˍ
癟 ㄅㄧㄝˇ
癡 ㄔˍ
矇 ㄇㄥˊ
礙 ㄞˋ
禱 ㄉㄠˇ
穫 ㄏㄨㄛˋ
穩 ㄨㄣˇ
簾 ㄌㄧㄢˊ
簿 ㄅㄨˋ
簸 ㄅㄛˇ
簽 ㄑㄧㄢˍ
簷 ㄧㄢˊ
籀 ㄓㄡˋ
繫 ㄒㄧˋ
繭 ㄐㄧㄢˇ
繹 ㄧˋ
繩 ㄕㄥˊ
繪 ㄏㄨㄟˋ
羅 ㄌㄨㄛˊ
繳 ㄐㄧㄠˇ
羶 ㄕㄢˍ
羹 ㄍㄥˍ
羸 ㄌㄟˊ
臘 ㄌㄚˋ
藩 ㄈㄢˊ
藝 ㄧˋ
藪 ㄙㄡˇ
藕 ㄡˇ
藤 ㄊㄥˊ
藥 ㄧㄠˋ
藷 ㄓㄨˍ
蟻 ㄧˇ
蠅 ㄧㄥˊ
蠍 ㄒㄧㄝˍ
蟹 ㄒㄧㄝˋ
蟾 ㄔㄢˊ
襠 ㄉㄤˍ
襟 ㄐㄧㄣˍ
襖 ㄠˇ
襞 ㄅㄧˋ
譁 ㄏㄨㄚˊ
譜 ㄆㄨˇ
識 ㄕˋ
證 ㄓㄥˋ
譚 ㄊㄢˊ
譎 ㄐㄩㄝˊ
譏 ㄐㄧˍ
譆 ㄒㄧˍ
譙 ㄑㄧㄠˊ
贈 ㄗㄥˋ
贊 ㄗㄢˋ
蹼 ㄆㄨˊ
蹲 ㄉㄨㄣˍ
躇 ㄔㄨˊ
蹶 ㄐㄩㄝˇ
蹬 ㄉㄥˋ
蹺 ㄑㄧㄠˍ
蹴 ㄘㄨˋ
轔 ㄌㄧㄣˊ
轎 ㄐㄧㄠˋ
辭 ㄘˊ
邊 ㄅㄧㄢˍ
邋 ㄌㄚˊ
醱 ㄆㄛˋ
醮 ㄐㄧㄠˋ
鏡 ㄐㄧㄥˋ
鏑 ㄉㄧˊ
鏟 ㄔㄢˇ
鏃 ㄘㄨˋ
鏈 ㄌㄧㄢˋ
鏜 ㄊㄤˊ
鏝 ㄇㄢˋ
鏖 ㄠˊ
鏢 ㄅㄧㄠˍ
鏍 ㄌㄨㄛˊ
鏘 ㄑㄧㄤˍ
鏤 ㄌㄡˋ
鏗 ㄎㄥˍ
鏨 ㄗㄢˋ
關 ㄍㄨㄢˍ
隴 ㄌㄨㄥˇ
難 ㄋㄢˊ/ㄋㄢˋ
霪 ㄧㄣˊ
霧 ㄨˋ
靡 ㄇㄧˊ
韜 ㄊㄠˍ
韻 ㄩㄣˋ
類 ㄌㄟˋ
願 ㄩㄢˋ
顛 ㄉㄧㄢˍ
颼 ㄙㄡˍ
饅 ㄇㄢˊ
饉 ㄐㄧㄣˇ
騖 ㄨˋ
騙 ㄆㄧㄢˋ
鬍 ㄏㄨˊ
鯨 ㄐㄧㄥˍ
鯧 ㄔㄤˍ
鯖 ㄑㄧㄥˍ
鯛 ㄉㄧㄠˍ
鶉 ㄔㄨㄣˊ
鵡 ㄨˇ
鵲 ㄑㄩㄝˋ
鵪 ㄢˍ
鵬 ㄆㄥˊ
麒 ㄑㄧˊ
麗 ㄌㄧˋ
麓 ㄌㄨˋ
麴 ㄑㄩˊ
勸 ㄑㄩㄢˋ
嚨 ㄌㄨㄥˊ
嚷 ㄖㄤˇ
嚶 ㄧㄥˍ
嚴 ㄧㄢˊ
嚼 ㄐㄧㄠˊ
壤 ㄖㄤˇ
孀 ㄕㄨㄤˍ
孃 ㄋㄧㄤˊ
孽 ㄋㄧㄝˋ
寶 ㄅㄠˇ
巉 ㄔㄢˊ
懸 ㄒㄩㄢˊ
懺 ㄔㄢˋ
攘 ㄖㄤˇ
攔 ㄌㄢˊ
攙 ㄔㄢˍ
曦 ㄒㄧˍ
朧 ㄌㄨㄥˊ
櫬 ㄔㄣˋ
瀾 ㄌㄢˊ
瀰 ㄇㄧˊ
瀲 ㄌㄧㄢˋ
爐 ㄌㄨˊ
獻 ㄒㄧㄢˋ
瓏 ㄌㄨㄥˊ
癢 ㄧㄤˇ
癥 ㄓㄥˍ
礦 ㄎㄨㄤˋ
礪 ㄌㄧˋ
礬 ㄈㄢˊ
礫 ㄌㄧˋ
竇 ㄉㄡˋ
競 ㄐㄧㄥˋ
籌 ㄔㄡˊ
籃 ㄌㄢˊ
籍 ㄐㄧˊ
糯 ㄋㄨㄛˋ
糰 ㄊㄨㄢˊ
辮 ㄅㄧㄢˋ
繽 ㄅㄧㄣˍ
繼 ㄐㄧˋ
纂 ㄗㄨㄢˇ
罌 ㄧㄥˍ
耀 ㄧㄠˋ
臚 ㄌㄨˊ
艦 ㄐㄧㄢˋ
藻 ㄗㄠˇ
藹 ㄞˇ
蘑 ㄇㄛˊ
藺 ㄌㄧㄣˋ
蘆 ㄌㄨˊ
蘋 ㄆㄧㄥˊ
蘇 ㄙㄨˍ
蘊 ㄩㄣˋ
蠔 ㄏㄠˊ
蠕 ㄖㄨˊ
襤 ㄌㄢˊ
覺 ㄐㄩㄝˊ
觸 ㄔㄨˋ
議 ㄧˋ
譬 ㄆㄧˋ
警 ㄐㄧㄥˇ
譯 ㄧˋ
譟 ㄗㄠˋ
譫 ㄓㄢˍ
贏 ㄧㄥˊ
贍 ㄕㄢˋ
躉 ㄉㄨㄣˇ
躁 ㄗㄠˋ
躅 ㄓㄨˊ
躂 ㄊㄚˋ
醴 ㄌㄧˇ
釋 ㄕˋ
鐘 ㄓㄨㄥˍ
鐃 ㄋㄠˊ
鏽 ㄒㄧㄡˋ
闡 ㄔㄢˇ
霰 ㄒㄧㄢˋ
飄 ㄆㄧㄠˍ
饒 ㄖㄠˊ
饑 ㄐㄧˍ
馨 ㄒㄧㄣˍ
騫 ㄑㄧㄢˍ
騰 ㄊㄥˊ
騷 ㄙㄠˍ
騵 ㄩㄢˊ
鰓 ㄙㄞˍ
鰍 ㄑㄧㄡˍ
鹹 ㄒㄧㄢˊ
麵 ㄇㄧㄢˋ
黨 ㄉㄤˇ
鼯 ㄨˊ
齟 ㄐㄩˇ
齣 ㄔㄨˍ
齡 ㄌㄧㄥˊ
儷 ㄌㄧˋ
儸 ㄌㄨㄛˊ
囁 ㄋㄧㄝˋ
囀 ㄓㄨㄢˇ
囂 ㄒㄧㄠˍ
夔 ㄎㄨㄟˊ
屬 ㄕㄨˇ
巍 ㄨㄟˊ
懼 ㄐㄩˋ
懾 ㄓㄜˊ
攝 ㄕㄜˋ
攜 ㄒㄧˍ
斕 ㄌㄢˊ
曩 ㄋㄤˇ
櫻 ㄧㄥˍ
欄 ㄌㄢˊ
櫺 ㄌㄧㄥˊ
殲 ㄐㄧㄢˍ
灌 ㄍㄨㄢˋ
爛 ㄌㄢˋ
犧 ㄒㄧˍ
瓖 ㄒㄧㄤˍ
瓔 ㄧㄥˍ
癩 ㄌㄞˋ
矓 ㄌㄨㄥˊ
籐 ㄊㄥˊ
纏 ㄔㄢˊ
續 ㄒㄩˋ
羼 ㄔㄢˋ
蘗 ㄅㄛˋ
蘭 ㄌㄢˊ
蘚 ㄒㄧㄢˇ
蠣 ㄌㄧˋ
蠢 ㄔㄨㄣˇ
蠡 ㄌㄧˊ
蠟 ㄌㄚˋ
襪 ㄨㄚˋ
襬 ㄅㄞˇ
覽 ㄌㄢˇ
譴 ㄑㄧㄢˇ
護 ㄏㄨˋ
譽 ㄩˋ
贓 ㄗㄤˍ
躊 ㄔㄡˊ
躍 ㄩㄝˋ
躋 ㄐㄧˍ
轟 ㄏㄨㄥˍ
辯 ㄅㄧㄢˋ
醺 ㄒㄩㄣˍ
鐮 ㄌㄧㄢˊ
鐳 ㄌㄟˊ
鐵 ㄊㄧㄝˇ
鐺 ㄉㄤˍ
鐸 ㄉㄨㄛˊ
鐲 ㄓㄨㄛˊ
鐫 ㄐㄩㄢˍ
闢 ㄆㄧˋ
霸 ㄅㄚˋ
霹 ㄆㄧˍ
露 ㄌㄡˋ/ㄌㄨˋ
響 ㄒㄧㄤˇ
顧 ㄍㄨˋ
顥 ㄏㄠˋ
饗 ㄒㄧㄤˇ
驅 ㄑㄩˍ
驃 ㄆㄧㄠˋ
驀 ㄇㄛˋ
騾 ㄌㄨㄛˊ
髏 ㄌㄡˊ
魔 ㄇㄛˊ
魑 ㄔˍ
鰭 ㄑㄧˊ
鰥 ㄍㄨㄢˍ
鶯 ㄧㄥˍ
鶴 ㄏㄜˋ
鷂 ㄧㄠˋ
鶸 ㄖㄨㄛˋ
麝 ㄕㄜˋ
黯 ㄢˋ
鼙 ㄆㄧˊ
齜 ㄗˍ
齦 ㄧㄣˊ
齧 ㄋㄧㄝˋ
儼 ㄧㄢˇ
儻 ㄊㄤˇ
囈 ㄧˋ
囊 ㄋㄤˊ
囉 ㄌㄨㄛˍ
孿 ㄌㄩㄢˊ
巔 ㄉㄧㄢˍ
巒 ㄌㄨㄢˊ
彎 ㄨㄢˍ
懿 ㄧˋ
攤 ㄊㄢˍ
權 ㄑㄩㄢˊ
歡 ㄏㄨㄢˍ
灑 ㄙㄚˇ
灘 ㄊㄢˍ
玀 ㄌㄨㄛˊ
瓤 ㄖㄤˊ
疊 ㄉㄧㄝˊ
癮 ㄧㄣˇ
癬 ㄒㄧㄢˇ
禳 ㄖㄤˊ
籠 ㄌㄨㄥˊ
籟 ㄌㄞˋ
聾 ㄌㄨㄥˊ
聽 ㄊㄧㄥˍ
臟 ㄗㄤˋ
襲 ㄒㄧˊ
襯 ㄔㄣˋ
觼 ㄐㄩㄝˊ
讀 ㄉㄨˊ
贖 ㄕㄨˊ
贗 ㄧㄢˋ
躑 ㄓˊ
躓 ㄓˋ
轡 ㄆㄟˋ
酈 ㄌㄧˋ
鑄 ㄓㄨˋ
鑑 ㄐㄧㄢˋ
鑒 ㄐㄧㄢˋ
霽 ㄐㄧˋ
霾 ㄇㄞˊ
韃 ㄉㄚˊ
韁 ㄐㄧㄤˍ
顫 ㄓㄢˋ
饕 ㄊㄠˍ
驕 ㄐㄧㄠˍ
驍 ㄒㄧㄠˍ
髒 ㄗㄤˍ
鬚 ㄒㄩˍ
鱉 ㄅㄧㄝˍ
鰱 ㄌㄧㄢˊ
鰾 ㄅㄧㄠˋ
鰻 ㄇㄢˊ
鷓 ㄓㄜˋ
鷗 ㄡˍ
鼴 ㄧㄢˇ
齬 ㄩˇ
齪 ㄔㄨㄛˋ
龔 ㄍㄨㄥˍ
囌 ㄙㄨˍ
巖 ㄧㄢˊ
戀 ㄌㄧㄢˋ
攣 ㄌㄩㄢˊ
攫 ㄐㄩㄝˊ
攪 ㄐㄧㄠˇ
曬 ㄕㄞˋ
欐 ㄌㄧˋ
瓚 ㄗㄢˋ
竊 ㄑㄧㄝˋ
籤 ㄑㄧㄢˍ
籣 ㄌㄢˊ
籥 ㄩㄝˋ
纓 ㄧㄥˍ
纖 ㄒㄧㄢˍ
纔 ㄘㄞˊ
臢 ㄗㄤˍ
蘸 ㄓㄢˋ
蘿 ㄌㄨㄛˊ
蠱 ㄍㄨˇ
變 ㄅㄧㄢˋ
邐 ㄌㄧˇ
邏 ㄌㄨㄛˊ
鑣 ㄅㄧㄠˍ
鑠 ㄕㄨㄛˋ
鑤 ㄅㄠˋ
靨 ㄧㄝˋ
顯 ㄒㄧㄢˇ
饜 ㄧㄢˋ
驚 ㄐㄧㄥˍ
驛 ㄧˋ
驗 ㄧㄢˋ
髓 ㄙㄨㄟˇ
體 ㄊㄧˇ
髑 ㄉㄨˊ
鱔 ㄕㄢˋ
鱗 ㄌㄧㄣˊ
鱖 ㄐㄩㄝˊ
鷥 ㄙˍ
麟 ㄌㄧㄣˊ
黴 ㄇㄟˊ
囑 ㄓㄨˇ
壩 ㄅㄚˋ
攬 ㄌㄢˇ
灞 ㄅㄚˋ
癱 ㄊㄢˍ
癲 ㄉㄧㄢˍ
矗 ㄔㄨˋ
罐 ㄍㄨㄢˋ
羈 ㄐㄧˍ
蠶 ㄘㄢˊ
蠹 ㄉㄨˋ
衢 ㄑㄩˊ
讓 ㄖㄤˋ
讒 ㄔㄢˊ
讖 ㄔㄣˋ
艷 ㄧㄢˋ
贛 ㄍㄢˋ
釀 ㄋㄧㄤˋ
鑪 ㄌㄨˊ
靂 ㄌㄧˋ
靈 ㄌㄧㄥˊ
靄 ㄞˇ
韆 ㄑㄧㄢˍ
顰 ㄆㄧㄣˊ
驟 ㄗㄡˋ
鬢 ㄅㄧㄣˋ
魘 ㄧㄢˇ
鱟 ㄏㄡˋ
鷹 ㄧㄥˍ
鷺 ㄌㄨˋ
鹼 ㄐㄧㄢˇ
鹽 ㄧㄢˊ
鼇 ㄠˊ
齷 ㄨㄛˋ
齲 ㄑㄩˇ
廳 ㄊㄧㄥˍ
欖 ㄌㄢˇ
灣 ㄨㄢˍ
籬 ㄌㄧˊ
籮 ㄌㄨㄛˊ
蠻 ㄇㄢˊ
觀 ㄍㄨㄢˍ
躡 ㄋㄧㄝˋ
釁 ㄒㄧㄣˋ
鑲 ㄒㄧㄤˍ
鑰 ㄧㄠˋ
顱 ㄌㄨˊ
饞 ㄔㄢˊ
髖 ㄎㄨㄢˍ
鬣 ㄌㄧㄝˋ
黌 ㄏㄨㄥˊ
灤 ㄌㄨㄢˊ
矚 ㄓㄨˇ
讚 ㄗㄢˋ
鑷 ㄋㄧㄝˋ
韉 ㄐㄧㄢˍ
驢 ㄌㄩˊ
驥 ㄐㄧˋ
纜 ㄌㄢˇ
讜 ㄉㄤˇ
躪 ㄌㄧㄣˋ
釅 ㄧㄢˋ
鑽 ㄗㄨㄢˍ
鑾 ㄌㄨㄢˊ
鑼 ㄌㄨㄛˊ
鱷 ㄜˋ
鱸 ㄌㄨˊ
黷 ㄉㄨˊ
豔 ㄧㄢˋ
鑿 ㄗㄠˊ
鸚 ㄧㄥˍ
爨 ㄘㄨㄢˋ
驪 ㄌㄧˊ
鬱 ㄩˋ
鸛 ㄍㄨㄢˋ
鸞 ㄌㄨㄢˊ
籲 ㄩˋ
乂 ㄧˋ
乜 ㄇㄧㄝˍ
凵 ㄎㄢˇ
匚 ㄈㄤˍ
厂 ㄢˍ
万 ㄨㄢˋ
丌 ㄐㄧˍ
乇 ㄓㄜˊ
亍 ㄔㄨˋ
囗 ㄨㄟˊ
屮 ㄔㄜˋ
彳 ㄔˋ
丏 ㄇㄧㄢˇ
冇 ㄇㄡˇ
与 ㄩˇ
丮 ㄐㄧˇ
亓 ㄑㄧˊ
仂 ㄌㄜˋ
仉 ㄓㄤˇ
仈 ㄅㄚˍ
冘 ㄧㄣˊ
勼 ㄐㄧㄡˍ
卬 ㄤˊ
厹 ㄑㄧㄡˊ
圠 ㄧㄚˋ
夃 ㄍㄨˍ
夬 ㄍㄨㄞˋ
尐 ㄐㄧˍ
巿 ㄈㄨˊ
旡 ㄐㄧˋ
殳 ㄕㄨˍ
毌 ㄍㄨㄢˍ
气 ㄑㄧˋ
爿 ㄑㄧㄤˊ
丱 ㄍㄨㄢˋ
丼 ㄐㄧㄥˇ
仨 ㄙㄚˍ
仜 ㄏㄨㄥˊ
仩 ㄕㄤˋ
仡 ㄧˋ
仝 ㄊㄨㄥˊ
仚 ㄒㄧㄢˍ
刌 ㄘㄨㄣˇ
匜 ㄧˊ
卌 ㄒㄧˋ
圢 ㄊㄧㄥˇ
圣 ㄕㄥˋ
夗 ㄩㄢˋ
夯 ㄏㄤˍ
宁 ㄓㄨˋ
宄 ㄍㄨㄟˇ
尒 ㄦˇ
尻 ㄎㄠˍ
屴 ㄌㄧˋ
屳 ㄒㄧㄢˍ
帄 ㄉㄧㄥˍ
庀 ㄆㄧˇ
庂 ㄗㄜˋ
忉 ㄉㄠˍ
戉 ㄩㄝˋ
扐 ㄌㄜˋ
氕 ㄆㄧㄝˍ
氶 ㄓㄥˇ
汃 ㄅㄧㄣˍ
氿 ㄍㄨㄟˇ
氻 ㄌㄜˋ
犮 ㄅㄚˊ
犰 ㄑㄧㄡˊ
玊 ㄒㄧㄡˋ
禸 ㄖㄡˊ
肊 ㄧˋ
阞 ㄌㄜˋ
伎 ㄐㄧˋ
优 ㄧㄡˊ
伬 ㄔˇ
仵 ㄨˇ
伔 ㄔㄣˊ
仱 ㄐㄧㄥˍ
伀 ㄓㄨㄥˍ
价 ㄐㄧㄝˋ
伝 ㄩㄣˊ
伂 ㄆㄟˋ
伅 ㄉㄨㄣˋ
伢 ㄧㄚˊ
伓 ㄅㄟˍ
伄 ㄉㄧㄠˋ
仴 ㄨㄢˋ
伒 ㄐㄧㄣˋ
冱 ㄏㄨˋ
刓 ㄨㄢˊ
刉 ㄐㄧˋ
刐 ㄉㄢˇ
劦 ㄒㄧㄝˊ
匢 ㄏㄨˍ
匟 ㄎㄤˋ
卍 ㄨㄢˋ
厊 ㄧㄚˇ
吇 ㄗˇ
囡 ㄋㄢˍ
囟 ㄒㄧㄣˋ
圮 ㄆㄧˇ
圪 ㄧˍ
圴 ㄓㄨㄛˊ
妀 ㄐㄧˇ
奼 ㄔㄚˋ
妅 ㄏㄨㄥˊ
奻 ㄋㄢˊ
奾 ㄒㄧㄢˍ
奷 ㄑㄧㄢˍ
奿 ㄈㄢˋ
孖 ㄗˍ
尥 ㄌㄧㄠˋ
屼 ㄨˋ
屺 ㄑㄧˇ
屻 ㄖㄣˋ
屾 ㄕㄣˍ
巟 ㄏㄨㄤˍ
幵 ㄐㄧㄢˍ
庄 ㄓㄨㄤˍ
异 ㄧˋ
弚 ㄊㄨㄟˊ
彴 ㄓㄨㄛˊ
忕 ㄉㄞˋ
忔 ㄑㄧˋ
忏 ㄑㄧㄢˍ
扜 ㄩˍ
扞 ㄏㄢˋ
扤 ㄨˋ
扡 ㄧˇ
扦 ㄑㄧㄢˍ
扢 ㄍㄨˇ
扙 ㄓㄤˋ
扠 ㄔㄚˍ
扚 ㄉㄧㄠˍ
扥 ㄊㄨㄛˍ
旯 ㄌㄚˊ
旮 ㄒㄩˋ
朾 ㄊㄧㄥˊ
朹 ㄑㄧㄡˊ
朸 ㄌㄧˋ
朻 ㄐㄧㄡˍ
机 ㄐㄧˍ
朿 ㄘˋ
朼 ㄅㄧˇ
朳 ㄅㄚˍ
氘 ㄉㄠˍ
汆 ㄊㄨㄣˇ
汒 ㄇㄤˇ
汜 ㄙˋ
汏 ㄉㄞˋ
汊 ㄔㄚˋ
汔 ㄑㄧˋ
汋 ㄓㄨㄛˊ
汌 ㄔㄨㄢˋ
灱 ㄒㄧㄠˍ
牞 ㄐㄧㄡˍ
犴 ㄏㄢˋ
犵 ㄐㄧㄝˊ
玎 ㄉㄧㄥˍ
甪 ㄌㄨˋ
癿 ㄑㄧㄝˊ
穵 ㄨㄚˍ
网 ㄨㄤˇ
艸 ㄘㄠˇ
艼 ㄊㄧㄥˍ
芀 ㄊㄧㄠˊ
艽 ㄐㄧㄠˍ
艿 ㄋㄞˇ
虍 ㄏㄨˍ
襾 ㄧㄚˋ
邙 ㄇㄤˊ
邗 ㄏㄢˊ
邘 ㄩˊ
邛 ㄑㄩㄥˊ
邔 ㄑㄧˇ
阢 ㄨˋ
阤 ㄊㄨㄛˊ
阠 ㄕㄣˍ
阣 ㄧˋ
佖 ㄅㄧˋ
伻 ㄅㄥˍ
佢 ㄐㄩˋ
佉 ㄑㄩˍ
体 ㄊㄧˇ
佤 ㄨㄚˇ
伾 ㄆㄧˍ
佧 ㄎㄚˇ
佒 ㄧㄤˍ
佟 ㄊㄨㄥˊ
佁 ㄞˇ
佘 ㄕㄜˊ
伭 ㄒㄩㄢˊ
伳 ㄒㄧㄝˋ
伿 ㄧˋ
佡 ㄒㄩㄢˍ
冏 ㄐㄩㄥˇ
冹 ㄈㄨˇ
刜 ㄈㄨˊ
刞 ㄑㄩˋ
刡 ㄇㄧㄣˇ
劭 ㄕㄠˋ
劮 ㄧˋ
匉 ㄆㄥˍ
卣 ㄧㄡˋ
卲 ㄕㄠˋ
厎 ㄓˇ
厏 ㄓㄚˇ
吰 ㄏㄨㄥˊ
吷 ㄔㄨㄛˋ
吪 ㄜˊ
呔 ㄊㄞˋ
呅 ㄇㄟˊ
吙 ㄒㄩㄝˍ
吜 ㄔㄡˇ
吥 ㄆㄡˍ
吘 ㄡˇ
吽 ㄏㄨㄥˍ
呏 ㄕㄥˍ
呁 ㄐㄩㄣˋ
吨 ㄊㄨㄣˇ
吤 ㄐㄧㄝˋ
呇 ㄑㄧˇ
囮 ㄜˊ
囧 ㄐㄩㄥˇ
囥 ㄎㄤˋ
坁 ㄓˇ
坅 ㄑㄧㄣˇ
坌 ㄅㄣˋ
坉 ㄉㄨㄣˋ
坋 ㄈㄣˋ
坒 ㄅㄧˋ
夆 ㄈㄥˊ
奀 ㄇㄤˊ
妦 ㄈㄥˍ
妘 ㄩㄣˊ
妠 ㄋㄚˋ
妗 ㄐㄧㄣˋ
妎 ㄒㄧㄝˋ
妢 ㄈㄣˊ
妐 ㄓㄨㄥˍ
妏 ㄨㄣˋ
妧 ㄩㄢˊ
妡 ㄒㄧㄣˋ
宎 ㄧㄠˇ
宒 ㄓㄨㄣˍ
尨 ㄇㄤˊ
尪 ㄨㄤˍ
岍 ㄑㄧㄢˍ
岏 ㄨㄢˊ
岈 ㄒㄧㄚˍ
岋 ㄜˋ
岉 ㄨˋ
岒 ㄑㄧㄢˊ
岊 ㄐㄧㄝˊ
岆 ㄧㄠˇ
岓 ㄑㄧˊ
岕 ㄐㄧㄝˋ
巠 ㄐㄧㄥˍ
帊 ㄆㄚˋ
帎 ㄉㄢˋ
庋 ㄐㄧˇ
庉 ㄉㄨㄣˋ
庌 ㄧㄚˇ
庈 ㄑㄧㄣˊ
庍 ㄅㄞˋ
弅 ㄈㄣˊ
弝 ㄅㄚˋ
彸 ㄓㄨㄥˍ
彶 ㄐㄧˊ
忒 ㄊㄜˋ
忑 ㄊㄜˋ
忐 ㄊㄢˇ
忭 ㄅㄧㄢˋ
忨 ㄨㄢˋ
忮 ㄓˋ
忳 ㄊㄨㄣˊ
忡 ㄔㄨㄥˍ
忤 ㄨˇ
忣 ㄐㄧˊ
忺 ㄒㄧㄢˍ
忯 ㄔˊ
忷 ㄒㄩㄥˍ
忻 ㄒㄧㄣˍ
怀 ㄏㄨㄞˊ
忴 ㄑㄧㄢˊ
戺 ㄕˋ
抃 ㄅㄧㄢˋ
抌 ㄓㄣˇ
抎 ㄩㄣˇ
抏 ㄨㄢˊ
抔 ㄆㄡˊ
抇 ㄏㄨˊ
扱 ㄒㄧˍ
扻 ㄗˋ
扺 ㄓˇ
扰 ㄧㄡˋ
抁 ㄧㄢˇ
抈 ㄩㄝˋ
扷 ㄠˋ
扽 ㄉㄨㄣˋ
扲 ㄑㄧㄢˊ
扴 ㄐㄧㄚˊ
攷 ㄎㄠˇ
旰 ㄍㄢˋ
旴 ㄒㄩˍ
旳 ㄉㄧˋ
旲 ㄊㄞˊ
旵 ㄔㄢˇ
杅 ㄩˊ
杇 ㄨˍ
杙 ㄧˋ
杕 ㄉㄧˋ
杌 ㄨˋ
杈 ㄔㄚˋ
杝 ㄧˊ
杍 ㄗˇ
杚 ㄍㄨˇ
杋 ㄈㄢˊ
毐 ㄞˇ
氙 ㄒㄧㄢˍ
氚 ㄔㄨㄢˍ
汸 ㄈㄤˍ
汧 ㄑㄧㄢˍ
汫 ㄑㄧㄥˋ
沄 ㄩㄣˊ
沋 ㄧㄡˊ
沏 ㄑㄧㄝˍ
汱 ㄑㄩㄢˇ
汯 ㄏㄨㄥˊ
汩 ㄍㄨˇ
沚 ㄓˇ
汭 ㄖㄨㄟˋ
沇 ㄧㄢˇ
沕 ㄨˋ
沜 ㄆㄢˋ
汦 ㄔˊ
汳 ㄅㄧㄢˋ
汥 ㄓˍ
汻 ㄏㄨˇ
沎 ㄏㄨㄛˋ
灴 ㄏㄨㄥˊ
灺 ㄒㄧㄝˋ
牣 ㄖㄣˋ
犿 ㄏㄨㄢˍ
犽 ㄧㄚˊ
狃 ㄋㄧㄡˇ
狆 ㄓㄨㄥˋ
狁 ㄩㄣˇ
犺 ㄎㄤˋ
狅 ㄑㄧㄥˍ
玕 ㄍㄢˍ
玗 ㄩˊ
玓 ㄉㄧˋ
玔 ㄔㄨㄢˋ
玒 ㄏㄨㄥˊ
町 ㄊㄧㄥˇ
甹 ㄆㄧㄥˊ
疔 ㄉㄧㄥˍ
疕 ㄅㄧˇ
皁 ㄗㄠˋ
礽 ㄖㄥˊ
耴 ㄓㄜˊ
肕 ㄖㄣˋ
肙 ㄩㄢˍ
肐 ㄍㄜˍ
肒 ㄏㄨㄢˊ
肜 ㄖㄨㄥˊ
芐 ㄅㄧㄢˋ
芏 ㄊㄨˇ
芅 ㄧˋ
芎 ㄑㄩㄥˊ
芑 ㄑㄧˇ
芓 ㄗˇ
芊 ㄑㄧㄢˍ
芃 ㄆㄥˊ
芄 ㄨㄢˊ
豸 ㄓˋ
辿 ㄔㄢˍ
邟 ㄎㄤˋ
邡 ㄈㄤˍ
邥 ㄕㄣˇ
邞 ㄈㄨˍ
邧 ㄩㄢˊ
邠 ㄅㄧㄣˍ
阰 ㄆㄧˊ
阨 ㄜˋ
阯 ㄓˇ
阭 ㄩㄣˇ
丳 ㄔㄢˇ
侘 ㄔㄚˋ
佼 ㄐㄧㄠˇ
侅 ㄍㄞˍ
佽 ㄘˋ
侀 ㄒㄧㄥˊ
侇 ㄧˊ
佶 ㄐㄧˊ
佴 ㄦˋ
侉 ㄎㄨㄚˍ
侄 ㄓˊ
佷 ㄏㄥˊ
佌 ㄘˇ
侗 ㄊㄨㄥˊ
佪 ㄏㄨㄞˊ
侚 ㄒㄩㄣˋ
佹 ㄍㄨㄟˇ
侁 ㄕㄣˍ
佸 ㄏㄨㄛˊ
侐 ㄒㄩˋ
侜 ㄓㄡˍ
侔 ㄇㄡˊ
侞 ㄖㄨˇ
侒 ㄢˍ
侂 ㄊㄨㄛˍ
侕 ㄦˊ
佫 ㄏㄜˋ
佮 ㄍㄜˊ
冞 ㄇㄧˊ
冼 ㄕㄥˇ
冾 ㄒㄧㄚˊ
刵 ㄦˋ
刲 ㄎㄨㄟˍ
刳 ㄎㄨˍ
剆 ㄌㄨㄛˊ
刱 ㄔㄨㄤˋ
劼 ㄐㄧㄝˊ
匊 ㄐㄩˊ
匋 ㄊㄠˊ
匼 ㄢˋ
厒 ㄎㄜˋ
厔 ㄓˋ
咇 ㄅㄧㄝˊ
呿 ㄑㄩˍ
咁 ㄍㄢˍ
咑 ㄉㄚˍ
咂 ㄗㄚˍ
咈 ㄈㄨˊ
呫 ㄓㄢˍ
呺 ㄒㄧㄠˍ
呾 ㄉㄚˊ
呥 ㄖㄢˇ
呬 ㄌㄧㄥˊ
呴 ㄒㄩˍ
呦 ㄧㄡˍ
咍 ㄏㄞˍ
呯 ㄆㄧㄥˊ
呡 ㄨㄣˇ
咘 ㄅㄨˋ
呣 ㄇㄡˊ
呧 ㄉㄧˇ
呤 ㄌㄧㄥˊ
囷 ㄐㄩㄣˍ
囹 ㄌㄧㄥˊ
坯 ㄆㄧˍ
坲 ㄈㄛˊ
坭 ㄋㄧˇ
坫 ㄉㄧㄢˋ
坱 ㄧㄤˍ
坰 ㄐㄩㄥˍ
坶 ㄇㄨˋ
垀 ㄏㄨˍ
坵 ㄑㄧㄡˍ
坻 ㄔˊ
坳 ㄠˍ
坴 ㄌㄧㄡˋ
坨 ㄊㄨㄛˊ
坽 ㄌㄧㄥˊ
夌 ㄌㄧㄥˊ
奅 ㄆㄠˋ
妺 ㄇㄛˋ
姏 ㄑㄧㄢˊ
姎 ㄧㄤˍ
妲 ㄉㄚˊ
姌 ㄖㄢˇ
姁 ㄒㄩˇ
妶 ㄒㄩㄢˊ
妼 ㄅㄧˋ
姃 ㄓㄥˍ
姖 ㄐㄩˋ
妱 ㄓㄠˍ
妽 ㄕㄣˍ
姀 ㄏㄜˊ
姈 ㄌㄧㄥˊ
妴 ㄩㄢˇ
姇 ㄈㄨˋ
孢 ㄅㄠˍ
孥 ㄋㄨˊ
宓 ㄇㄧˋ
宕 ㄉㄤˋ
屄 ㄅㄧˇ
屇 ㄊㄧㄢˍ
岮 ㄊㄨㄛˊ
岤 ㄒㄩㄝˋ
岠 ㄐㄩˋ
岵 ㄏㄨˋ
岯 ㄆㄟˍ
岨 ㄑㄩˍ
岬 ㄐㄧㄚˇ
岟 ㄧㄤˇ
岣 ㄍㄡˇ
岭 ㄌㄧㄥˊ
岢 ㄎㄜˇ
岪 ㄈㄨˊ
岧 ㄊㄧㄠˊ
岝 ㄓㄞˇ
岥 ㄅㄛˍ
岶 ㄆㄛˋ
岰 ㄧㄡˇ
岦 ㄌㄧˋ
帗 ㄈㄨˊ
帔 ㄆㄟˋ
帙 ㄓˋ
弨 ㄔㄠˍ
弢 ㄊㄠˍ
弣 ㄈㄨˇ
弤 ㄉㄧˇ
彔 ㄌㄨˋ
徂 ㄘㄨˊ
彾 ㄌㄧㄥˇ
彽 ㄉㄧˍ
忞 ㄇㄧㄣˊ
忥 ㄒㄧˋ
怭 ㄅㄧˋ
怦 ㄆㄥˍ
怙 ㄏㄨˋ
怲 ㄅㄧㄥˇ
怋 ㄇㄧㄣˊ
怴 ㄒㄩˋ
怊 ㄔㄠˍ
怗 ㄊㄧㄝˍ
怳 ㄏㄨㄤˇ
怚 ㄐㄩˋ
怞 ㄓㄡˋ
怬 ㄒㄧˋ
怢 ㄊㄨˊ
怍 ㄗㄨㄛˋ
怐 ㄎㄡˋ
怮 ㄧㄡˍ
怓 ㄋㄠˊ
怑 ㄅㄢˋ
怌 ㄆㄧˍ
怉 ㄅㄠˇ
怜 ㄌㄧㄥˊ
戔 ㄐㄧㄢˍ
戽 ㄏㄨˋ
抭 ㄧㄠˇ
抴 ㄧㄝˋ
拑 ㄑㄧㄢˊ
抾 ㄑㄩˍ
抪 ㄆㄨˍ
抶 ㄔˋ
拊 ㄈㄨˇ
抮 ㄓㄣˇ
抳 ㄋㄧˇ
抯 ㄓㄚˍ
抻 ㄕㄣˋ
抩 ㄊㄢˍ
抰 ㄧㄤˇ
抸 ㄗㄚˍ
攽 ㄅㄢˍ
斨 ㄑㄧㄤˍ
斻 ㄏㄤˊ
昉 ㄈㄤˇ
旼 ㄇㄧㄣˊ
昄 ㄅㄢˇ
昒 ㄏㄨˍ
昈 ㄏㄨˋ
旻 ㄇㄧㄣˊ
昃 ㄗㄜˋ
昋 ㄍㄨㄟˋ
昍 ㄒㄩㄢˍ
昅 ㄐㄧㄝˊ
旽 ㄊㄨㄣˍ
昑 ㄑㄧㄣˇ
昐 ㄈㄣˍ
曶 ㄏㄨˍ
朊 ㄖㄨㄢˇ
枅 ㄐㄧˍ
杬 ㄩㄢˊ
枎 ㄈㄨˊ
枒 ㄧㄚˊ
杶 ㄔㄨㄣˍ
杻 ㄔㄡˇ
枘 ㄖㄨㄟˋ
枆 ㄇㄠˊ
构 ㄍㄡˍ
杴 ㄒㄧㄢˍ
枍 ㄧˋ
枌 ㄈㄣˊ
杺 ㄒㄧㄣˊ
枟 ㄩㄣˋ
枑 ㄏㄨˋ
枙 ㄜˋ
枃 ㄩㄣˊ
杽 ㄔㄡˇ
极 ㄐㄧˊ
杸 ㄕㄨˍ
杹 ㄏㄨㄚˋ
枔 ㄒㄩㄣˊ
欥 ㄩˋ
殀 ㄧㄠˇ
歾 ㄇㄛˋ
毞 ㄆㄧˊ
氝 ㄋㄞˇ
沓 ㄊㄚˋ
泬 ㄒㄩㄝˋ
泫 ㄒㄩㄢˋ
泮 ㄆㄢˋ
泙 ㄆㄧㄥˊ
沶 ㄧˊ
泔 ㄍㄢˍ
沭 ㄕㄨˋ
泧 ㄩㄝˋ
沷 ㄈㄨˊ
泐 ㄌㄜˋ
泂 ㄐㄩㄥˇ
沺 ㄊㄧㄢˊ
泃 ㄍㄡˍ
泆 ㄧˍ
泭 ㄈㄨˍ
泲 ㄐㄧˇ
泒 ㄍㄨˍ
泝 ㄙㄨˋ
沴 ㄌㄧˋ
沊 ㄉㄢˋ
沀 ㄒㄩˋ
泞 ㄓㄨˇ
泀 ㄙˍ
洰 ㄐㄩˋ
泍 ㄅㄣˍ
泇 ㄐㄧㄚˍ
沰 ㄊㄨㄛˍ
泹 ㄉㄢˋ
泏 ㄔㄨˋ
泩 ㄕㄥˍ
泑 ㄧㄡˇ
炔 ㄑㄩㄝˍ
炘 ㄒㄧㄣˍ
炅 ㄐㄩㄥˇ
炓 ㄌㄧㄠˋ
炆 ㄨㄣˊ
炄 ㄋㄧㄡˇ
炑 ㄇㄨˋ
炖 ㄉㄨㄣˋ
炂 ㄓㄨㄥˍ
炚 ㄍㄨㄤˍ
炃 ㄈㄣˊ
牪 ㄧㄢˋ
狖 ㄧㄡˋ
狋 ㄋㄧˊ
狘 ㄩㄝˋ
狉 ㄆㄧˍ
狜 ㄍㄨˇ
狒 ㄈㄟˋ
狔 ㄋㄧˊ
狚 ㄉㄢˋ
狌 ㄕㄥˍ
狑 ㄌㄧㄥˊ
玤 ㄅㄥˇ
玡 ㄧㄚˋ
玭 ㄆㄧˊ
玦 ㄐㄩㄝˊ
玢 ㄈㄣˍ
玠 ㄐㄧㄝˋ
玬 ㄉㄢˇ
玝 ㄨˇ
瓝 ㄅㄠˊ
瓨 ㄐㄧㄤˍ
甿 ㄇㄥˊ
畀 ㄅㄧˋ
甾 ㄗˍ
疌 ㄋㄧㄝˋ
疘 ㄍㄨㄥˍ
皯 ㄍㄢˇ
盳 ㄇㄤˊ
盱 ㄒㄩˍ
盰 ㄍㄢˇ
盵 ㄑㄧˋ
矸 ㄍㄢˍ
矼 ㄑㄧㄤˍ
矹 ㄨˋ
矻 ㄎㄨˋ
矺 ㄊㄨㄛˍ
矷 ㄗˇ
祂 ㄊㄚˍ
礿 ㄩㄝˋ
秅 ㄔㄚˊ
穸 ㄒㄧˋ
穻 ㄩˍ
竻 ㄌㄜˋ
籵 ㄈㄢˊ
糽 ㄓㄥˇ
耵 ㄊㄧㄥˍ
肏 ㄘㄠˋ
肮 ㄏㄤˊ
肣 ㄑㄧㄣˊ
肸 ㄒㄧˋ
肵 ㄐㄧㄣˋ
肭 ㄋㄚˋ
舠 ㄉㄠˍ
芠 ㄨㄣˊ
苀 ㄏㄤˊ
芫 ㄩㄢˊ
芚 ㄊㄨㄣˊ
芘 ㄅㄧˋ
芛 ㄨㄟˇ
芵 ㄐㄩㄝˊ
芧 ㄒㄩˋ
芮 ㄖㄨㄟˋ
芼 ㄇㄠˋ
芞 ㄑㄧˇ
芺 ㄠˇ
芴 ㄨˋ
芨 ㄐㄧˊ
芡 ㄑㄧㄢˋ
芩 ㄑㄧㄣˊ
苂 ㄧㄣˊ
芤 ㄎㄡˍ
苃 ㄧㄡˇ
芶 ㄍㄡˍ
芢 ㄖㄣˊ
虰 ㄉㄧㄥˍ
虯 ㄑㄧㄡˊ
虭 ㄉㄧㄠˍ
虮 ㄐㄧˍ
豖 ㄔㄨˋ
迒 ㄏㄤˊ
迋 ㄨㄤˋ
迓 ㄧㄚˋ
迍 ㄓㄨㄣˍ
迖 ㄊㄚˋ
迕 ㄨˋ
迗 ㄜˊ
邲 ㄅㄧˋ
邴 ㄅㄧㄥˇ
邯 ㄏㄢˊ
邳 ㄆㄟˊ
邰 ㄊㄞˊ
阹 ㄑㄩˍ
阽 ㄉㄧㄢˋ
阼 ㄗㄨㄛˋ
阺 ㄉㄧˇ
陃 ㄅㄧㄥˇ
俍 ㄌㄤˊ
俅 ㄑㄧㄡˊ
俓 ㄐㄧㄥˋ
侲 ㄓㄣˋ
俉 ㄨˊ
俋 ㄧˋ
俁 ㄩˇ
俔 ㄒㄧㄢˋ
俜 ㄆㄧㄥˊ
俙 ㄒㄧˍ
侻 ㄊㄨㄛˍ
侳 ㄘㄨㄛˋ
俛 ㄈㄨˇ
俇 ㄎㄨㄤˇ
俖 ㄆㄞˇ
侺 ㄕㄣˋ
俀 ㄊㄨㄟˇ
侹 ㄊㄧㄥˇ
俬 ㄙˍ
剄 ㄐㄧㄥˇ
剉 ㄘㄨㄛˋ
勀 ㄎㄜˋ
勂 ㄏㄠˊ
匽 ㄧㄢˇ
卼 ㄨˋ
厗 ㄊㄧˊ
厖 ㄆㄤˊ
厙 ㄕㄜˋ
厘 ㄌㄧˊ
咺 ㄒㄩㄢˇ
咡 ㄦˋ
咭 ㄐㄧˍ
咥 ㄉㄧㄝˊ
哏 ㄍㄣˊ
哃 ㄊㄨㄥˊ
茍 ㄍㄡˇ
咷 ㄊㄠˊ
咮 ㄓㄡˋ
咶 ㄏㄨㄞˋ
哅 ㄒㄩㄥˍ
哆 ㄉㄨㄛˍ
咠 ㄑㄧˍ
呰 ㄗˇ
咼 ㄎㄨㄞˍ
咢 ㄜˋ
咾 ㄌㄠˇ
呲 ㄘˊ
哞 ㄇㄡˊ
咰 ㄒㄩㄣˊ
垵 ㄢˍ
垞 ㄔㄚˊ
垟 ㄧㄤˊ
垤 ㄉㄧㄝˊ
垌 ㄊㄨㄥˇ
垗 ㄓㄠˋ
垝 ㄍㄨㄟˇ
垛 ㄉㄨㄛˋ
垔 ㄧㄣˍ
垘 ㄈㄨˊ
垏 ㄌㄨˋ
垙 ㄍㄨㄤˍ
垥 ㄒㄧㄝˊ
垚 ㄧㄠˊ
垕 ㄏㄡˋ
壴 ㄓㄨˇ
复 ㄈㄨˋ
奓 ㄕㄜˍ
姡 ㄎㄨㄛˋ
姞 ㄐㄧˊ
姮 ㄏㄥˊ
娀 ㄙㄨㄥˍ
姱 ㄎㄨㄚˍ
姝 ㄕㄨˍ
姺 ㄒㄧㄢˇ
姽 ㄍㄨㄟˇ
姼 ㄔˇ
姶 ㄧㄢˇ
姤 ㄍㄡˋ
姲 ㄧㄢˋ
姷 ㄧㄡˋ
姛 ㄊㄨㄥˇ
姩 ㄋㄧㄢˊ
姳 ㄇㄧㄥˇ
姵 ㄆㄟˋ
姠 ㄕㄤˋ
姾 ㄑㄩㄢˊ
姴 ㄌㄧㄝˋ
姭 ㄒㄧㄢˋ
宨 ㄊㄧㄠˇ
屌 ㄉㄧㄠˇ
峐 ㄍㄞˍ
峘 ㄏㄨˍ
峌 ㄉㄧㄝˊ
峗 ㄨㄟˇ
峋 ㄒㄩㄣˊ
峛 ㄌㄧˇ
峞 ㄎㄨㄟˇ
峚 ㄇㄧˋ
峉 ㄜˍ
峇 ㄎㄜˍ
峊 ㄈㄨˋ
峖 ㄢˍ
峓 ㄧˊ
峔 ㄇㄨˇ
峏 ㄦˇ
峈 ㄌㄨㄛˋ
峆 ㄏㄜˍ
峎 ㄌㄤˇ
峟 ㄧㄡˋ
峸 ㄔㄥˊ
巹 ㄐㄧㄣˇ
帡 ㄆㄧㄥˊ
帢 ㄑㄧㄚˋ
帣 ㄐㄩㄢˋ
帠 ㄧˋ
帤 ㄖㄨˊ
庰 ㄅㄧㄥˇ
庤 ㄓˋ
庢 ㄓˋ
庛 ㄘˍ
庣 ㄊㄧㄠˍ
庥 ㄒㄧㄡˍ
弇 ㄧㄢˇ
弮 ㄑㄩㄢˍ
彖 ㄊㄨㄢˋ
徆 ㄒㄧˍ
怷 ㄒㄧˍ
怹 ㄊㄢˍ
恔 ㄒㄧㄠˋ
恲 ㄆㄥˍ
恞 ㄧˊ
恅 ㄌㄠˇ
恓 ㄒㄧˍ
恇 ㄎㄨㄤˍ
恉 ㄓˇ
恛 ㄏㄨㄟˊ
恌 ㄊㄧㄠˍ
恀 ㄔˇ
恂 ㄒㄩㄣˊ
恟 ㄒㄩㄥˍ
怤 ㄈㄨˍ
恄 ㄒㄧˋ
恘 ㄑㄧㄡˍ
恦 ㄒㄧㄤˋ
恮 ㄑㄩㄢˊ
扂 ㄉㄧㄢˋ
扃 ㄐㄩㄥˍ
拏 ㄋㄚˊ
挍 ㄐㄧㄠˋ
挋 ㄓㄣˋ
拵 ㄊㄨㄣˊ
挎 ㄎㄨˍ
挃 ㄓˋ
拫 ㄏㄣˊ
拹 ㄒㄧㄝˊ
挏 ㄉㄨㄥˋ
挌 ㄍㄜˊ
拸 ㄔˇ
拶 ㄗㄢˇ
挀 ㄅㄛˋ
挓 ㄓㄚˍ
挔 ㄌㄩˇ
拺 ㄘㄜˋ
挕 ㄉㄧㄝˊ
拻 ㄏㄨㄟˍ
敁 ㄉㄧㄢˍ
敃 ㄇㄧㄣˇ
斪 ㄐㄩˍ
斿 ㄧㄡˊ
昶 ㄔㄤˇ
昡 ㄒㄩㄢˋ
昲 ㄈㄟˋ
昵 ㄋㄧˋ
昜 ㄧㄤˊ
昦 ㄏㄠˋ
昳 ㄉㄧㄝˊ
昫 ㄒㄩˋ
昺 ㄅㄧㄥˇ
昝 ㄗㄢˇ
昴 ㄇㄠˇ
昹 ㄞˇ
昮 ㄗㄨㄥˋ
朏 ㄈㄟˇ
朐 ㄑㄩˊ
柁 ㄊㄨㄛˊ
柲 ㄅㄧˋ
柈 ㄆㄢˊ
枺 ㄇㄛˋ
柜 ㄐㄩˇ
枻 ㄧˋ
柸 ㄆㄟˍ
柘 ㄓㄜˋ
柀 ㄅㄧˇ
枷 ㄐㄧㄚˍ
柅 ㄋㄧˇ
柫 ㄅㄧˋ
柤 ㄓㄚˍ
柟 ㄋㄢˊ
枵 ㄒㄧㄠˍ
柍 ㄧㄤˍ
枳 ㄓˇ
柷 ㄓㄨˋ
柶 ㄙˋ
柮 ㄉㄨㄛˋ
柣 ㄓˊ
柂 ㄧˊ
枹 ㄅㄠˍ
柎 ㄈㄨˍ
柧 ㄍㄨˍ
柰 ㄋㄞˋ
枲 ㄒㄧˇ
柼 ㄧㄠˊ
柆 ㄌㄚˍ
柭 ㄅㄛˍ
柌 ㄘˊ
枮 ㄒㄧㄢˍ
柦 ㄉㄢˋ
柛 ㄕㄣˍ
柺 ㄍㄨㄞˇ
柉 ㄅㄧㄢˍ
柊 ㄓㄨㄥˍ
柃 ㄌㄧㄥˊ
柪 ㄠˍ
柋 ㄉㄞˋ
欨 ㄒㄩˍ
殂 ㄘㄨˊ
殄 ㄊㄧㄢˇ
殶 ㄓㄨˋ
毖 ㄅㄧˋ
毘 ㄆㄧˊ
毠 ㄐㄧㄚˍ
氠 ㄕㄣˍ
氡 ㄉㄨㄥˍ
洨 ㄒㄧㄠˊ
洴 ㄅㄥˋ
洭 ㄎㄨㄤˍ
洟 ㄧˊ
洼 ㄨㄚˍ
洿 ㄨˍ
洒 ㄙㄚˇ
洊 ㄐㄧㄢˋ
泚 ㄘˇ
洳 ㄖㄨˋ
洄 ㄏㄨㄟˊ
洙 ㄓㄨˍ
洺 ㄇㄧㄥˊ
洚 ㄐㄧㄤˋ
洑 ㄈㄨˊ
洀 ㄓㄡˍ
洝 ㄢˋ
浂 ㄧˋ
洁 ㄐㄧˊ
洘 ㄎㄠˇ
洷 ㄓˋ
洃 ㄏㄨㄟˍ
洏 ㄦˊ
浀 ㄑㄩˇ
洇 ㄧㄣˍ
洠 ㄇㄡˊ
洬 ㄙㄨˋ
洈 ㄨㄟˊ
洢 ㄧˍ
洉 ㄏㄡˋ
洐 ㄒㄧㄥˊ
炷 ㄓㄨˋ
炟 ㄉㄚˊ
炾 ㄆㄧㄥˊ
炱 ㄊㄞˊ
炰 ㄆㄠˊ
炡 ㄓㄥˍ
炴 ㄧㄤˇ
炵 ㄊㄨㄥˍ
炩 ㄌㄧㄥˋ
牁 ㄍㄜˍ
牉 ㄆㄢˋ
牊 ㄕㄠˊ
牬 ㄅㄟˋ
牰 ㄧㄡˋ
牳 ㄇㄨˇ
牮 ㄐㄧㄢˋ
狊 ㄐㄩˊ
狤 ㄐㄧˊ
狨 ㄖㄨㄥˊ
狫 ㄌㄠˇ
狟 ㄏㄨㄢˊ
狪 ㄊㄨㄥˍ
狦 ㄕㄢˍ
狣 ㄓㄠˋ
玅 ㄇㄧㄠˋ
珌 ㄅㄧˋ
珂 ㄎㄜˍ
珈 ㄐㄧㄚˍ
珅 ㄕㄣˍ
玹 ㄒㄩㄢˊ
玶 ㄆㄧㄥˊ
玴 ㄧˋ
珫 ㄔㄨㄥˍ
玿 ㄕㄠˊ
珇 ㄗㄨˇ
玾 ㄐㄧㄚˇ
珃 ㄖㄢˇ
珆 ㄧˊ
玸 ㄈㄨˊ
珋 ㄌㄧㄡˇ
瓬 ㄈㄤˇ
瓮 ㄨㄥˋ
畇 ㄩㄣˊ
畈 ㄈㄢˋ
疧 ㄒㄧˍ
疪 ㄅㄧˋ
癹 ㄆㄛˍ
盄 ㄓㄠˍ
眈 ㄉㄢˍ
眃 ㄩㄣˊ
眄 ㄇㄧㄢˇ
眅 ㄆㄢˍ
眊 ㄇㄠˋ
盷 ㄊㄧㄢˊ
盻 ㄒㄧˋ
盺 ㄒㄧㄣˍ
矧 ㄕㄣˇ
矨 ㄧㄥˇ
砆 ㄈㄨˍ
砑 ㄧㄚˋ
砒 ㄆㄧˍ
砅 ㄌㄧˋ
砐 ㄜˋ
砏 ㄈㄣˍ
砎 ㄐㄧㄝˋ
砉 ㄏㄨㄛˋ
砃 ㄉㄢˍ
砓 ㄓㄜˊ
祊 ㄅㄥˍ
祌 ㄔㄨㄥˍ
祋 ㄕㄨˍ
祅 ㄧㄠˍ
祄 ㄒㄧㄝˋ
秕 ㄅㄧˇ
种 ㄔㄨㄥˊ
秏 ㄏㄠˋ
秖 ㄓˍ
秎 ㄈㄣˋ
窀 ㄓㄨㄣˍ
穾 ㄧㄠˋ
竑 ㄏㄨㄥˊ
笀 ㄇㄤˊ
笁 ㄓㄨˊ
籺 ㄒㄧㄝˊ
籸 ㄕㄣˍ
籹 ㄋㄩˇ
籿 ㄘㄨㄣˋ
粀 ㄓㄤˋ
粁 ㄑㄧㄢˍ
紃 ㄒㄩㄣˊ
紈 ㄨㄢˊ
紁 ㄔㄚˋ
罘 ㄈㄡˊ
羑 ㄧㄡˇ
羍 ㄊㄚˋ
羾 ㄍㄨㄥˋ
耇 ㄍㄡˇ
耎 ㄖㄨㄢˇ
耏 ㄦˊ
耔 ㄗˇ
耷 ㄉㄚˍ
胘 ㄒㄧㄢˊ
胇 ㄈㄟˋ
胠 ㄑㄩˍ
胑 ㄓˍ
胈 ㄅㄚˊ
胂 ㄕㄣˍ
胐 ㄎㄨˍ
胅 ㄉㄧㄝˊ
胣 ㄧˇ
胙 ㄗㄨㄛˋ
胜 ㄒㄧㄥˍ
胊 ㄑㄩˊ
胕 ㄈㄨˋ
胉 ㄅㄛˊ
胏 ㄗˇ
胗 ㄓㄣˍ
胦 ㄧㄤˍ
胍 ㄍㄨㄚˍ
臿 ㄔㄚˍ
舡 ㄍㄤˍ
芔 ㄏㄨㄟˋ
苙 ㄌㄧˋ
苾 ㄅㄧˋ
苹 ㄆㄧㄥˊ
茇 ㄅㄚˊ
苨 ㄋㄧˇ
茀 ㄈㄨˊ
苕 ㄊㄧㄠˊ
茺 ㄔㄨㄥˍ
苫 ㄕㄢˍ
苖 ㄉㄧˊ
苴 ㄐㄩˍ
苬 ㄑㄧㄡˊ
苡 ㄧˇ
苲 ㄓㄚˇ
苵 ㄉㄧㄝˊ
茌 ㄔˊ
苻 ㄈㄨˊ
苶 ㄋㄧㄝˊ
苰 ㄏㄨㄥˊ
苪 ㄅㄧㄥˇ
苤 ㄆㄧˇ
苠 ㄇㄧㄣˊ
苺 ㄇㄟˊ
苳 ㄉㄨㄥˍ
苭 ㄧㄠˇ
虷 ㄍㄢˍ
虴 ㄓㄜˊ
虼 ㄍㄜˋ
虳 ㄉㄧˋ
衁 ㄏㄨㄤˍ
衎 ㄎㄢˋ
衧 ㄩˊ
衪 ㄧˊ
衩 ㄔㄚˋ
觓 ㄐㄧㄡˍ
訄 ㄑㄧㄡˊ
訇 ㄏㄨㄥˍ
赲 ㄌㄧˋ
迣 ㄓˋ
迡 ㄋㄧˋ
迮 ㄗㄜˊ
迠 ㄔㄜˋ
郱 ㄆㄧㄥˊ
邽 ㄍㄨㄟˍ
邿 ㄕˍ
郕 ㄔㄥˊ
郅 ㄓˋ
邾 ㄓㄨˍ
郇 ㄒㄩㄣˊ
郋 ㄒㄧˍ
郈 ㄏㄡˋ
釔 ㄧˇ
釓 ㄍㄚˊ
陔 ㄍㄞˍ
陏 ㄉㄨㄛˋ
陑 ㄦˊ
陓 ㄨˍ
陊 ㄉㄨㄛˋ
陎 ㄕㄨˍ
倞 ㄐㄧㄥˋ
倅 ㄘㄨㄟˋ
倇 ㄨㄢˇ
倓 ㄊㄢˊ
倢 ㄐㄧㄝˊ
倰 ㄌㄥˊ
倛 ㄑㄧˍ
俵 ㄅㄧㄠˇ
俴 ㄐㄧㄢˋ
倳 ㄗˋ
倷 ㄋㄞˋ
倬 ㄓㄨㄛˊ
俶 ㄊㄧˋ
俷 ㄈㄟˋ
倗 ㄆㄥˊ
倜 ㄊㄧˋ
倠 ㄒㄩˍ
倧 ㄗㄨㄥˍ
倵 ㄨˇ
倯 ㄙㄨㄥˍ
倱 ㄏㄨㄣˋ
倎 ㄊㄧㄢˍ
党 ㄉㄤˇ
冔 ㄒㄩˇ
冓 ㄍㄡˋ
凊 ㄐㄧㄥˋ
凄 ㄑㄧˍ
凅 ㄍㄨˋ
凈 ㄐㄧㄥˋ
剡 ㄧㄢˇ
剚 ㄗˋ
剒 ㄘㄨㄛˋ
剞 ㄐㄧˇ
剟 ㄉㄨㄛˊ
剕 ㄈㄟˋ
剢 ㄓㄨㄛˊ
勍 ㄑㄧㄥˊ
匎 ㄢˋ
厞 ㄈㄟˋ
唦 ㄍㄡˋ
哢 ㄌㄨㄥˋ
唗 ㄉㄡˍ
哧 ㄔˍ
哳 ㄓㄚˊ
哤 ㄇㄤˊ
唚 ㄑㄧㄣˋ
哿 ㄍㄜˇ
唄 ㄅㄟˍ
唈 ㄧˋ
哫 ㄗㄨˊ
唑 ㄕˋ
唅 ㄏㄢˍ
哱 ㄅㄟˋ
唊 ㄐㄧㄚˊ
哻 ㄏㄢˋ
哷 ㄌㄜˋ
哸 ㄙㄨㄟˍ
哠 ㄏㄠˋ
唎 ㄌㄧˋ
唃 ㄍㄨˇ
唋 ㄊㄨˇ
圁 ㄧㄣˊ
圂 ㄏㄨㄣˋ
埌 ㄌㄤˋ
堲 ㄐㄧˊ
埕 ㄔㄥˊ
埒 ㄌㄜˋ
垺 ㄆㄟˍ
埆 ㄑㄩㄝˋ
垽 ㄧㄣˋ
垼 ㄧˋ
垸 ㄏㄨㄢˋ
垶 ㄒㄧㄥˍ
垿 ㄒㄩˋ
埇 ㄩㄥˇ
埐 ㄐㄧㄣˍ
垹 ㄅㄤˍ
埁 ㄘㄣˊ
夎 ㄗㄨㄛˋ
奊 ㄒㄧㄝˊ
娙 ㄎㄥˍ
娖 ㄔㄨㄛˋ
娭 ㄒㄧˍ
娮 ㄧㄢˊ
娕 ㄌㄞˋ
娏 ㄇㄤˊ
娗 ㄉㄧㄥˋ
娊 ㄒㄧㄢˋ
娞 ㄙㄨㄟˍ
娳 ㄌㄧˋ
孬 ㄏㄨㄞˋ
宧 ㄧˊ
宭 ㄑㄩㄣˊ
宬 ㄔㄥˊ
尃 ㄈㄨˍ
屖 ㄒㄧˍ
屔 ㄋㄧˊ
峬 ㄅㄨˍ
峿 ㄨˊ
峮 ㄑㄩㄣˍ
峱 ㄋㄠˍ
峷 ㄕㄣˍ
崀 ㄌㄤˊ
峹 ㄊㄨˊ
帩 ㄑㄧㄠˋ
帨 ㄕㄨㄟˋ
庨 ㄒㄧㄠˍ
庮 ㄧㄡˇ
庪 ㄍㄨㄟˇ
庬 ㄆㄤˊ
弳 ㄐㄧㄥˋ
弰 ㄕㄠˍ
彧 ㄩˋ
恝 ㄐㄧㄚˊ
恚 ㄏㄨㄟˋ
恧 ㄋㄩˋ
恁 ㄖㄣˋ
悢 ㄌㄧㄤˋ
悈 ㄐㄧㄝˋ
悀 ㄩㄥˇ
悒 ㄧˋ
悁 ㄐㄩㄢˋ
悝 ㄎㄨㄟˍ
悃 ㄎㄨㄣˇ
悕 ㄒㄧˍ
悛 ㄑㄩㄢˍ
悗 ㄇㄢˊ
悇 ㄩˋ
悜 ㄔㄥˇ
悎 ㄏㄠˋ
戙 ㄉㄨㄥˋ
扆 ㄧˇ
拲 ㄍㄨㄥˇ
挐 ㄋㄚˊ
捖 ㄏㄨㄢˊ
挬 ㄅㄛˊ
捄 ㄐㄧㄡˋ
捅 ㄊㄨㄥˇ
挶 ㄐㄩˊ
捃 ㄐㄩㄣˋ
揤 ㄐㄧㄝˊ
挹 ㄧˋ
捋 ㄌㄜˋ
捊 ㄆㄡˊ
挼 ㄋㄨㄛˋ
挩 ㄊㄨㄛˍ
捁 ㄐㄧㄠˇ
挴 ㄇㄟˇ
捘 ㄗㄨㄣˋ
捔 ㄐㄩㄝˊ
捙 ㄧˋ
挭 ㄍㄥˇ
捇 ㄏㄨㄛˋ
挳 ㄎㄥˇ
捚 ㄓㄞˍ
捑 ㄕㄜˋ
挸 ㄐㄧㄢˇ
捗 ㄅㄨˋ
捀 ㄈㄥˍ
捈 ㄊㄨˊ
敊 ㄔㄨˋ
敆 ㄍㄜˊ
旆 ㄆㄟˋ
旃 ㄓㄢˍ
旄 ㄇㄠˊ
旂 ㄑㄧˊ
晊 ㄓˇ
晟 ㄔㄥˊ
晇 ㄒㄩˍ
晑 ㄒㄧㄤˇ
朒 ㄋㄩˋ
朓 ㄊㄧㄠˋ
栟 ㄅㄧㄥˍ
栚 ㄓㄣˋ
桉 ㄢˋ
栲 ㄎㄠˇ
栳 ㄌㄠˇ
栻 ㄔˋ
桋 ㄧˊ
桏 ㄑㄩㄥˊ
栖 ㄑㄧˍ
栱 ㄍㄨㄥˇ
栜 ㄙㄨˋ
栵 ㄌㄧˋ
栫 ㄐㄧㄢˋ
栭 ㄦˊ
栯 ㄩˋ
桎 ㄓˊ
桄 ㄍㄨㄤˋ
栴 ㄓㄢˍ
栝 ㄍㄨㄚˍ
栒 ㄒㄩㄣˊ
栔 ㄑㄧˋ
栦 ㄔㄡˊ
栨 ㄐㄧㄝˊ
栮 ㄦˇ
桍 ㄎㄨˍ
栺 ㄓˇ
栥 ㄗˍ
栠 ㄖㄣˇ
欬 ㄎㄞˋ
欯 ㄒㄧˊ
欭 ㄧˋ
欱 ㄒㄧㄚˋ
欴 ㄌㄤˊ
歭 ㄔˊ
肂 ㄙˋ
殈 ㄒㄩˍ
毦 ㄦˋ
毤 ㄊㄨㄛˋ
毨 ㄒㄧㄢˇ
毣 ㄇㄨˋ
毢 ㄙㄞˍ
毧 ㄖㄨㄥˊ
氥 ㄒㄧˍ
浺 ㄔㄨㄥˍ
浣 ㄨㄢˇ
浤 ㄏㄨㄥˊ
浶 ㄌㄠˊ
洍 ㄙˋ
浡 ㄅㄛˊ
涒 ㄊㄨㄣˍ
浘 ㄨㄟˇ
浢 ㄉㄡˋ
浭 ㄍㄥˍ
浯 ㄨˊ
涑 ㄙㄨˋ
涍 ㄒㄧㄠˍ
淯 ㄩˋ
浿 ㄆㄟˋ
涆 ㄏㄢˋ
浞 ㄓㄨㄛˊ
浧 ㄧㄥˇ
浠 ㄒㄧˍ
涗 ㄕㄨㄟˋ
浰 ㄌㄧˋ
浼 ㄇㄟˇ
浟 ㄧㄡˊ
涂 ㄊㄨˊ
涘 ㄙˋ
洯 ㄑㄧㄝˋ
浨 ㄌㄢˇ
涋 ㄊㄨˍ
浾 ㄔㄥˍ
涀 ㄒㄧㄢˋ
涄 ㄆㄧㄣˍ
洖 ㄨˊ
涃 ㄎㄨㄣˋ
浻 ㄨㄥˇ
浽 ㄙㄨㄟˍ
浵 ㄊㄨㄥˊ
涐 ㄜˊ
烜 ㄒㄩㄢˇ
烓 ㄨㄟˍ
烑 ㄧㄠˊ
烝 ㄓㄥˍ
烋 ㄒㄧㄠˍ
缹 ㄈㄡˇ
烢 ㄓㄜˋ
烗 ㄎㄞˋ
烒 ㄕˋ
烞 ㄆㄛˋ
烠 ㄏㄨㄟˇ
烔 ㄊㄨㄥˊ
烍 ㄒㄧㄢˇ
烅 ㄒㄩˋ
烆 ㄒㄧㄥˊ
烇 ㄑㄩㄢˋ
烚 ㄒㄧㄚˊ
烎 ㄧㄣˊ
烡 ㄍㄨㄤˍ
牂 ㄗㄤˍ
牸 ㄗˋ
牷 ㄑㄩㄢˊ
牶 ㄑㄩㄢˋ
猀 ㄕㄚˍ
狺 ㄧㄣˊ
狴 ㄅㄧˋ
狾 ㄓˋ
狶 ㄒㄧˇ
狳 ㄩˊ
狻 ㄙㄨㄢˍ
猁 ㄌㄧˋ
珓 ㄐㄧㄠˋ
珙 ㄍㄨㄥˇ
珥 ㄦˇ
珖 ㄍㄨㄤˍ
玼 ㄘˇ
珧 ㄧㄠˊ
珣 ㄒㄩㄣˊ
珩 ㄏㄥˊ
珜 ㄧㄤˊ
珒 ㄐㄧㄣˍ
珛 ㄒㄧㄡˋ
珔 ㄐㄧㄢˋ
珝 ㄒㄩˇ
珚 ㄧㄢˍ
珗 ㄒㄧㄢˍ
珘 ㄓㄡˍ
珨 ㄒㄧㄚˊ
瓞 ㄉㄧㄝˊ
瓟 ㄆㄠˊ
瓴 ㄌㄧㄥˊ
瓵 ㄧˊ
甡 ㄕㄣˍ
畛 ㄓㄣˇ
畟 ㄘㄜˋ
疰 ㄓㄨˋ
痁 ㄉㄧㄢˋ
疻 ㄓˇ
痄 ㄓㄚˋ
痀 ㄐㄩˍ
疿 ㄈㄟˋ
疶 ㄒㄧㄝˋ
疺 ㄈㄚˊ
皊 ㄌㄧㄥˊ
盉 ㄏㄜˊ
眝 ㄓㄨˇ
眛 ㄇㄟˋ
眐 ㄓㄥˍ
眓 ㄏㄨㄛˋ
眒 ㄕㄣˍ
眣 ㄉㄧㄝˊ
眑 ㄧㄠˇ
眕 ㄓㄣˇ
眙 ㄔˋ
眚 ㄕㄥˇ
眢 ㄩㄢˍ
眧 ㄔㄠˇ
砣 ㄊㄨㄛˊ
砬 ㄌㄧˋ
砢 ㄌㄨㄛˇ
砵 ㄅㄛˍ
砯 ㄆㄧㄥˍ
砨 ㄜˋ
砮 ㄋㄨˇ
砫 ㄓㄨˇ
砡 ㄩˋ
砩 ㄈㄟˋ
砳 ㄌㄜˋ
砪 ㄇㄨˇ
砱 ㄌㄧㄥˊ
祔 ㄈㄨˋ
祛 ㄑㄩˍ
祏 ㄕˊ
祜 ㄏㄨˋ
祓 ㄈㄨˊ
祒 ㄊㄧㄠˊ
祑 ㄓˋ
秫 ㄕㄨˊ
秬 ㄐㄩˋ
秠 ㄆㄧˍ
秮 ㄊㄞˊ
秭 ㄗˇ
秪 ㄓˍ
秜 ㄋㄧˊ
秞 ㄧㄡˊ
秝 ㄌㄧˋ
窆 ㄅㄧㄢˇ
窉 ㄅㄧㄥˇ
窅 ㄧㄠˇ
窋 ㄓㄨˊ
窌 ㄐㄧㄠˋ
窊 ㄨㄚˍ
窇 ㄅㄠˊ
竘 ㄐㄩˇ
笐 ㄍㄤˍ
笄 ㄐㄧˍ
笓 ㄆㄧˊ
笅 ㄒㄧㄠˊ
笏 ㄏㄨˋ
笈 ㄐㄧˊ
笊 ㄓㄠˋ
笎 ㄩㄢˊ
笉 ㄓㄣˇ
笒 ㄘㄣˊ
粄 ㄅㄢˇ
粑 ㄅㄚˍ
粊 ㄅㄧˋ
粌 ㄧㄣˇ
粈 ㄖㄡˇ
粍 ㄌㄧˊ
粅 ㄨˋ
紞 ㄉㄢˇ
紝 ㄖㄣˊ
紑 ㄈㄡˊ
紎 ㄗˍ
紘 ㄏㄨㄥˊ
紖 ㄓㄣˋ
紓 ㄕㄨˍ
紟 ㄐㄧㄣˍ
紒 ㄐㄧㄝˋ
紌 ㄑㄧㄡˊ
罜 ㄓㄨˇ
罡 ㄍㄤˍ
罞 ㄇㄠˊ
罠 ㄇㄧㄣˊ
罝 ㄐㄩˍ
罛 ㄍㄨˍ
羖 ㄍㄨˇ
羒 ㄈㄣˊ
翃 ㄏㄨㄥˊ
翂 ㄈㄣˍ
翀 ㄔㄨㄥˊ
耖 ㄔㄠˋ
耾 ㄏㄨㄥˊ
耹 ㄑㄧㄣˊ
胺 ㄜˋ
胲 ㄍㄞˍ
胹 ㄦˊ
胵 ㄓˋ
脁 ㄊㄧㄠˋ
胻 ㄒㄧㄥˊ
脀 ㄔㄥˊ
舁 ㄩˊ
舯 ㄓㄨㄥˍ
舥 ㄆㄚˍ
茳 ㄐㄧㄤˍ
茭 ㄐㄧㄠˍ
荄 ㄍㄞˍ
茙 ㄖㄨㄥˊ
荑 ㄊㄧˊ
茥 ㄎㄨㄟˍ
荖 ㄌㄠˇ
茿 ㄓㄨˊ
荁 ㄏㄨㄢˊ
茦 ㄘㄜˋ
茜 ㄑㄧㄢˋ
茢 ㄌㄧㄝˋ
荂 ㄎㄨㄚˍ
荎 ㄔˊ
茛 ㄍㄣˋ
茪 ㄍㄨㄤˍ
茈 ㄗˇ
茼 ㄊㄨㄥˊ
荍 ㄕㄡˍ
茖 ㄍㄜˊ
茤 ㄉㄨㄛˍ
茠 ㄒㄧㄡˍ
茷 ㄈㄚˊ
茯 ㄈㄨˊ
茩 ㄍㄡˇ
荇 ㄒㄧㄥˋ
荅 ㄉㄚˊ
荌 ㄢˋ
荓 ㄆㄧㄥˊ
茞 ㄔㄣˊ
茬 ㄔˊ
荋 ㄦˊ
茧 ㄔㄨㄥˊ
荈 ㄔㄨㄢˇ
虓 ㄒㄧㄠˍ
虒 ㄙˍ
蚢 ㄏㄤˊ
蚨 ㄈㄨˊ
蚖 ㄩㄢˊ
蚍 ㄆㄧˊ
蚑 ㄑㄧˊ
蚞 ㄇㄨˋ
蚇 ㄔˇ
蚗 ㄐㄩㄝˊ
蚆 ㄆㄚˍ
蚋 ㄖㄨㄟˋ
蚚 ㄑㄧˊ
蚅 ㄜˋ
蚥 ㄈㄨˇ
蚙 ㄑㄧㄢˊ
蚡 ㄈㄣˊ
蚧 ㄐㄧㄝˋ
蚕 ㄊㄧㄢˇ
蚘 ㄏㄨㄟˊ
蚎 ㄩㄝˋ
蚝 ㄘˋ
蚐 ㄐㄩㄣˍ
蚔 ㄔˊ
衃 ㄆㄟˍ
衄 ㄋㄩˋ
衭 ㄈㄨˍ
衵 ㄖˋ
衶 ㄓㄨㄥˋ
衲 ㄋㄚˋ
袀 ㄐㄩㄣˍ
衱 ㄐㄧㄝˊ
衿 ㄐㄧㄣˍ
衯 ㄈㄣˍ
袃 ㄔㄞˋ
衾 ㄑㄧㄣˍ
衴 ㄉㄢˇ
衼 ㄓˍ
訒 ㄖㄣˋ
豇 ㄐㄧㄤˍ
豗 ㄏㄨㄟˍ
豻 ㄏㄢˋ
貤 ㄧˊ
貣 ㄊㄜˋ
赶 ㄍㄢˇ
赸 ㄕㄢˋ
趵 ㄅㄠˋ
趷 ㄏㄜˊ
趶 ㄎㄨˋ
軑 ㄉㄧˋ
軓 ㄈㄢˋ
迾 ㄌㄧㄝˋ
迵 ㄊㄨㄥˊ
适 ㄍㄨㄚˍ
迿 ㄒㄩㄣˋ
迻 ㄧˊ
逄 ㄆㄤˊ
迼 ㄐㄧㄝˊ
迶 ㄧㄡˋ
郖 ㄉㄡˍ
郠 ㄍㄥˇ
郙 ㄈㄨˇ
郚 ㄨˊ
郣 ㄅㄛˊ
郟 ㄐㄧㄚˊ
郥 ㄅㄟˋ
郘 ㄌㄩˇ
郛 ㄈㄨˊ
郗 ㄔˍ
郜 ㄍㄠˋ
郤 ㄒㄧˋ
酎 ㄓㄡˋ
酏 ㄧˇ
釕 ㄌㄧㄠˇ
釢 ㄋㄞˇ
釚 ㄑㄧㄡˊ
陜 ㄕㄢˇ
陟 ㄓˋ
隼 ㄓㄨㄣˇ
飣 ㄉㄧㄥˋ
髟 ㄅㄧㄠˍ
鬯 ㄔㄤˋ
乿 ㄔˋ
偰 ㄒㄧㄝˋ
偪 ㄅㄧˍ
偡 ㄓㄢˋ
偞 ㄧㄝˋ
偠 ㄧㄠˇ
偓 ㄨㄛˋ
偋 ㄅㄧㄥˋ
偝 ㄅㄟˍ
偲 ㄙˍ
偈 ㄐㄧㄝˊ
偍 ㄊㄧˊ
偁 ㄔㄥˋ
偛 ㄔㄚˍ
偊 ㄩˇ
偢 ㄑㄧㄡˍ
倕 ㄔㄨㄟˊ
偅 ㄓㄨㄥˋ
偟 ㄏㄨㄤˊ
偩 ㄈㄨˋ
偫 ㄓˋ
偣 ㄧㄢˍ
偤 ㄧㄡˊ
偆 ㄔㄨㄣˇ
偀 ㄧㄥˍ
偮 ㄐㄧˊ
偳 ㄉㄨㄢˍ
偗 ㄕㄥˇ
偑 ㄈㄥˍ
凐 ㄧㄣˍ
剫 ㄉㄨㄛˊ
剭 ㄨˍ
剬 ㄉㄨㄢˍ
剮 ㄍㄨㄚˇ
勖 ㄒㄩˋ
勓 ㄎㄞˋ
匭 ㄍㄨㄟˇ
厜 ㄗㄨㄟˍ
啵 ㄅㄛˍ
啶 ㄉㄧㄥˋ
唼 ㄕㄚˋ
啍 ㄊㄨㄣˍ
啐 ㄘㄨㄟˋ
唴 ㄑㄧㄤˋ
唪 ㄈㄥˇ
啑 ㄐㄧㄝˍ
啢 ㄌㄧㄤˋ
唶 ㄐㄧㄝˋ
唵 ㄢˇ
唰 ㄕㄨㄚˍ
啒 ㄏㄨˍ
啅 ㄓㄨㄛˊ
唌 ㄒㄧㄢˊ
唲 ㄦˊ
啥 ㄕㄚˊ
啎 ㄨˇ
唹 ㄩˊ
啈 ㄏㄥˋ
唭 ㄑㄧˍ
唻 ㄌㄞˊ
啀 ㄧㄞˊ
啋 ㄒㄧㄠˍ
圊 ㄑㄧㄥˍ
圇 ㄌㄨㄣˊ
埻 ㄓㄨㄣˇ
堔 ㄔㄣˍ
埢 ㄐㄩㄢˇ
埶 ㄧˋ
埜 ㄧㄝˇ
埴 ㄓˊ
堀 ㄐㄩㄝˊ
埭 ㄉㄞˋ
埽 ㄙㄠˇ
堈 ㄍㄤˍ
埸 ㄧˋ
堋 ㄆㄥˋ
埳 ㄎㄢˇ
埏 ㄧㄢˊ
堇 ㄐㄧㄣˇ
埮 ㄊㄢˋ
埣 ㄙㄨㄟˋ
埲 ㄅㄥˇ
埥 ㄔㄥˍ
埬 ㄉㄨㄥˍ
埡 ㄨˋ
堎 ㄌㄧㄥˊ
埼 ㄑㄧˊ
堐 ㄧㄚˊ
埧 ㄐㄩˋ
堁 ㄎㄜˇ
堌 ㄍㄨˋ
埱 ㄕㄨˊ
埩 ㄓㄥˍ
埰 ㄘㄞˋ
堍 ㄊㄨˋ
堄 ㄋㄧˊ
奜 ㄈㄟˇ
婠 ㄨㄢˊ
婘 ㄑㄩㄢˊ
婕 ㄐㄧㄝˊ
婧 ㄐㄧㄥˋ
婞 ㄒㄧㄥˋ
娸 ㄑㄧˍ
娵 ㄐㄩˍ
婭 ㄧㄚˋ
婐 ㄨㄛˇ
婟 ㄏㄨˋ
婥 ㄔㄨㄛˋ
婬 ㄧㄣˊ
婓 ㄈㄟˍ
婤 ㄓㄡˍ
婗 ㄋㄧˊ
婃 ㄘㄨㄥˊ
婝 ㄉㄧㄢˋ
婒 ㄊㄢˊ
婄 ㄆㄡˇ
婛 ㄐㄧㄥˍ
婈 ㄌㄧㄥˊ
媎 ㄐㄧㄝˇ
娾 ㄧㄞˊ
婍 ㄑㄧˇ
娹 ㄒㄧㄢˊ
婌 ㄕㄨˇ
婰 ㄉㄧㄢˇ
婩 ㄧㄢˋ
婇 ㄘㄞˇ
婑 ㄖㄨㄟˊ
婖 ㄊㄧㄢˍ
婂 ㄇㄧㄢˊ
婜 ㄑㄧㄢˍ
孲 ㄧㄚˍ
孮 ㄘㄨㄥˊ
寁 ㄗㄢˇ
寀 ㄘㄞˇ
屙 ㄜˍ
崞 ㄍㄨㄛˍ
崋 ㄏㄨㄚˋ
崝 ㄔㄥˍ
崚 ㄌㄥˊ
崠 ㄉㄨㄥˍ
崌 ㄐㄩˍ
崨 ㄐㄧㄝˊ
崍 ㄌㄞˊ
崦 ㄧㄢˍ
崥 ㄆㄧˇ
崏 ㄇㄧㄣˊ
崰 ㄗˍ
崒 ㄗㄨˊ
崣 ㄨㄟˇ
崟 ㄧㄣˊ
崮 ㄍㄨˋ
帾 ㄉㄨˇ
帴 ㄕㄚˍ
庱 ㄔㄥˇ
庴 ㄐㄧˊ
庹 ㄊㄨㄛˇ
庲 ㄌㄞˊ
庳 ㄅㄧˋ
弶 ㄐㄧㄤˋ
弸 ㄅㄥˍ
徛 ㄑㄧˍ
徖 ㄘㄨㄥˊ
徟 ㄓㄡˍ
悊 ㄓㄜˊ
悐 ㄊㄧˋ
悆 ㄩˋ
悾 ㄎㄨㄥˍ
悰 ㄘㄨㄥˊ
悺 ㄍㄨㄢˋ
惓 ㄑㄩㄢˊ
惔 ㄧㄢˇ
惏 ㄌㄧㄣˊ
惤 ㄐㄧㄢˍ
惙 ㄔㄨㄛˋ
惝 ㄊㄤˇ
惈 ㄍㄨㄛˇ
悱 ㄈㄟˇ
惛 ㄏㄨㄣˍ
悷 ㄌㄧˋ
惊 ㄐㄧㄥˍ
悿 ㄊㄧㄢˇ
惃 ㄎㄨㄣˍ
惍 ㄐㄧㄣˍ
惀 ㄌㄨㄣˊ
挲 ㄙㄨㄛˍ
捥 ㄨㄢˋ
掊 ㄆㄡˊ
掂 ㄉㄧㄢˍ
捽 ㄗㄨˊ
掽 ㄆㄥˋ
掞 ㄕㄢˋ
掭 ㄊㄧㄢˋ
掝 ㄏㄨㄛˋ
掗 ㄧㄚˇ
掫 ㄗㄡˍ
掎 ㄐㄧˇ
捯 ㄉㄠˊ
掇 ㄉㄨㄛˊ
掐 ㄑㄧㄚˍ
据 ㄐㄩˋ
掯 ㄎㄣˋ
捵 ㄔㄣˇ
掜 ㄧˇ
捭 ㄅㄞˇ
掮 ㄑㄧㄢˊ
捼 ㄋㄨㄛˊ
掤 ㄅㄧㄥˍ
挻 ㄕㄢˍ
掟 ㄉㄧㄥˋ
捸 ㄊㄨˍ
掅 ㄑㄧㄥˋ
掁 ㄔㄥˊ
掑 ㄑㄧˊ
掍 ㄍㄨㄣˇ
捰 ㄨㄛˇ
敓 ㄉㄨㄛˊ
旍 ㄐㄧㄥˍ
晥 ㄏㄢˋ
晡 ㄅㄨˍ
晛 ㄒㄧㄢˋ
晙 ㄐㄩㄣˋ
晜 ㄎㄨㄣˍ
晢 ㄓㄜˊ
朘 ㄐㄩㄢˍ
桹 ㄌㄤˊ
梇 ㄌㄨㄥˋ
梐 ㄅㄧˋ
梜 ㄐㄧㄚˊ
桭 ㄓㄣˋ
桮 ㄅㄟˍ
梮 ㄐㄩˊ
梫 ㄘㄣˍ
楖 ㄐㄧˊ
桯 ㄊㄧㄥˍ
梣 ㄘㄣˊ
梬 ㄧㄥˇ
梩 ㄌㄧˊ
桵 ㄖㄨㄟˇ
桴 ㄈㄨˊ
梲 ㄓㄨㄛˊ
梏 ㄍㄨˋ
桷 ㄐㄩㄝˊ
梒 ㄏㄢˊ
桼 ㄑㄧˍ
桫 ㄙㄨㄛˍ
桲 ㄅㄛˊ
梪 ㄉㄡˋ
梀 ㄘㄨˋ
桱 ㄐㄧㄥˋ
桾 ㄐㄩㄣˍ
梛 ㄋㄨㄛˊ
梖 ㄅㄟˋ
梋 ㄒㄩㄢˍ
梠 ㄌㄩˇ
梉 ㄓㄨㄤˍ
梤 ㄈㄣˍ
桸 ㄒㄧˍ
桻 ㄈㄥˍ
梑 ㄉㄧˊ
梌 ㄊㄨˊ
梊 ㄉㄧˋ
桽 ㄨㄣˇ
欶 ㄕㄨㄛˋ
欳 ㄎㄨㄞˋ
欷 ㄒㄧˍ
欸 ㄞˇ
殑 ㄑㄧㄥˊ
殏 ㄑㄧㄡˊ
殍 ㄆㄧㄠˇ
殎 ㄑㄧㄚˋ
殌 ㄑㄧㄥˊ
氪 ㄎㄜˋ
淀 ㄉㄧㄢˋ
涫 ㄍㄨㄢˋ
涴 ㄨㄛˋ
涳 ㄎㄨㄥˍ
湴 ㄅㄢˋ
涬 ㄒㄧㄥˋ
淩 ㄌㄧㄥˊ
淢 ㄩˋ
涷 ㄉㄨㄥˍ
淶 ㄌㄞˊ
淔 ㄔˋ
渀 ㄅㄣˍ
淈 ㄍㄨˇ
淠 ㄆㄧˋ
淟 ㄊㄧㄢˇ
淖 ㄋㄠˋ
涾 ㄊㄚˋ
淥 ㄌㄨˋ
淜 ㄆㄥˊ
淝 ㄈㄟˊ
淛 ㄓˋ
淴 ㄏㄨˍ
淊 ㄏㄢˋ
涽 ㄏㄨㄣˍ
淭 ㄑㄩˊ
淰 ㄋㄧㄢˋ
涺 ㄐㄩˍ
淕 ㄌㄨˋ
淂 ㄉㄜˊ
淏 ㄏㄠˋ
淉 ㄍㄨㄛˇ
淐 ㄔㄤˍ
淲 ㄏㄨˍ
淓 ㄈㄤˍ
淽 ㄓˇ
淗 ㄐㄩˊ
淍 ㄓㄡˍ
淣 ㄋㄧˊ
涻 ㄍㄢˋ
烺 ㄌㄤˇ
焍 ㄊㄧˍ
烷 ㄨㄢˊ
焗 ㄐㄩˊ
烴 ㄐㄧㄥˇ
焌 ㄐㄩㄣˋ
烰 ㄈㄨˊ
焄 ㄒㄩㄣˍ
烳 ㄆㄨˇ
焐 ㄨˋ
烼 ㄏㄨˍ
烿 ㄖㄨㄥˊ
焆 ㄐㄩㄝˊ
焓 ㄏㄢˊ
焀 ㄏㄨˊ
烸 ㄏㄞˇ
烶 ㄊㄧㄥˇ
焋 ㄓㄨㄤˋ
焂 ㄕㄨˊ
焎 ㄒㄧㄝˋ
牾 ㄨˇ
牻 ㄇㄤˊ
牼 ㄎㄥˍ
牿 ㄍㄨˋ
猝 ㄘㄨˋ
猗 ㄧˍ
猇 ㄧㄠˊ
猑 ㄎㄨㄣˍ
猘 ㄓˋ
猊 ㄋㄧˊ
猈 ㄆㄧˊ
狿 ㄧㄢˊ
猏 ㄐㄧㄢˍ
猞 ㄕㄜˋ
玈 ㄌㄨˊ
珶 ㄉㄧˋ
珸 ㄨˊ
珵 ㄔㄥˊ
琄 ㄑㄩㄢˇ
琁 ㄒㄩㄢˊ
珽 ㄊㄧㄥˇ
琇 ㄒㄧㄡˋ
琀 ㄏㄢˋ
珺 ㄐㄩㄣˋ
珼 ㄅㄟˋ
珿 ㄔㄨㄛˋ
琌 ㄌㄧㄥˊ
琋 ㄒㄧˍ
珴 ㄜˊ
琈 ㄈㄨˊ
畤 ㄓˋ
畣 ㄉㄚˊ
痎 ㄎㄞˍ
痒 ㄧㄤˇ
痏 ㄨㄟˇ
痋 ㄔㄨㄥˊ
痌 ㄊㄨㄥˍ
痑 ㄉㄨㄛˇ
痐 ㄏㄨㄟˊ
皏 ㄆㄥˇ
皉 ㄘˇ
盓 ㄩˍ
眹 ㄓㄣˋ
眯 ㄇㄧˇ
眭 ㄙㄨㄟˍ
眱 ㄧˊ
眲 ㄦˋ
眴 ㄒㄩㄢˋ
眳 ㄇㄧㄥˇ
眽 ㄇㄛˋ
眥 ㄗˋ
眻 ㄧㄤˊ
眵 ㄔˍ
硈 ㄐㄧㄚˊ
硒 ㄒㄧˍ
硉 ㄌㄨˋ
硍 ㄎㄣˋ
硊 ㄨㄟˇ
硌 ㄌㄨㄛˋ
砦 ㄓㄞˋ
硅 ㄍㄨㄟˍ
硐 ㄊㄨㄥˊ
祤 ㄩˇ
祧 ㄊㄧㄠˍ
祩 ㄓㄨˍ
祪 ㄍㄨㄟˇ
祣 ㄌㄩˇ
祫 ㄒㄧㄚˊ
祡 ㄔㄞˊ
离 ㄔˍ
秺 ㄉㄨˋ
秸 ㄐㄧˊ
秶 ㄗˍ
秷 ㄓˊ
窏 ㄨˍ
窔 ㄧㄠˇ
窐 ㄍㄨㄟˍ
笵 ㄈㄢˋ
筇 ㄑㄩㄥˊ
笴 ㄍㄜˇ
笥 ㄙˋ
笰 ㄈㄨˊ
笢 ㄇㄧㄣˇ
笤 ㄊㄧㄠˊ
笳 ㄐㄧㄚˍ
笘 ㄕㄢˍ
笪 ㄉㄚˊ
笝 ㄋㄚˋ
笱 ㄍㄡˇ
笫 ㄗˇ
笭 ㄌㄧㄥˊ
笯 ㄋㄨˊ
笲 ㄈㄢˊ
笸 ㄆㄛˇ
笚 ㄒㄧㄚˊ
笣 ㄅㄠˍ
粔 ㄐㄩˋ
粘 ㄋㄧㄢˊ
粖 ㄇㄛˋ
粣 ㄘㄜˋ
紵 ㄓㄨˋ
紽 ㄊㄨㄛˊ
紸 ㄓㄨˋ
紶 ㄑㄩˇ
紺 ㄍㄢˋ
絅 ㄐㄩㄥˇ
紬 ㄔㄡˊ
紩 ㄓˋ
絁 ㄕˍ
絇 ㄐㄩˋ
紾 ㄓㄣˇ
紿 ㄉㄞˋ
絊 ㄗㄨㄟˋ
紻 ㄧㄤˍ
紨 ㄈㄨˍ
罣 ㄍㄨㄚˋ
羕 ㄧㄤˋ
羜 ㄓㄨˋ
羝 ㄉㄧˍ
羛 ㄧˋ
翊 ㄧˋ
翋 ㄌㄚˍ
翍 ㄆㄛˍ
翐 ㄓˋ
翑 ㄑㄩˊ
翇 ㄆㄟˋ
翏 ㄌㄧㄡˋ
耟 ㄐㄩˋ
耞 ㄐㄧㄚˍ
耛 ㄔˊ
聇 ㄓㄥˍ
聃 ㄉㄢˍ
聈 ㄧㄡˇ
脘 ㄍㄨㄢˇ
脥 ㄒㄧㄝˊ
脙 ㄑㄧㄡˊ
脛 ㄐㄧㄥˋ
脭 ㄔㄥˊ
脟 ㄌㄧㄝˋ
脬 ㄆㄠˍ
脞 ㄘㄨㄛˇ
脡 ㄊㄧㄥˇ
脕 ㄨㄢˇ
脧 ㄐㄩㄢˍ
脝 ㄏㄥˍ
脢 ㄇㄟˊ
舑 ㄊㄢˍ
舸 ㄍㄜˇ
舳 ㄓㄨˊ
舺 ㄐㄧㄚˇ
舴 ㄗㄜˊ
舲 ㄌㄧㄥˊ
艴 ㄈㄨˊ
莐 ㄔㄣˊ
莣 ㄨㄤˋ
莨 ㄌㄤˊ
莍 ㄑㄧㄡˊ
荺 ㄩㄣˊ
荳 ㄉㄡˋ
莤 ㄧㄡˊ
荴 ㄈㄨˍ
莏 ㄙㄨㄛˍ
莁 ㄨˊ
莕 ㄒㄧㄥˋ
莙 ㄐㄩㄣˍ
荵 ㄖㄣˇ
莔 ㄇㄥˊ
莩 ㄈㄨˊ
荽 ㄙㄨㄟˍ
莃 ㄒㄧˍ
莌 ㄉㄨㄛˊ
莝 ㄘㄨㄛˋ
莛 ㄊㄧㄥˊ
莪 ㄜˊ
莋 ㄐㄧˊ
荾 ㄙㄨㄟˍ
莥 ㄋㄧㄡˇ
莯 ㄇㄨˋ
莈 ㄇㄛˋ
莗 ㄔㄜˍ
荿 ㄔㄥˊ
莦 ㄕㄠˍ
莇 ㄓㄨˋ
莮 ㄋㄢˊ
荶 ㄧㄣˊ
莚 ㄧㄢˊ
虙 ㄈㄨˊ
虖 ㄏㄨˍ
蚿 ㄒㄧㄢˊ
蚷 ㄐㄩˋ
蛂 ㄅㄧㄝˇ
蛁 ㄉㄧㄠˍ
蛅 ㄖㄢˊ
蚺 ㄖㄢˊ
蚰 ㄧㄡˊ
蛈 ㄊㄧㄝˋ
蚹 ㄈㄨˋ
蚳 ㄔˊ
蚸 ㄌㄧˋ
蛌 ㄍㄨˇ
蚴 ㄧㄡˍ
蚻 ㄓㄚˊ
蚼 ㄍㄡˇ
蛃 ㄅㄧㄥˇ
蚽 ㄆㄧˊ
蚾 ㄅㄛˇ
衒 ㄒㄩㄢˋ
袉 ㄊㄨㄛˊ
袕 ㄒㄩㄝˋ
袨 ㄒㄩㄢˋ
袢 ㄆㄢˋ
袪 ㄑㄩˍ
袚 ㄅㄛˍ
袑 ㄕㄠˋ
袡 ㄖㄢˊ
袟 ㄓˋ
袘 ㄧˊ
袧 ㄎㄡˍ
袙 ㄆㄚˋ
袛 ㄉㄧˍ
袗 ㄓㄣˇ
袤 ㄇㄠˋ
袬 ㄩˋ
袌 ㄅㄠˋ
袓 ㄐㄩˇ
袎 ㄧㄠˋ
覂 ㄈㄥˇ
觖 ㄐㄩㄝˊ
觙 ㄐㄧˊ
觕 ㄘㄨˍ
訰 ㄓㄨㄣˍ
訧 ㄧㄡˊ
訬 ㄔㄠˍ
訞 ㄧㄠˍ
谹 ㄏㄨㄥˊ
谻 ㄐㄩㄝˊ
豜 ㄐㄧㄢˍ
豝 ㄅㄚˍ
豽 ㄋㄚˋ
貥 ㄏㄤˊ
赽 ㄐㄩㄝˊ
赻 ㄒㄧㄢˇ
赹 ㄑㄩㄥˊ
趼 ㄐㄧㄢˇ
跂 ㄑㄧˊ
趹 ㄐㄩㄝˊ
趿 ㄙㄚˋ
跁 ㄆㄚˊ
軘 ㄊㄨㄣˊ
軞 ㄇㄠˊ
軝 ㄑㄧˊ
軜 ㄋㄚˋ
軗 ㄕㄨˍ
軠 ㄖㄣˋ
軡 ㄑㄧㄢˊ
逤 ㄙㄨㄛˋ
逋 ㄅㄨˍ
逑 ㄑㄧㄡˊ
逜 ㄨˋ
逌 ㄧㄡˊ
逡 ㄑㄩㄣˍ
郯 ㄊㄢˊ
郪 ㄑㄧˍ
郰 ㄗㄡˍ
郴 ㄔㄣˍ
郲 ㄌㄞˊ
郳 ㄋㄧˊ
郔 ㄧㄢˊ
郫 ㄆㄧˊ
郬 ㄑㄧㄥˍ
郩 ㄒㄧㄠˊ
酖 ㄓㄣˋ
酘 ㄊㄡˊ
酚 ㄈㄣˍ
酓 ㄧㄢˇ
酕 ㄇㄠˊ
釬 ㄏㄢˋ
釴 ㄧˋ
釱 ㄉㄧˋ
釳 ㄒㄧˋ
釸 ㄒㄧˋ
釤 ㄕㄢˋ
釹 ㄋㄩˇ
釪 ㄩˊ
釫 ㄏㄨㄚˊ
釷 ㄊㄨˇ
釨 ㄗˇ
釮 ㄑㄧˊ
镺 ㄠˇ
閆 ㄧㄢˋ
閈 ㄏㄢˋ
陼 ㄓㄨˇ
陭 ㄧˇ
陫 ㄆㄟˊ
陱 ㄐㄩˊ
陯 ㄌㄨㄣˊ
隿 ㄧˋ
靪 ㄉㄧㄥˍ
頄 ㄆㄢˋ
飥 ㄊㄨㄛˍ
馗 ㄎㄨㄟˊ
傛 ㄩㄥˊ
傕 ㄐㄩㄝˊ
傔 ㄑㄧㄢˋ
傞 ㄙㄨㄛˍ
傋 ㄍㄡˋ
傣 ㄊㄞˋ
傃 ㄙㄨˋ
傌 ㄇㄚˋ
傎 ㄉㄧㄢˍ
傝 ㄊㄚˋ
偨 ㄔㄞˍ
傜 ㄧㄠˊ
傒 ㄒㄧˍ
傂 ㄔˇ
傇 ㄖㄨㄥˇ
兟 ㄒㄧㄣˍ
凔 ㄘㄤˍ
匒 ㄉㄚˊ
匑 ㄍㄨㄥˍ
厤 ㄌㄧˋ
厧 ㄉㄧㄢˍ
喑 ㄧㄣˍ
喨 ㄌㄧㄤˋ
喥 ㄉㄨˋ
喭 ㄧㄢˋ
啷 ㄌㄤˍ
噅 ㄏㄨㄟˍ
喢 ㄕㄚˋ
喓 ㄧㄠˍ
喈 ㄐㄧㄝˍ
喏 ㄖㄜˇ
喵 ㄇㄧㄠˍ
喁 ㄩㄥˊ
喣 ㄒㄩˇ
喒 ㄗㄢˇ
喤 ㄏㄨㄤˊ
喌 ㄓㄡˍ
喦 ㄧㄢˊ
啿 ㄉㄢˋ
喕 ㄇㄧㄢˇ
喡 ㄨㄟˇ
喎 ㄎㄨㄞˍ
圌 ㄔㄨㄟˊ
堩 ㄍㄥˋ
堷 ㄢˇ
堙 ㄧㄣˍ
堞 ㄉㄧㄝˊ
堧 ㄖㄨㄢˊ
堣 ㄩˊ
堨 ㄞˋ
埵 ㄉㄨㄛˇ
塈 ㄐㄧˋ
堥 ㄇㄠˊ
堜 ㄌㄧㄢˋ
堛 ㄅㄧˋ
堳 ㄇㄟˊ
堿 ㄐㄧㄢˇ
堶 ㄊㄨㄛˍ
堮 ㄜˋ
堹 ㄓㄨㄥˋ
堸 ㄈㄥˊ
堭 ㄏㄨㄤˊ
堬 ㄩˊ
堻 ㄓㄣˍ
奡 ㄠˋ
媯 ㄍㄨㄟˍ
媔 ㄇㄧㄢˊ
媟 ㄒㄧㄝˋ
婺 ㄨˋ
媢 ㄇㄠˋ
媞 ㄕˋ
婸 ㄧㄤˊ
媦 ㄨㄟˋ
婼 ㄔㄨㄛˋ
媥 ㄆㄧㄢˍ
媬 ㄅㄠˇ
媕 ㄢˍ
媮 ㄊㄡˍ
娷 ㄔㄨㄟˊ
媄 ㄇㄟˇ
媊 ㄑㄧㄢˊ
媗 ㄒㄩㄢˍ
媃 ㄖㄡˊ
媋 ㄔㄨㄣˍ
媩 ㄏㄨˊ
婻 ㄋㄢˋ
婽 ㄐㄧㄚˇ
媌 ㄇㄠˊ
媜 ㄓㄣˍ
媏 ㄉㄨㄢˍ
媓 ㄏㄨㄤˊ
媝 ㄑㄧㄡˍ
寪 ㄨㄟˇ
寍 ㄋㄧㄥˊ
寋 ㄐㄧㄢˇ
寔 ㄕˊ
寑 ㄑㄧㄣˇ
寊 ㄓㄣˍ
寎 ㄅㄧㄥˋ
尌 ㄕㄨˋ
尰 ㄓㄨㄥˋ
崷 ㄑㄧㄡˊ
嵃 ㄧㄢˇ
嵫 ㄗˍ
嵁 ㄎㄢˍ
嵋 ㄇㄟˊ
崿 ㄜˋ
崵 ㄧㄤˊ
嵑 ㄐㄩㄝˊ
嵎 ㄩˊ
嵕 ㄗㄨㄥˍ
崳 ㄩˊ
崺 ㄧˇ
嵒 ㄧㄢˊ
崽 ㄗㄞˇ
崱 ㄗㄜˊ
嵙 ㄎㄜˍ
嵂 ㄌㄩˋ
崹 ㄊㄧˊ
嵉 ㄊㄧㄥˊ
崸 ㄉㄨㄣˋ
崼 ㄕˋ
崲 ㄏㄨㄤˊ
崶 ㄈㄥˍ
嵀 ㄓㄨˋ
嵅 ㄍㄢˍ
幄 ㄨㄛˋ
幁 ㄒㄩˍ
彘 ㄓˋ
徦 ㄐㄧㄚˇ
徥 ㄔˊ
徫 ㄨㄟˇ
惉 ㄔㄢˍ
悹 ㄍㄨㄢˋ
惌 ㄩㄢˍ
惢 ㄖㄨㄟˇ
惎 ㄐㄧˋ
惄 ㄋㄧˋ
愔 ㄧㄣˍ
惲 ㄩㄣˋ
愊 ㄅㄧˋ
愖 ㄔㄣˊ
愅 ㄍㄜˊ
惵 ㄉㄧㄝˊ
愓 ㄉㄤˋ
惸 ㄑㄩㄥˊ
惼 ㄅㄧㄢˇ
惾 ㄗㄨㄥˍ
惁 ㄒㄧˍ
愃 ㄒㄩㄢˍ
愘 ㄑㄧㄚˋ
愝 ㄧㄢˇ
愐 ㄇㄧㄢˇ
惿 ㄊㄧˊ
愄 ㄨㄟˍ
愋 ㄒㄩㄢˍ
扊 ㄧㄢˇ
掔 ㄑㄧㄢˍ
掱 ㄕㄡˇ
掰 ㄅㄞˍ
揎 ㄒㄩㄢˍ
揥 ㄊㄧˋ
揨 ㄔㄥˊ
揯 ㄍㄥˍ
揃 ㄐㄧㄢˍ
撝 ㄏㄨㄟˍ
揳 ㄒㄧㄝˍ
揊 ㄆㄧˋ
揠 ㄧㄚˋ
揶 ㄧㄝˊ
揕 ㄓㄣˋ
揲 ㄕㄜˊ
揵 ㄑㄧㄢˊ
摡 ㄒㄧˋ
揟 ㄐㄩˍ
掾 ㄩㄢˋ
揝 ㄗㄢˇ
揜 ㄧㄢˇ
揄 ㄩˊ
揘 ㄏㄥˊ
揓 ㄕˋ
揂 ㄐㄧㄡˍ
揇 ㄋㄢˇ
揌 ㄙㄞˍ
揋 ㄨㄟˍ
揈 ㄏㄨㄥˍ
揰 ㄔㄨㄥˋ
揗 ㄕㄨㄣˇ
揙 ㄅㄧㄢˋ
攲 ㄑㄧˍ
敧 ㄑㄧˇ
敪 ㄉㄨㄛˊ
敤 ㄎㄜˇ
敜 ㄋㄧㄝˋ
敨 ㄉㄡˇ
敥 ㄧㄢˋ
斌 ㄅㄧㄣˍ
斝 ㄐㄧㄚˇ
斞 ㄩˇ
斮 ㄓㄨㄛˊ
旐 ㄓㄠˋ
旒 ㄌㄧㄡˊ
晼 ㄨㄢˇ
晬 ㄗㄨㄟˋ
晻 ㄢˇ
暀 ㄨㄤˇ
晱 ㄕㄢˇ
晹 ㄧˋ
晪 ㄊㄧㄢˇ
晲 ㄧˇ
朁 ㄘㄢˇ
椌 ㄑㄧㄤˍ
棓 ㄅㄤˋ
椄 ㄐㄧㄝˍ
棜 ㄩˋ
椪 ㄆㄥˋ
棬 ㄑㄩㄢˍ
棪 ㄧㄢˇ
棱 ㄌㄥˊ
椏 ㄧㄚˍ
棖 ㄔㄥˊ
棷 ㄗㄡˍ
棫 ㄩˋ
棤 ㄒㄧˊ
棶 ㄌㄞˊ
椓 ㄓㄨㄛˊ
椐 ㄐㄩˍ
棳 ㄓㄨㄛˊ
棡 ㄍㄤˍ
椇 ㄐㄩˇ
棌 ㄘㄞˇ
椈 ㄐㄩˊ
楰 ㄩˊ
梴 ㄔㄢˍ
椑 ㄅㄟˍ
棯 ㄖㄣˇ
棆 ㄌㄨㄣˊ
椔 ㄗˍ
棸 ㄗㄡˍ
棐 ㄈㄟˇ
棽 ㄔㄣˍ
棼 ㄈㄣˊ
棨 ㄑㄧˇ
椋 ㄌㄧㄤˊ
椊 ㄗㄨㄛˊ
椗 ㄉㄧㄥˋ
棎 ㄔㄢˊ
棈 ㄑㄧㄢˋ
棝 ㄍㄨˋ
棞 ㄏㄨㄣˊ
棦 ㄔㄥˍ
棴 ㄈㄨˊ
棑 ㄆㄞˊ
椆 ㄔㄡˊ
棔 ㄏㄨㄣˍ
棩 ㄩㄢˍ
椕 ㄅㄧㄣˍ
椥 ㄓˍ
棇 ㄘㄨㄥˍ
欹 ㄧˍ
欻 ㄔㄨㄚˍ
欿 ㄎㄢˇ
欼 ㄔˇ
殔 ㄧˋ
殗 ㄧㄝˋ
殙 ㄏㄨㄣˍ
殕 ㄈㄡˇ
殽 ㄧㄠˊ
毰 ㄆㄟˊ
毲 ㄉㄨㄛˊ
毳 ㄘㄨㄟˋ
氰 ㄑㄧㄥˍ
淼 ㄇㄧㄠˇ
湆 ㄑㄧˋ
湇 ㄑㄧˋ
渟 ㄊㄧㄥˊ
湉 ㄊㄧㄢˊ
溈 ㄍㄨㄟˍ
渼 ㄇㄟˇ
渽 ㄗㄞˍ
湅 ㄌㄧㄢˋ
湢 ㄅㄧˋ
渫 ㄒㄧㄝˋ
渿 ㄋㄞˋ
湁 ㄕˊ
湝 ㄐㄧㄝˍ
湳 ㄋㄢˇ
渜 ㄋㄨㄢˇ
渳 ㄇㄧˇ
湋 ㄨㄟˊ
湀 ㄎㄨㄟˊ
湑 ㄒㄩˇ
渻 ㄒㄧㄥˇ
渃 ㄖㄜˋ
渮 ㄍㄜˍ
湞 ㄔㄥˊ
湨 ㄑㄩˋ
湜 ㄕˊ
湡 ㄡˇ
渱 ㄏㄨㄥˊ
渨 ㄨㄟˍ
湠 ㄊㄢˋ
湱 ㄏㄨㄛˋ
湫 ㄐㄧㄡˍ
渹 ㄏㄨㄥˍ
渢 ㄈㄥˊ
渰 ㄧㄢˇ
湓 ㄆㄣˊ
湥 ㄊㄨˊ
渧 ㄉㄧˋ
湸 ㄌㄧㄤˋ
湤 ㄕˍ
湷 ㄔㄨㄟˊ
湕 ㄐㄧㄢˇ
湹 ㄔㄢˊ
湒 ㄐㄧˊ
湦 ㄕㄥˍ
渵 ㄇㄠˊ
渶 ㄧㄥˍ
湚 ㄧㄣˋ
焠 ㄘㄨㄟˋ
焞 ㄔㄨㄣˍ
焯 ㄓㄨㄛˊ
烻 ㄕㄢˍ
焮 ㄒㄧㄣˋ
焱 ㄧㄢˋ
焣 ㄐㄩˋ
焥 ㄨㄛˋ
焢 ㄏㄨㄥˍ
焲 ㄧˋ
焟 ㄒㄧˊ
焨 ㄈㄥˋ
焺 ㄕㄥˍ
焛 ㄌㄧㄣˋ
牋 ㄐㄧㄢˍ
牚 ㄔㄥˍ
犈 ㄑㄩㄢˊ
犆 ㄓˊ
犅 ㄍㄤˍ
犋 ㄐㄩˋ
猒 ㄧㄢˍ
猋 ㄅㄧㄠˍ
猰 ㄧㄚˋ
猢 ㄏㄨˊ
猱 ㄋㄠˊ
猳 ㄐㄧㄚˍ
猧 ㄨㄛˍ
猲 ㄒㄧㄝˍ
猭 ㄩㄢˊ
猦 ㄈㄥˍ
猣 ㄗㄨㄥˍ
猵 ㄅㄧㄢˍ
猌 ㄧㄣˋ
琮 ㄘㄨㄥˊ
琬 ㄨㄢˇ
琰 ㄧㄢˇ
琫 ㄅㄥˇ
琖 ㄓㄢˇ
琚 ㄐㄩˍ
琡 ㄔㄨˋ
琭 ㄌㄨˋ
琱 ㄉㄧㄠˍ
琤 ㄔㄥˍ
琝 ㄨㄣˊ
琩 ㄔㄤˍ
琠 ㄉㄧㄢˇ
琲 ㄅㄟˋ
瓻 ㄔˍ
甯 ㄋㄧㄥˊ
畯 ㄐㄩㄣˋ
畬 ㄩˊ
痧 ㄕㄚˍ
痚 ㄒㄧㄠˍ
痡 ㄆㄨˍ
痦 ㄨˋ
痝 ㄇㄤˊ
痟 ㄒㄧㄠˍ
痤 ㄘㄨㄛˊ
痗 ㄇㄟˋ
皕 ㄅㄧˋ
皒 ㄜˊ
盚 ㄑㄧㄡˊ
睆 ㄏㄨㄢˇ
睇 ㄉㄧˋ
睄 ㄕㄠˋ
睍 ㄒㄧㄢˋ
睅 ㄏㄢˋ
睊 ㄐㄩㄢˋ
睎 ㄒㄧˍ
睋 ㄜˊ
睌 ㄨㄢˇ
矞 ㄩˋ
矬 ㄘㄨㄛˊ
硠 ㄌㄤˇ
硤 ㄒㄧㄚˊ
硥 ㄇㄤˇ
硜 ㄎㄥˍ
硭 ㄇㄤˊ
硱 ㄎㄨㄣˇ
硪 ㄜˊ
确 ㄑㄩㄝˋ
硰 ㄕㄚˍ
硩 ㄔㄜˋ
硨 ㄔㄜˍ
硞 ㄑㄩㄝˋ
硢 ㄩˊ
祴 ㄍㄞˍ
祳 ㄓㄣˇ
祲 ㄐㄧㄣˍ
祰 ㄍㄠˋ
稂 ㄌㄤˊ
稊 ㄊㄧˊ
稃 ㄈㄨˍ
稌 ㄊㄨˊ
稄 ㄗㄜˋ
窙 ㄒㄧㄠˍ
竦 ㄙㄨㄥˇ
竤 ㄏㄨㄥˊ
筊 ㄐㄧㄠˇ
笻 ㄑㄩㄥˊ
筄 ㄧㄠˋ
筈 ㄍㄨㄚˍ
筌 ㄑㄩㄢˊ
筎 ㄖㄨˊ
筀 ㄍㄨㄟˋ
筘 ㄎㄡˋ
筅 ㄒㄧㄢˇ
粢 ㄗˍ
粞 ㄒㄧˍ
粨 ㄅㄞˇ
粡 ㄊㄨㄥˊ
絘 ㄘˋ
絯 ㄍㄞˍ
絣 ㄅㄥˍ
絓 ㄍㄨㄚˋ
絖 ㄎㄨㄤˋ
絧 ㄊㄨㄥˊ
絪 ㄧㄣˍ
絏 ㄒㄧㄝˋ
絭 ㄑㄩㄢˋ
絜 ㄒㄧㄝˊ
絫 ㄌㄟˇ
絒 ㄔㄡˊ
絔 ㄅㄞˇ
絩 ㄊㄧㄠˋ
絑 ㄓㄨˍ
絟 ㄑㄩㄢˍ
絎 ㄏㄥˋ
缾 ㄆㄧㄥˊ
缿 ㄏㄡˋ
罥 ㄐㄩㄢˋ
罦 ㄈㄨˍ
羢 ㄖㄨㄥˊ
羠 ㄧˊ
羡 ㄧˊ
翗 ㄑㄧˊ
聑 ㄉㄧㄝˊ
聏 ㄦˊ
聐 ㄧㄚˋ
胾 ㄗˋ
胔 ㄗˋ
腃 ㄐㄩㄢˋ
腊 ㄌㄚˋ
腒 ㄐㄩˍ
腏 ㄉㄨㄛˊ
腇 ㄋㄟˇ
脽 ㄕㄨㄟˊ
腍 ㄖㄣˇ
脺 ㄘㄨㄟˋ
臦 ㄨㄤˇ
臮 ㄐㄧˋ
臷 ㄉㄧㄝˊ
臸 ㄓˋ
臹 ㄒㄧㄡˍ
舄 ㄒㄧˋ
舼 ㄏㄨㄥˊ
舽 ㄆㄤˊ
艵 ㄆㄧㄥˊ
茻 ㄇㄤˇ
菏 ㄏㄜˊ
菹 ㄐㄩˍ
萣 ㄉㄧㄥˋ
菀 ㄨㄢˇ
菨 ㄐㄧㄝˍ
萒 ㄧㄢˇ
菧 ㄉㄧˇ
菤 ㄐㄩㄢˇ
菼 ㄊㄢˇ
菶 ㄅㄥˇ
萐 ㄕㄚˋ
菆 ㄗㄡˍ
菈 ㄌㄚˍ
菫 ㄐㄧㄣˇ
菣 ㄑㄧㄣˋ
莿 ㄘˋ
萁 ㄑㄧˊ
菝 ㄅㄚˊ
菥 ㄒㄧˍ
菘 ㄙㄨㄥˍ
菿 ㄉㄠˋ
菡 ㄏㄢˋ
菋 ㄨㄟˋ
菎 ㄎㄨㄣˍ
菖 ㄔㄤˍ
菵 ㄨㄤˇ
菉 ㄌㄩˋ
萉 ㄈㄟˊ
萏 ㄉㄢˋ
菞 ㄌㄧˊ
萑 ㄏㄨㄢˊ
萆 ㄅㄟˍ
菂 ㄉㄧˍ
菳 ㄐㄧㄣˍ
菕 ㄌㄨㄣˊ
菺 ㄐㄧㄢˍ
菇 ㄍㄨˍ
菑 ㄗˍ
菪 ㄉㄤˋ
萓 ㄧˊ
菃 ㄑㄩˊ
菬 ㄓㄠˇ
菮 ㄍㄥˍ
菄 ㄉㄨㄥˍ
菻 ㄌㄧㄣˇ
菗 ㄔㄡˊ
菢 ㄅㄠˋ
萛 ㄐㄧㄡˍ
菛 ㄇㄣˊ
菾 ㄊㄧㄢˊ
蛘 ㄧㄤˊ
蛢 ㄆㄧㄥˊ
蛦 ㄧˊ
蛓 ㄘˋ
蛣 ㄐㄧˍ
蛚 ㄌㄧㄝˋ
蛪 ㄑㄧㄝˋ
蛝 ㄒㄧㄢˊ
蛫 ㄍㄨㄟˇ
蛜 ㄧˍ
蛬 ㄍㄨㄥˇ
蛩 ㄑㄩㄥˊ
蛗 ㄈㄨˋ
蛨 ㄇㄛˋ
蛑 ㄇㄡˊ
衈 ㄦˋ
衖 ㄌㄨㄥˋ
衕 ㄊㄨㄥˋ
袺 ㄐㄧㄝˊ
裗 ㄌㄧㄡˊ
袹 ㄇㄛˋ
袸 ㄘㄨㄣˊ
裀 ㄧㄣˍ
袾 ㄓㄨˍ
袶 ㄐㄧㄤˋ
袼 ㄌㄨㄛˋ
袷 ㄐㄧㄚˊ
袽 ㄖㄨˊ
袲 ㄧˊ
褁 ㄓˊ
裉 ㄎㄣˋ
覕 ㄇㄧㄝˋ
覘 ㄓㄢˍ
覗 ㄙˍ
觝 ㄉㄧˇ
觚 ㄍㄨˍ
觛 ㄉㄢˋ
詎 ㄐㄩˋ
詍 ㄕˋ
訹 ㄒㄩˋ
詙 ㄅㄚˊ
詀 ㄓㄢˍ
詗 ㄒㄩㄥˋ
詘 ㄔㄨˋ
詄 ㄉㄧㄝˊ
詅 ㄌㄧㄥˊ
詒 ㄧˊ
詈 ㄌㄧˋ
詑 ㄊㄨㄛˍ
詊 ㄆㄢˋ
詌 ㄍㄢˋ
詏 ㄠˋ
豟 ㄜˋ
貁 ㄧㄡˋ
貀 ㄉㄨㄛˋ
貺 ㄎㄨㄤˋ
貾 ㄔˍ
貰 ㄕˋ
貹 ㄕㄥˋ
貵 ㄆㄧㄢˍ
趄 ㄐㄩˍ
趀 ㄘˍ
趉 ㄓㄨˊ
跘 ㄆㄢˊ
跓 ㄓㄨˋ
跍 ㄎㄨˍ
跇 ㄧˋ
跖 ㄓˊ
跜 ㄋㄧˊ
跏 ㄐㄧㄚˍ
跕 ㄉㄧㄝˊ
跙 ㄐㄩˇ
跈 ㄋㄧㄢˇ
跗 ㄈㄨˍ
跅 ㄊㄨㄛˋ
軯 ㄆㄥˍ
軷 ㄅㄚˊ
軺 ㄧㄠˊ
軹 ㄓˇ
軦 ㄏㄨㄤˋ
軥 ㄑㄩˊ
軵 ㄈㄨˇ
軧 ㄉㄧˇ
軨 ㄌㄧㄥˊ
軶 ㄜˋ
軫 ㄓㄣˇ
軱 ㄍㄨˍ
軬 ㄈㄢˋ
軴 ㄓㄨˋ
軩 ㄉㄞˋ
逭 ㄏㄨㄢˋ
逴 ㄔㄨㄛˋ
逯 ㄌㄨˋ
鄆 ㄩㄣˋ
鄬 ㄨㄟˊ
鄄 ㄐㄩㄢˋ
郿 ㄇㄟˊ
郼 ㄧˍ
鄈 ㄎㄨㄟˊ
郹 ㄐㄩˊ
郻 ㄑㄧㄠˍ
鄁 ㄅㄟˋ
鄀 ㄖㄨㄛˋ
鄇 ㄏㄡˋ
鄅 ㄩˇ
鄃 ㄩˊ
酡 ㄊㄨㄛˊ
酤 ㄍㄨˍ
酟 ㄊㄧㄢˍ
酢 ㄗㄨㄛˋ
酠 ㄑㄧㄚˇ
鈁 ㄈㄤˍ
鈊 ㄒㄧㄣˍ
鈥 ㄏㄨㄛˊ
鈃 ㄐㄧㄢˍ
鈚 ㄆㄧˊ
鈦 ㄊㄞˋ
鈏 ㄧㄣˇ
鈌 ㄐㄩㄝˊ
鈀 ㄅㄚˇ
鈒 ㄐㄧˊ
釿 ㄧㄣˊ
釽 ㄆㄧˍ
鈆 ㄧㄢˊ
鈧 ㄎㄤˋ
鈂 ㄔㄣˊ
鈜 ㄏㄨㄥˊ
鈤 ㄖˋ
鈙 ㄑㄧㄣˊ
鈗 ㄩㄣˇ
鈅 ㄩㄝˋ
鈖 ㄈㄣˍ
镻 ㄉㄧㄝˊ
閍 ㄅㄥˍ
閌 ㄎㄤˋ
閐 ㄙㄢˋ
隇 ㄨㄟˍ
陾 ㄖㄥˊ
隈 ㄨㄟˍ
隉 ㄋㄧㄝˋ
隃 ㄩˊ
隀 ㄔㄨㄥˊ
雂 ㄑㄧㄣˊ
雈 ㄏㄨㄢˊ
雃 ㄧㄚˇ
雱 ㄆㄤˊ
雰 ㄈㄣˍ
靬 ㄐㄧㄢˍ
靰 ㄨˋ
靮 ㄉㄧˊ
頇 ㄏㄢˍ
颩 ㄅㄧㄠˍ
飫 ㄩˋ
鳦 ㄧˇ
黹 ㄓˇ
亃 ㄌㄧㄣˇ
亄 ㄧˋ
亶 ㄉㄢˇ
傽 ㄓㄤˍ
傿 ㄧㄢˋ
僆 ㄌㄧㄢˇ
傮 ㄗㄠˍ
僄 ㄆㄧㄠˍ
僊 ㄒㄧㄢˍ
傴 ㄩˇ
僈 ㄇㄢˋ
僂 ㄌㄡˊ
傰 ㄆㄥˊ
僁 ㄒㄧˍ
傺 ㄔˋ
傱 ㄙㄨㄥˇ
僋 ㄑㄧㄡˊ
僉 ㄑㄧㄢˍ
傶 ㄗㄨˊ
傸 ㄑㄧㄤˇ
剺 ㄌㄧˊ
剸 ㄓㄨㄢˍ
剻 ㄈㄡˊ
剼 ㄕㄢˍ
嗃 ㄏㄜˋ
嗛 ㄑㄧㄢˋ
嗌 ㄧˋ
嗐 ㄏㄞˋ
嗋 ㄒㄧㄝˍ
嗊 ㄏㄨㄥˇ
嗝 ㄍㄜˊ
嗀 ㄏㄨㄛˋ
嗔 ㄔㄣˍ
嗄 ㄕㄚˋ
嗩 ㄙㄨㄛˇ
喿 ㄘㄠˍ
嗒 ㄊㄚˋ
喍 ㄔㄞˊ
嗏 ㄔㄚˍ
嗕 ㄖㄨˋ
嗢 ㄨㄚˋ
嗖 ㄙㄡˍ
嗈 ㄩㄥˍ
嗍 ㄕㄨㄛˋ
嗙 ㄆㄤˇ
嗂 ㄧㄠˊ
圔 ㄜˋ
塓 ㄇㄧˋ
塨 ㄍㄨㄥˍ
塤 ㄒㄩㄢˍ
塏 ㄎㄞˇ
塍 ㄔㄥˊ
塉 ㄐㄧˊ
塯 ㄌㄧㄡˋ
塕 ㄨㄥˇ
塎 ㄩㄥˇ
塝 ㄅㄤˋ
塙 ㄑㄩㄝˋ
塥 ㄍㄜˊ
塛 ㄌㄧˋ
堽 ㄍㄤˍ
塣 ㄔㄥˇ
塱 ㄌㄤˇ
壼 ㄎㄨㄣˇ
嫇 ㄇㄧㄥˊ
嫄 ㄩㄢˊ
嫋 ㄋㄧㄠˇ
媺 ㄇㄟˇ
媸 ㄔˍ
媱 ㄧㄠˊ
媵 ㄧㄥˋ
媰 ㄗㄡˍ
媿 ㄎㄨㄟˋ
嫈 ㄧㄥˍ
媻 ㄆㄢˊ
嫆 ㄩㄥˊ
媷 ㄖㄨˋ
嫀 ㄑㄧㄣˊ
嫊 ㄙㄨˋ
媴 ㄩㄢˊ
媶 ㄖㄨㄥˊ
嫍 ㄊㄠˍ
媹 ㄌㄧㄡˊ
媐 ㄒㄧˍ
寖 ㄐㄧㄣˋ
寘 ㄓˋ
寙 ㄩˇ
尟 ㄒㄧㄢˇ
尳 ㄍㄨˇ
嵱 ㄩㄥˊ
嵣 ㄉㄤˍ
嵊 ㄕㄥˋ
嵥 ㄐㄧㄝˊ
嵲 ㄋㄧㄝˋ
嵬 ㄨㄟˊ
嵞 ㄊㄨˊ
嵨 ㄨˇ
嵧 ㄌㄧㄡˊ
嵢 ㄘㄤˍ
巰 ㄌㄧㄡˊ
幏 ㄐㄧㄚˍ
幎 ㄇㄧˋ
幊 ㄍㄨㄥˍ
幍 ㄊㄠˍ
幋 ㄆㄢˊ
廅 ㄏㄜˊ
廌 ㄐㄧㄢˍ
廆 ㄏㄨㄟˋ
廋 ㄙㄡˍ
廇 ㄌㄧㄡˋ
彀 ㄍㄡˋ
徯 ㄒㄧˍ
徭 ㄧㄠˊ
惷 ㄔㄨㄣˇ
慉 ㄒㄩˋ
慊 ㄑㄧㄢˋ
愫 ㄙㄨˋ
慅 ㄙㄠˍ
愶 ㄒㄧㄝˊ
愲 ㄍㄨˇ
愮 ㄧㄠˊ
慆 ㄊㄠˍ
愯 ㄙㄨㄥˇ
慏 ㄇㄧㄥˇ
愩 ㄍㄨㄥˍ
慀 ㄒㄧㄝˊ
戠 ㄔˋ
酨 ㄉㄞˋ
戣 ㄎㄨㄟˊ
戥 ㄉㄥˇ
戤 ㄍㄞˋ
揅 ㄧㄢˊ
揱 ㄕㄨㄛˋ
揫 ㄐㄧㄡˍ
搐 ㄔㄨˋ
搒 ㄅㄥˋ
搉 ㄑㄩㄝˋ
搠 ㄕㄨㄛˋ
搤 ㄜˋ
搳 ㄏㄨㄚˊ
摃 ㄍㄨㄥˋ
搟 ㄒㄧㄢˇ
搕 ㄎㄜˋ
搘 ㄓˍ
搹 ㄜˋ
搷 ㄔㄣˍ
搢 ㄐㄧㄣˋ
搣 ㄇㄧㄝˋ
搌 ㄓㄢˇ
搦 ㄋㄨㄛˋ
搰 ㄏㄨˊ
搨 ㄊㄚˋ
摁 ㄣˋ
搵 ㄨㄣˋ
搯 ㄊㄠˍ
搊 ㄔㄡˍ
搚 ㄒㄧㄝˊ
摀 ㄨˇ
搥 ㄔㄨㄟˊ
搧 ㄕㄢˍ
搋 ㄔㄨㄞˍ
揧 ㄌㄚˋ
搛 ㄐㄧㄢˍ
搮 ㄌㄧˋ
搡 ㄙㄤˇ
搎 ㄙㄨㄣˍ
敯 ㄇㄧㄣˇ
斒 ㄅㄢˍ
旓 ㄕㄠˍ
暆 ㄧˊ
暌 ㄎㄨㄟˊ
暕 ㄐㄧㄢˇ
暐 ㄨㄟˇ
暋 ㄇㄧㄣˊ
暊 ㄈㄨˇ
暙 ㄔㄨㄣˍ
暔 ㄋㄢˊ
晸 ㄓㄣˇ
朠 ㄧㄥˍ
楦 ㄒㄩㄢˋ
楟 ㄊㄧㄥˊ
椸 ㄧˊ
楎 ㄏㄨㄣˊ
楢 ㄧㄡˊ
楱 ㄘㄡˋ
椿 ㄔㄨㄣˍ
楅 ㄅㄧˋ
楪 ㄉㄧㄝˊ
椹 ㄓㄣˍ
楂 ㄓㄚˍ
楗 ㄐㄧㄢˋ
楙 ㄇㄠˋ
楺 ㄖㄡˊ
楈 ㄒㄩˍ
楉 ㄖㄨㄛˋ
椵 ㄐㄧㄚˇ
楬 ㄐㄧㄝˊ
椳 ㄨㄟˍ
椽 ㄔㄨㄢˊ
楥 ㄒㄩㄢˋ
棰 ㄔㄨㄟˊ
楸 ㄑㄧㄡˍ
椴 ㄉㄨㄢˋ
楩 ㄆㄧㄢˊ
楀 ㄩˇ
楯 ㄕㄨㄣˇ
楄 ㄅㄧㄢˍ
楶 ㄐㄧㄝˊ
楘 ㄇㄨˋ
楁 ㄏㄜˊ
楴 ㄉㄧˋ
楌 ㄧㄢˊ
椻 ㄧㄢˋ
楋 ㄌㄚˋ
椷 ㄐㄧㄢˍ
楜 ㄏㄨˊ
楏 ㄎㄨㄟˊ
楑 ㄎㄨㄟˊ
椲 ㄨㄟˇ
楒 ㄙˍ
椯 ㄉㄨㄛˊ
楻 ㄏㄥˊ
椼 ㄧㄢˇ
歆 ㄒㄧㄣˍ
歅 ㄧㄣˍ
歃 ㄕㄚˋ
歂 ㄔㄨㄢˊ
歈 ㄩˊ
歁 ㄎㄢˇ
殛 ㄐㄧˊ
毻 ㄊㄨㄛˋ
毼 ㄏㄜˊ
毹 ㄩˍ
毷 ㄇㄠˋ
毸 ㄙㄨㄟˍ
溛 ㄨㄚˍ
滖 ㄙㄨㄟˍ
滈 ㄏㄠˋ
溏 ㄊㄤˊ
滀 ㄔㄨˋ
溟 ㄇㄧㄥˊ
溓 ㄌㄧㄢˊ
溔 ㄧㄠˇ
溠 ㄓㄚˋ
溱 ㄓㄣˍ
溹 ㄙㄨˋ
滆 ㄏㄜˊ
滒 ㄍㄜˍ
溽 ㄖㄨˋ
滁 ㄔㄨˊ
溞 ㄙㄠˍ
滉 ㄏㄨㄤˇ
溷 ㄏㄨㄣˋ
溰 ㄧˍ
滍 ㄓˇ
溦 ㄨㄟˊ
滏 ㄈㄨˇ
溲 ㄙㄡˍ
溾 ㄨㄟˍ
滃 ㄨㄥˇ
滜 ㄍㄠˍ
滘 ㄐㄧㄠˋ
溙 ㄊㄞˋ
溒 ㄩㄢˊ
溎 ㄍㄨㄟˋ
溍 ㄐㄧㄣˋ
溤 ㄇㄚˇ
溡 ㄕˊ
溿 ㄆㄢˋ
溳 ㄩㄣˊ
滐 ㄐㄧㄝˊ
滊 ㄒㄧˋ
溗 ㄕㄥˊ
溮 ㄕˍ
溣 ㄌㄨㄣˋ
煇 ㄏㄨㄟˍ
煔 ㄊㄧㄢˋ
煒 ㄨㄟˇ
煣 ㄖㄡˇ
煠 ㄧㄝˋ
煁 ㄔㄣˊ
煝 ㄇㄟˋ
煢 ㄑㄩㄥˊ
煲 ㄅㄠˋ
煸 ㄅㄧㄢˍ
煪 ㄑㄧㄡˊ
煡 ㄒㄧㄣˋ
煂 ㄏㄜˋ
煘 ㄔㄢˊ
煃 ㄎㄨㄟˇ
煋 ㄒㄧㄥˍ
煰 ㄍㄠˋ
煟 ㄨˋ
煐 ㄧㄥˍ
煓 ㄊㄨㄢˍ
煄 ㄓㄨㄥˍ
煍 ㄐㄧㄠˇ
煚 ㄐㄩㄥˇ
牏 ㄊㄡˊ
犍 ㄐㄧㄢˍ
犌 ㄐㄧㄚˍ
犑 ㄐㄩˊ
犐 ㄎㄜˍ
犎 ㄈㄥˍ
猼 ㄅㄛˊ
獂 ㄩㄢˊ
猻 ㄙㄨㄣˍ
猺 ㄧㄠˊ
獀 ㄙㄡˍ
獊 ㄔㄨㄤˋ
獉 ㄓㄣˍ
瑄 ㄒㄩㄢˍ
瑊 ㄓㄣˍ
瑋 ㄨㄟˇ
瑒 ㄧㄤˊ
瑑 ㄓㄨㄢˋ
瑗 ㄩㄢˋ
瑀 ㄩˇ
瑏 ㄔㄨㄢˍ
瑐 ㄐㄧㄢˇ
瑎 ㄒㄧㄝˊ
瑂 ㄇㄟˊ
瑆 ㄒㄧㄥˍ
瑍 ㄏㄨㄢˋ
瑔 ㄑㄩㄢˊ
瓡 ㄓˊ
瓿 ㄆㄡˇ
瓾 ㄇㄥˇ
瓽 ㄉㄤˋ
甝 ㄏㄢˍ
畹 ㄨㄢˇ
畷 ㄔㄨㄛˋ
痯 ㄍㄨㄢˇ
瘏 ㄊㄨˊ
瘃 ㄓㄨˇ
痷 ㄢˍ
痾 ㄜˍ
痼 ㄍㄨˋ
痹 ㄅㄧˋ
痸 ㄔˋ
瘐 ㄩˊ
痻 ㄇㄧㄣˊ
痶 ㄊㄧㄢˇ
痭 ㄆㄥˊ
痵 ㄐㄧˋ
痽 ㄉㄨㄟˍ
皙 ㄒㄧˍ
皵 ㄑㄩㄝˋ
盝 ㄌㄨˋ
睕 ㄨㄢˇ
睟 ㄙㄨㄟˋ
睠 ㄐㄩㄢˋ
睒 ㄕㄢˇ
睖 ㄌㄧㄥˊ
睚 ㄧㄞˊ
睩 ㄌㄨˋ
睧 ㄏㄨㄣˍ
睔 ㄏㄨㄣˇ
睙 ㄌㄧㄝˋ
睭 ㄓㄡˇ
矠 ㄘㄜˋ
碇 ㄉㄧㄥˋ
碚 ㄅㄟˋ
碔 ㄨˇ
碏 ㄑㄩㄝˋ
碄 ㄌㄧㄣˊ
碕 ㄑㄧˊ
碅 ㄐㄩㄣˍ
碆 ㄅㄛˍ
碡 ㄉㄨˊ
碃 ㄑㄧㄥˋ
硹 ㄙㄨㄥˍ
碙 ㄍㄤˍ
碀 ㄘㄥˊ
碖 ㄌㄨㄣˊ
硻 ㄎㄥˍ
祼 ㄍㄨㄢˋ
禂 ㄉㄠˇ
祽 ㄗㄨㄟˋ
祹 ㄊㄠˊ
稑 ㄌㄨˋ
稘 ㄐㄧˍ
稙 ㄓˊ
稒 ㄍㄨˋ
稗 ㄅㄧˋ
稢 ㄩˋ
稓 ㄗㄨㄛˊ
稛 ㄎㄨㄣˇ
窣 ㄙㄨˋ
窢 ㄒㄩˋ
窞 ㄉㄢˋ
竫 ㄐㄧㄥˋ
筦 ㄍㄨㄢˇ
筤 ㄌㄤˊ
筭 ㄙㄨㄢˋ
筴 ㄐㄧㄚˊ
筩 ㄊㄨㄥˇ
筲 ㄕㄠˍ
筥 ㄐㄩˇ
筳 ㄊㄧㄥˊ
筱 ㄒㄧㄠˇ
筰 ㄗㄨㄛˊ
筡 ㄊㄨˊ
筸 ㄍㄢˍ
筶 ㄍㄠˇ
筣 ㄌㄧˋ
粲 ㄘㄢˋ
粴 ㄌㄧˇ
粯 ㄒㄧㄢˋ
綈 ㄊㄧˇ
綆 ㄍㄥˇ
綀 ㄕㄨˍ
綍 ㄈㄨˊ
絿 ㄑㄧㄡˊ
綅 ㄑㄧㄣˍ
絺 ㄔˍ
綎 ㄊㄧㄥˊ
絻 ㄇㄧㄢˇ
綃 ㄒㄧㄠˍ
絼 ㄓㄣˇ
綌 ㄒㄧˋ
綔 ㄏㄨˋ
綄 ㄨㄢˋ
絽 ㄌㄩˇ
綒 ㄈㄨˍ
罭 ㄩˋ
罫 ㄍㄨㄚˋ
罧 ㄌㄧㄣˊ
罨 ㄧㄢˇ
罬 ㄓㄨㄛˊ
羦 ㄏㄨㄢˊ
羥 ㄑㄧㄢˍ
羧 ㄗㄨㄟˍ
翛 ㄕㄨˋ
翜 ㄙㄜˋ
耡 ㄔㄨˊ
腤 ㄢˍ
腠 ㄘㄡˋ
腷 ㄅㄧˋ
腜 ㄇㄟˊ
腩 ㄋㄢˇ
腛 ㄨˍ
腢 ㄡˇ
腲 ㄨㄟˇ
朡 ㄗㄨㄥˇ
腞 ㄓㄨㄢˋ
腶 ㄉㄨㄢˋ
腧 ㄩˊ
腯 ㄊㄨˊ
腄 ㄔㄨㄟˊ
腡 ㄍㄨㄚˍ
舝 ㄒㄧㄚˊ
艉 ㄨㄟˇ
艄 ㄕㄠˍ
艀 ㄈㄨˊ
艂 ㄈㄥˊ
艅 ㄩˊ
蓱 ㄆㄧㄥˊ
萿 ㄏㄨㄛˊ
葖 ㄊㄨˊ
葶 ㄊㄧㄥˊ
葹 ㄕˍ
蒍 ㄨㄟˇ
葥 ㄑㄧㄢˊ
葑 ㄈㄥˍ
葀 ㄍㄨㄚˍ
蒆 ㄑㄩㄥˊ
葧 ㄅㄛˊ
萰 ㄌㄧㄢˋ
葍 ㄈㄨˊ
葽 ㄧㄠˍ
葚 ㄕㄣˋ
葙 ㄒㄧㄤˍ
葴 ㄒㄧㄢˊ
葳 ㄨㄟˍ
葝 ㄐㄧㄥˋ
蔇 ㄐㄧˋ
葞 ㄇㄧˇ
萷 ㄒㄧㄠˍ
萺 ㄇㄠˋ
萴 ㄗㄜˊ
葺 ㄑㄧˋ
葃 ㄗㄨㄛˊ
葸 ㄒㄧˇ
萲 ㄩㄢˊ
葅 ㄐㄩˍ
萩 ㄑㄧㄡˍ
菙 ㄔㄨㄟˊ
葋 ㄑㄩˊ
萯 ㄈㄨˋ
葂 ㄨㄢˇ
萭 ㄩˇ
葟 ㄏㄨㄤˊ
葰 ㄐㄩㄣˋ
萹 ㄆㄧㄢˍ
葎 ㄌㄩˋ
葌 ㄐㄧㄢˍ
葒 ㄏㄨㄥˊ
葯 ㄧㄠˋ
蓅 ㄌㄧㄡˊ
蒎 ㄆㄞˋ
萻 ㄢˍ
葇 ㄖㄡˊ
萶 ㄔㄨㄣˇ
萳 ㄋㄢˊ
葨 ㄨㄟˍ
葾 ㄩㄢˍ
葄 ㄗㄨㄛˋ
萫 ㄒㄧㄤˋ
葠 ㄕㄣˍ
葔 ㄏㄡˊ
葮 ㄉㄨㄢˋ
葐 ㄆㄣˊ
蜋 ㄌㄤˊ
蜄 ㄓㄣˋ
蛷 ㄑㄧㄡˊ
蜌 ㄅㄧˋ
蛺 ㄐㄧㄚˊ
蛖 ㄇㄤˊ
蛵 ㄒㄧㄥˍ
蝍 ㄐㄧㄝˊ
蛸 ㄒㄧㄠˍ
蜎 ㄩㄢˍ
蜉 ㄈㄨˊ
蜁 ㄒㄩㄢˊ
蛶 ㄌㄧㄝˋ
蜍 ㄔㄨˊ
蜅 ㄈㄨˇ
裖 ㄔㄣˇ
裋 ㄕㄨˋ
裍 ㄎㄨㄣˇ
裎 ㄔㄥˊ
裞 ㄕㄨㄟˋ
裛 ㄧˋ
裚 ㄐㄧˋ
裌 ㄐㄧㄚˊ
裐 ㄐㄩㄢˍ
覛 ㄇㄛˋ
觟 ㄏㄨㄚˋ
觥 ㄍㄨㄥˍ
觤 ㄍㄨㄟˇ
觡 ㄍㄜˊ
觠 ㄑㄩㄢˊ
觢 ㄓˋ
觜 ㄗㄨㄟˇ
触 ㄏㄨㄥˊ
詶 ㄔㄡˊ
誆 ㄎㄨㄤˍ
詿 ㄍㄨㄚˋ
詡 ㄒㄩˇ
訿 ㄗˇ
詷 ㄊㄨㄥˊ
誂 ㄉㄧㄠˋ
誄 ㄌㄟˇ
詵 ㄕㄣˍ
誃 ㄔˇ
誁 ㄅㄥˇ
詴 ㄨㄟˍ
詺 ㄇㄧㄥˊ
谼 ㄏㄨㄥˊ
豋 ㄉㄥˍ
豊 ㄌㄧˇ
豥 ㄍㄞˍ
豤 ㄎㄣˇ
豦 ㄑㄩˊ
貆 ㄏㄨㄢˊ
貄 ㄙˋ
貅 ㄒㄧㄡˍ
賌 ㄍㄞˍ
赨 ㄒㄩㄥˊ
赩 ㄒㄧˋ
趑 ㄗˍ
趌 ㄐㄧㄝˊ
趎 ㄔㄨˊ
趏 ㄍㄨㄚˍ
趍 ㄔˊ
趓 ㄉㄨㄛˇ
趔 ㄌㄧㄝˋ
趐 ㄒㄩㄝˋ
趒 ㄊㄧㄠˊ
跰 ㄅㄥˋ
跠 ㄧˊ
跬 ㄎㄨㄟˇ
跱 ㄓˋ
跮 ㄔˋ
跐 ㄘˇ
跩 ㄕˋ
跣 ㄒㄧㄢˇ
跢 ㄉㄞˋ
跧 ㄑㄩㄢˊ
跲 ㄐㄧㄚˊ
跫 ㄑㄩㄥˊ
跴 ㄘㄞˇ
輆 ㄎㄞˇ
軿 ㄆㄧㄥˊ
輁 ㄑㄩㄥˊ
輀 ㄦˊ
輅 ㄌㄨˋ
輇 ㄑㄩㄢˊ
輈 ㄓㄡˍ
輂 ㄐㄩˊ
輋 ㄐㄩˍ
遒 ㄑㄧㄡˊ
逿 ㄉㄤˋ
遄 ㄔㄨㄢˊ
遉 ㄓㄣˍ
逽 ㄋㄨㄛˋ
鄐 ㄔㄨˋ
鄍 ㄇㄧㄥˊ
鄏 ㄖㄨˋ
鄑 ㄗˍ
鄖 ㄩㄣˊ
鄔 ㄨˍ
鄋 ㄙㄡˍ
鄎 ㄒㄧˋ
酮 ㄊㄨㄥˊ
酯 ㄓˇ
鉈 ㄊㄨㄛˊ
鉒 ㄓㄨˋ
鈰 ㄕˋ
鈺 ㄩˋ
鉦 ㄓㄥˍ
鈳 ㄎㄜˍ
鉥 ㄕㄨˋ
鉞 ㄩㄝˋ
銃 ㄔㄨㄥˋ
鈮 ㄋㄧˊ
鉊 ㄓㄠˍ
鉆 ㄓㄢˍ
鉭 ㄉㄢˋ
鉬 ㄇㄨˋ
鉏 ㄔㄨˊ
鉠 ㄧㄤˍ
鉧 ㄇㄨˇ
鉯 ㄧˇ
鈶 ㄧˊ
鉡 ㄅㄢˋ
鉰 ㄙˍ
鈱 ㄇㄧㄣˊ
鉔 ㄗㄚˍ
鉣 ㄐㄧㄝˊ
鉐 ㄕˊ
鉲 ㄎㄚˍ
鉎 ㄕㄥˍ
鉓 ㄔˋ
鉌 ㄏㄜˊ
鉖 ㄊㄨㄥˊ
鈲 ㄍㄨˍ
閟 ㄅㄧˋ
閜 ㄎㄜˇ
閞 ㄅㄧㄢˋ
閛 ㄆㄥˍ
隒 ㄧㄢˇ
隓 ㄏㄨㄟˍ
隑 ㄍㄞˍ
隗 ㄨㄟˇ
雎 ㄐㄩˍ
雺 ㄇㄥˊ
雽 ㄩˊ
雵 ㄧㄤˍ
靳 ㄐㄧㄣˋ
靷 ㄧㄣˇ
靸 ㄊㄚˍ
靲 ㄑㄧㄣˊ
頏 ㄏㄤˊ
頍 ㄎㄨㄟˇ
頎 ㄑㄧˊ
颬 ㄒㄧㄚˍ
飶 ㄅㄧˋ
飹 ㄌㄧㄡˇ
馯 ㄏㄢˋ
馲 ㄊㄨㄛˍ
馰 ㄉㄧˋ
馵 ㄓㄨˋ
骭 ㄍㄢˋ
骫 ㄨㄟˇ
魛 ㄉㄠˍ
鳪 ㄅㄨˇ
鳭 ㄉㄧㄠˍ
鳧 ㄈㄨˊ
麀 ㄧㄡˍ
黽 ㄇㄧㄣˇ
僦 ㄐㄧㄡˋ
僔 ㄗㄨㄣˇ
僗 ㄌㄠˋ
僨 ㄈㄣˋ
僳 ㄙㄨˋ
僛 ㄑㄧˍ
僪 ㄐㄩㄝˊ
僝 ㄔㄢˊ
僤 ㄉㄢˋ
僓 ㄊㄨㄟˊ
僬 ㄐㄧㄠˍ
僰 ㄅㄛˊ
僯 ㄌㄧㄣˊ
僣 ㄊㄧㄝˇ
僠 ㄈㄢˍ
凘 ㄙˍ
劀 ㄍㄨㄚˍ
劁 ㄑㄧㄠˊ
勩 ㄧˋ
勫 ㄈㄢˊ
匰 ㄉㄢˍ
厬 ㄍㄨㄟˇ
嘧 ㄇㄧˋ
嘕 ㄒㄧㄢˍ
嘌 ㄅㄧㄠˍ
嘒 ㄏㄨㄟˋ
嗼 ㄇㄛˋ
嘏 ㄍㄨˇ
嘜 ㄇㄛˋ
嘁 ㄑㄧˍ
嘓 ㄍㄨㄛˍ
嘂 ㄐㄧㄠˋ
嗺 ㄘㄨㄟˍ
嘝 ㄏㄨˊ
嘄 ㄐㄧㄠˍ
嗿 ㄊㄢˇ
嗹 ㄌㄧㄢˊ
墉 ㄩㄥˍ
塼 ㄓㄨㄢˍ
墐 ㄐㄧㄣˇ
墘 ㄑㄧˊ
墆 ㄉㄧˋ
墁 ㄇㄢˋ
塿 ㄌㄡˇ
塴 ㄅㄥˍ
墋 ㄔㄣˇ
塺 ㄇㄟˊ
墇 ㄓㄤˍ
墑 ㄉㄧˍ
墎 ㄍㄨㄛˍ
塶 ㄌㄨˋ
墂 ㄅㄧㄠˍ
墈 ㄎㄢˋ
塻 ㄇㄛˋ
墔 ㄘㄨㄟˍ
墏 ㄑㄧㄤˇ
壾 ㄇㄤˇ
奫 ㄩㄣˍ
嫜 ㄓㄤˍ
嫮 ㄏㄨˋ
嫥 ㄓㄨㄢˍ
嫕 ㄧˋ
嫪 ㄌㄠˋ
嫚 ㄇㄢˋ
嫭 ㄏㄨˋ
嫫 ㄇㄛˊ
嫳 ㄅㄧˋ
嫢 ㄍㄨㄟˍ
嫠 ㄌㄧˊ
嫛 ㄧˍ
嫬 ㄓㄜ˙
嫞 ㄩㄥˊ
嫝 ㄎㄤˍ
嫙 ㄒㄩㄢˊ
嫨 ㄏㄢˍ
嫟 ㄋㄧˋ
孷 ㄌㄧˊ
寠 ㄐㄩˋ
寣 ㄏㄨˍ
屣 ㄒㄧˇ
嶂 ㄓㄤˋ
嶀 ㄉㄧㄝˊ
嵽 ㄉㄧˋ
嶆 ㄘㄠˊ
嵺 ㄌㄧㄠˊ
嶁 ㄌㄡˇ
嵷 ㄙㄨㄥˇ
嶊 ㄗㄨㄟˇ
嶉 ㄗㄨㄟˍ
嶈 ㄑㄧㄤˍ
嵾 ㄘㄣˍ
嵼 ㄔㄢˇ
嶍 ㄒㄧˊ
嵹 ㄐㄧㄤˋ
嵿 ㄉㄧㄥˇ
幘 ㄗㄜˊ
幙 ㄇㄨˋ
幓 ㄙㄣˍ
廘 ㄌㄨˋ
廑 ㄐㄧㄣˋ
廗 ㄉㄞˋ
廎 ㄑㄧㄥˇ
廜 ㄊㄨˊ
廕 ㄧㄣˋ
廙 ㄧˋ
廒 ㄠˊ
廔 ㄌㄡˊ
彄 ㄎㄡˍ
彃 ㄅㄧˋ
彯 ㄆㄧㄠˋ
徶 ㄅㄧㄝˊ
愬 ㄙㄨˋ
愨 ㄑㄩㄝˋ
慁 ㄏㄨㄣˋ
慞 ㄓㄤˍ
慱 ㄊㄨㄢˊ
慳 ㄑㄧㄢˍ
慒 ㄘㄨㄥˊ
慓 ㄆㄧㄠˍ
慲 ㄇㄢˊ
慬 ㄐㄧㄣˇ
憀 ㄌㄧㄠˊ
慴 ㄓㄜˊ
慔 ㄇㄛˋ
慺 ㄌㄩˊ
慥 ㄗㄠˋ
愻 ㄙㄨㄣˋ
慪 ㄡˍ
慡 ㄕㄨㄤˇ
慖 ㄍㄨㄛˊ
戩 ㄐㄧㄢˇ
戧 ㄔㄨㄤˍ
戫 ㄩˋ
搫 ㄆㄢˊ
摍 ㄙㄨㄛˍ
摛 ㄔˍ
摝 ㄌㄨˋ
摴 ㄕㄨˍ
摶 ㄊㄨㄢˊ
摲 ㄕㄢˋ
摳 ㄎㄡˍ
摽 ㄅㄧㄠˍ
摵 ㄙㄨㄛˇ
摦 ㄏㄨㄚˋ
撦 ㄔㄜˇ
摎 ㄌㄧㄠˊ
撂 ㄌㄩㄝˋ
摞 ㄌㄨㄛˊ
摜 ㄍㄨㄢˋ
摋 ㄕㄚˍ
摓 ㄈㄥˊ
摠 ㄗㄨㄥˇ
摐 ㄔㄨㄤˍ
摿 ㄧㄣˍ
搿 ㄍㄜˊ
摬 ㄧㄥˋ
摫 ㄍㄨㄟˍ
摙 ㄌㄧㄢˇ
摥 ㄊㄤˋ
摷 ㄐㄧㄠˇ
敳 ㄞˊ
斠 ㄐㄧㄠˋ
暡 ㄨㄥˇ
暠 ㄍㄠˇ
暟 ㄎㄞˇ
朅 ㄑㄧㄝˋ
朄 ㄧㄣˋ
朢 ㄨㄤˋ
榱 ㄘㄨㄟˍ
榶 ㄊㄤˊ
槉 ㄐㄧˊ
榠 ㄇㄧㄥˊ
槎 ㄔㄚˊ
榖 ㄍㄨˇ
榰 ㄓˍ
榬 ㄩㄢˊ
榼 ㄎㄜˋ
榑 ㄈㄨˋ
榙 ㄊㄚˇ
榎 ㄐㄧㄚˇ
榧 ㄈㄟˇ
榍 ㄒㄧㄝˋ
榩 ㄑㄧㄢˊ
榾 ㄍㄨˋ
榯 ㄕˊ
榿 ㄑㄧˍ
槄 ㄊㄠˍ
榽 ㄒㄧˍ
榤 ㄐㄧㄝˊ
槔 ㄍㄠˍ
榹 ㄙˍ
槊 ㄕㄨㄛˋ
榚 ㄧㄠˇ
槏 ㄑㄧㄢˇ
榳 ㄊㄧㄥˊ
榓 ㄇㄧˋ
榪 ㄇㄚˋ
榡 ㄙㄨˋ
榞 ㄩㄢˊ
槙 ㄉㄧㄢˍ
榗 ㄐㄧㄣˋ
榐 ㄓㄢˇ
槂 ㄙㄨㄣˍ
榵 ㄖㄨㄥˊ
榥 ㄏㄨㄤˇ
槆 ㄒㄩㄣˊ
歊 ㄒㄧㄠˍ
歍 ㄨˍ
歋 ㄧˊ
殞 ㄩㄣˇ
殟 ㄨㄣˍ
殠 ㄔㄡˋ
毃 ㄑㄩㄝˋ
毄 ㄐㄧˍ
毾 ㄊㄚˋ
滎 ㄒㄧㄥˊ
滵 ㄇㄧˋ
滱 ㄎㄡˋ
漃 ㄐㄧˊ
漥 ㄨㄚˍ
滸 ㄏㄨˇ
漷 ㄎㄨㄛˋ
滻 ㄔㄢˇ
漮 ㄎㄤˍ
漉 ㄌㄨˋ
潎 ㄆㄧˋ
漙 ㄊㄨㄢˊ
漚 ㄡˋ
漧 ㄑㄧㄢˊ
漘 ㄔㄨㄣˊ
漻 ㄌㄧㄠˊ
漒 ㄑㄧㄤˊ
滭 ㄅㄧˋ
漊 ㄌㄡˊ
漶 ㄏㄨㄢˋ
潳 ㄊㄨˊ
滹 ㄏㄨˍ
滮 ㄅㄧㄠˍ
漭 ㄇㄤˇ
潀 ㄘㄨㄥˊ
漰 ㄆㄥˍ
漼 ㄘㄨㄟˇ
漵 ㄒㄩˋ
滫 ㄒㄧㄡˍ
漇 ㄒㄧˇ
漎 ㄘㄨㄥˊ
潃 ㄒㄧㄡˍ
漅 ㄐㄧㄠˇ
滽 ㄩㄥˍ
滶 ㄠˊ
漹 ㄧㄢˍ
漜 ㄧㄝˇ
滼 ㄈㄢˋ
漺 ㄕㄨㄤˇ
漟 ㄊㄤˊ
漍 ㄍㄨㄛˊ
漞 ㄇㄧˋ
漈 ㄐㄧˋ
漡 ㄕㄤˍ
熇 ㄏㄜˋ
熐 ㄇㄧㄥˊ
熉 ㄩㄣˊ
熀 ㄏㄨㄤˇ
熅 ㄩㄣˍ
熂 ㄒㄧˋ
熏 ㄒㄩㄣˍ
煻 ㄊㄤˊ
熆 ㄏㄜˊ
熁 ㄒㄧㄝˊ
熗 ㄑㄧㄤˋ
牄 ㄑㄧㄤˍ
牓 ㄅㄤˇ
犗 ㄐㄧㄝˋ
犕 ㄅㄟˋ
犓 ㄔㄨˊ
獃 ㄉㄞˍ
獍 ㄐㄧㄥˋ
獑 ㄔㄢˊ
獌 ㄇㄢˋ
瑢 ㄖㄨㄥˊ
瑳 ㄘㄨㄛˇ
瑱 ㄊㄧㄢˋ
瑵 ㄓㄠˇ
瑲 ㄑㄧㄤˍ
瑧 ㄐㄧㄣˍ
瑮 ㄌㄧˋ
甀 ㄔㄨㄟˊ
甂 ㄅㄧㄢˍ
甃 ㄓㄡˋ
畽 ㄊㄨㄣˇ
疐 ㄓˋ
瘖 ㄧㄣˍ
瘈 ㄐㄧˋ
瘌 ㄌㄚˋ
瘕 ㄐㄧㄚˇ
瘑 ㄍㄨㄚˍ
瘊 ㄏㄡˊ
瘔 ㄎㄨˋ
皸 ㄐㄩㄣˍ
瞁 ㄒㄩˋ
睼 ㄊㄧˊ
瞅 ㄔㄡˇ
瞂 ㄈㄚˍ
睮 ㄩˊ
瞀 ㄇㄠˋ
睯 ㄏㄨㄣˍ
睾 ㄍㄠˍ
瞃 ㄨㄣˍ
碲 ㄉㄧˋ
碪 ㄓㄣˍ
碴 ㄔㄚˊ
碭 ㄉㄤˋ
碨 ㄨㄟˍ
硾 ㄓㄨㄟˋ
碫 ㄉㄨㄢˋ
碞 ㄧㄢˊ
碥 ㄅㄧㄢˇ
碠 ㄉㄧㄥˋ
碬 ㄒㄧㄚˊ
碢 ㄊㄨㄛˊ
碤 ㄧㄥˍ
禘 ㄉㄧˋ
禊 ㄒㄧˋ
禋 ㄧㄣˍ
禖 ㄇㄟˊ
禕 ㄧˍ
禔 ㄊㄧˊ
禓 ㄧㄤˊ
禗 ㄙˍ
禈 ㄏㄨㄟˍ
禒 ㄒㄧㄢˇ
禐 ㄩㄢˋ
稫 ㄅㄧˍ
穊 ㄐㄧˋ
稰 ㄒㄩˍ
稯 ㄗㄨㄥˍ
稨 ㄅㄧㄢˍ
稦 ㄧˍ
窨 ㄧㄣˋ
窫 ㄧㄚˋ
窬 ㄩˊ
竮 ㄆㄧㄥˊ
箈 ㄔˊ
箜 ㄎㄨㄥˍ
箊 ㄩˍ
箑 ㄕㄚˋ
箐 ㄐㄧㄥˍ
箖 ㄌㄧㄣˊ
箍 ㄍㄨˍ
箌 ㄓㄠˋ
箛 ㄍㄨˍ
箎 ㄔˊ
箅 ㄅㄧˋ
箘 ㄐㄩㄣˋ
劄 ㄓㄚˊ
箙 ㄈㄨˍ
箤 ㄐㄩˊ
箂 ㄌㄞˊ
粻 ㄔㄤˊ
粿 ㄍㄨㄛˇ
粼 ㄌㄧㄣˊ
粺 ㄅㄞˋ
綧 ㄓㄨㄣˇ
綷 ㄘㄨㄟˋ
緂 ㄊㄢˍ
綣 ㄑㄩㄢˇ
綪 ㄑㄧㄢˋ
緁 ㄐㄧㄝˊ
緀 ㄑㄧㄝˋ
緅 ㄗㄡˍ
綝 ㄌㄧㄣˇ
緎 ㄩˋ
緄 ㄍㄨㄣˇ
緆 ㄧˋ
緋 ㄈㄟˍ
緌 ㄖㄨㄟˊ
綯 ㄊㄠˊ
綹 ㄌㄧㄡˇ
綖 ㄧㄢˊ
綼 ㄅㄟˍ
綟 ㄌㄧˋ
綦 ㄑㄧˊ
綮 ㄑㄧˇ
綩 ㄨㄢˇ
綡 ㄌㄧㄤˊ
緉 ㄌㄧㄤˇ
罳 ㄙˍ
翢 ㄊㄠˍ
翣 ㄕㄚˋ
翥 ㄓㄨˋ
翞 ㄐㄧㄤˍ
耤 ㄐㄧˊ
聝 ㄍㄨㄛˊ
聜 ㄉㄧˇ
膉 ㄧˋ
膆 ㄙㄨˋ
膃 ㄨㄚˋ
膇 ㄓㄨㄟˋ
膍 ㄆㄧˊ
膌 ㄐㄧˊ
膋 ㄌㄧㄠˊ
舕 ㄉㄢˋ
蒗 ㄌㄤˋ
蒤 ㄊㄨˊ
蒡 ㄆㄤˊ
蒟 ㄐㄩˇ
蒺 ㄐㄧˊ
蓎 ㄊㄤˊ
蓂 ㄇㄧㄥˊ
蒬 ㄩㄢˍ
蒮 ㄩˋ
蒫 ㄘㄨㄛˍ
蒹 ㄐㄧㄢˍ
蒴 ㄕㄨㄛˋ
蓁 ㄓㄣˍ
蓍 ㄕˍ
蒪 ㄆㄛˋ
蒚 ㄏㄜˊ
蒱 ㄆㄨˊ
蓐 ㄖㄨˋ
蒝 ㄩㄢˊ
蒧 ㄓㄣˍ
蒻 ㄖㄨㄛˋ
蒢 ㄔㄨˊ
蒔 ㄕˊ
蓇 ㄍㄨˇ
蓌 ㄘㄨㄛˋ
蒛 ㄑㄩㄝˍ
蒩 ㄗㄨˍ
蒯 ㄎㄨㄞˇ
蒨 ㄑㄧㄢˋ
蓖 ㄅㄧˋ
蒘 ㄋㄨˊ
蒶 ㄈㄣˊ
蓏 ㄌㄨㄛˇ
蒠 ㄒㄧˊ
蓗 ㄗㄨㄥˇ
蓔 ㄧㄠˇ
蓒 ㄒㄧㄢˍ
蓛 ㄘㄜˋ
蒰 ㄆㄢˊ
蒑 ㄧㄣˍ
虡 ㄐㄩˋ
蜳 ㄉㄨㄣˍ
蜣 ㄑㄧㄤˍ
蜨 ㄉㄧㄝˊ
蝫 ㄓㄨˍ
蝀 ㄉㄨㄥˍ
蜮 ㄩˋ
蜞 ㄑㄧˊ
蜡 ㄓㄚˋ
蜙 ㄙㄨㄥˍ
蜛 ㄐㄩˍ
蝃 ㄓㄨㄛˊ
蜬 ㄍㄢˍ
蝁 ㄜˋ
蜾 ㄍㄨㄛˇ
蝆 ㄧㄤˇ
蜠 ㄐㄩㄣˇ
蜲 ㄨㄟˇ
蜪 ㄊㄠˍ
蜭 ㄏㄢˋ
蜼 ㄨㄟˋ
蜒 ㄧㄢˊ
蜺 ㄋㄧˊ
蜱 ㄆㄧˊ
蜵 ㄩㄢˍ
蝂 ㄅㄢˇ
蜦 ㄌㄨㄣˊ
蜧 ㄌㄧˋ
蜸 ㄑㄧㄢˇ
蜤 ㄙˍ
蜚 ㄈㄟˇ
蜰 ㄈㄟˊ
蜑 ㄉㄢˋ
裷 ㄩㄢˍ
裧 ㄊㄢˇ
裱 ㄅㄧㄠˇ
裲 ㄌㄧㄤˇ
裺 ㄧㄢˇ
裾 ㄐㄩˍ
裮 ㄔㄤˍ
裼 ㄊㄧˋ
裶 ㄈㄟˍ
裻 ㄉㄨˇ
裰 ㄉㄨㄛˊ
裬 ㄌㄧㄥˊ
裫 ㄩㄢˍ
覝 ㄌㄧㄢˊ
覡 ㄒㄧˊ
覟 ㄓˋ
覞 ㄧㄠˋ
觩 ㄑㄧㄡˊ
觫 ㄙㄨˋ
觨 ㄏㄨㄢˋ
誫 ㄓㄣˋ
誙 ㄏㄥˊ
誋 ㄐㄧˋ
誒 ㄞˍ
誏 ㄌㄤˇ
誖 ㄅㄟˋ
谽 ㄏㄢˍ
豨 ㄒㄧˍ
豩 ㄅㄧㄣˍ
賕 ㄑㄧㄡˊ
賏 ㄧㄥˋ
賗 ㄔㄨㄢˋ
趖 ㄙㄨㄛˍ
踉 ㄌㄧㄤˋ
踂 ㄋㄧㄝˋ
跿 ㄊㄨˊ
踍 ㄒㄧㄠˋ
跽 ㄐㄧˋ
踊 ㄩㄥˇ
踃 ㄒㄧㄠˍ
踇 ㄇㄡˇ
踆 ㄑㄩㄣˍ
踅 ㄒㄩㄝˊ
跾 ㄕㄨˊ
踀 ㄔㄨˋ
踄 ㄅㄛˊ
輐 ㄏㄨㄢˇ
輑 ㄩㄣˇ
輎 ㄕㄠˍ
輍 ㄩˋ
鄣 ㄓㄤˍ
鄜 ㄈㄨˍ
鄠 ㄏㄨˋ
鄢 ㄧㄢˍ
鄟 ㄓㄨㄢˍ
鄝 ㄌㄧㄠˇ
鄚 ㄇㄛˋ
鄤 ㄈㄢˋ
鄡 ㄑㄧㄠˍ
鄛 ㄔㄠˊ
酺 ㄆㄨˊ
酲 ㄔㄥˊ
酹 ㄌㄟˋ
酳 ㄧㄣˋ
銥 ㄧˍ
銤 ㄇㄧˇ
鉶 ㄒㄧㄥˊ
銛 ㄒㄧㄢˍ
鉺 ㄦˇ
銠 ㄌㄠˇ
銔 ㄆㄧˍ
銪 ㄧㄡˇ
銍 ㄓˋ
銦 ㄧㄣˍ
銚 ㄧㄠˊ
銫 ㄙㄜˋ
鉹 ㄔˇ
銗 ㄏㄡˊ
鉿 ㄏㄚˍ
銣 ㄖㄨˊ
鋮 ㄔㄥˊ
銎 ㄑㄩㄥˍ
銂 ㄓㄡˍ
銕 ㄧˊ
銢 ㄩㄥˇ
鉽 ㄕˋ
銈 ㄍㄨㄟˍ
銡 ㄐㄧˊ
銊 ㄒㄩˋ
銆 ㄇㄛˋ
銌 ㄗㄨㄣˋ
銙 ㄎㄨㄚˇ
銧 ㄍㄨㄤˍ
鉾 ㄇㄡˊ
銇 ㄌㄟˋ
銩 ㄉㄧㄡˍ
銝 ㄒㄧㄡˍ
銋 ㄖㄣˊ
鈭 ㄗˍ
隞 ㄠˊ
隡 ㄙㄚˋ
雿 ㄓㄠˋ
靘 ㄑㄧㄥˋ
靽 ㄅㄢˋ
靺 ㄇㄛˋ
靾 ㄧˋ
鞃 ㄏㄨㄥˊ
鞀 ㄊㄠˊ
鞂 ㄐㄧㄚˊ
靻 ㄗㄨˇ
鞄 ㄆㄠˊ
鞁 ㄊㄨㄛˊ
靿 ㄧㄠˋ
韎 ㄇㄟˋ
韍 ㄈㄨˊ
頖 ㄆㄢˋ
颭 ㄓㄢˇ
颮 ㄅㄧㄠˍ
餂 ㄊㄧㄢˇ
餀 ㄏㄞˋ
餇 ㄊㄨㄥˊ
馝 ㄅㄧˋ
馜 ㄋㄧˇ
駃 ㄎㄨㄞˋ
馹 ㄖˋ
馻 ㄧㄣˇ
馺 ㄙㄚˋ
駂 ㄅㄠˇ
馽 ㄓˊ
駇 ㄨㄣˊ
骱 ㄒㄧㄝˋ
髣 ㄈㄤˇ
髧 ㄉㄢˋ
鬾 ㄐㄧˋ
鬿 ㄑㄧˊ
魠 ㄊㄨㄛˍ
魡 ㄉㄧㄠˋ
魟 ㄏㄨㄥˍ
鳱 ㄍㄢˍ
鳲 ㄕˍ
鳵 ㄅㄠˇ
麧 ㄍㄜˍ
僿 ㄙㄞˋ
儃 ㄕㄢˋ
儰 ㄨㄟˇ
僸 ㄐㄧㄣˋ
儆 ㄐㄧㄥˇ
儇 ㄒㄩㄢˍ
僶 ㄇㄧㄣˇ
僾 ㄞˋ
儋 ㄉㄢˍ
儌 ㄐㄧㄠˍ
僽 ㄓㄡˋ
儊 ㄔㄨˋ
劋 ㄐㄧㄠˇ
劌 ㄍㄨㄟˋ
勱 ㄇㄞˋ
勯 ㄉㄢˍ
噈 ㄘㄨˋ
噂 ㄗㄨㄣˇ
噌 ㄘㄥˍ
嘵 ㄒㄧㄠˍ
噁 ㄨˋ
噊 ㄩˋ
噉 ㄉㄢˋ
噆 ㄘㄢˇ
噘 ㄐㄩㄝˍ
噚 ㄒㄩㄣˊ
噀 ㄒㄩㄣˋ
嘳 ㄎㄨㄟˋ
嘽 ㄔㄢˇ
嘬 ㄔㄨㄞˋ
嘾 ㄉㄢˋ
嘸 ㄈㄨˇ
嘪 ㄇㄞˇ
嘺 ㄑㄧㄠˊ
圚 ㄏㄨㄟˋ
墫 ㄗㄨㄣˍ
墝 ㄑㄧㄠˍ
墱 ㄉㄥˋ
墠 ㄕㄢˋ
墣 ㄆㄨˊ
墯 ㄉㄨㄛˋ
墬 ㄗㄨㄟˋ
墥 ㄉㄨㄥˇ
墡 ㄕㄢˋ
壿 ㄗㄨㄣˍ
嫿 ㄏㄨㄚˋ
嫴 ㄍㄨˍ
嫽 ㄌㄧㄠˊ
嫷 ㄊㄨㄛˇ
嫶 ㄑㄧㄠˊ
嬃 ㄒㄩˍ
嫸 ㄓㄢˇ
嬂 ㄓˊ
嫹 ㄇㄠˊ
嬁 ㄉㄥˍ
嬇 ㄏㄨㄟˋ
嬅 ㄏㄨㄚˋ
嬏 ㄈㄢˍ
屧 ㄒㄧㄝˋ
嶙 ㄌㄧㄣˊ
嶗 ㄌㄠˊ
嶟 ㄗㄨㄣˍ
嶒 ㄘㄥˊ
嶢 ㄧㄠˊ
嶓 ㄅㄛˍ
嶕 ㄐㄧㄠˍ
嶠 ㄐㄧㄠˋ
嶜 ㄐㄧㄣˍ
嶡 ㄍㄨㄟˋ
嶚 ㄌㄧㄠˊ
嶞 ㄉㄨㄛˋ
幩 ㄈㄣˊ
幝 ㄔㄢˇ
幠 ㄏㄨˍ
幜 ㄐㄩㄥˇ
緳 ㄐㄧㄝˊ
廛 ㄔㄢˊ
廞 ㄒㄧㄣˍ
廡 ㄨˇ
彉 ㄎㄨㄤˋ
徲 ㄔˊ
憋 ㄅㄧㄝˍ
憃 ㄔㄨㄤˍ
慹 ㄓˊ
憱 ㄔㄡˋ
憰 ㄐㄩㄝˊ
憢 ㄒㄧㄠˍ
憉 ㄆㄥˊ
憛 ㄊㄢˊ
憓 ㄏㄨㄟˋ
憯 ㄘㄢˇ
憭 ㄌㄧㄠˇ
憟 ㄙㄨˋ
憒 ㄎㄨㄟˋ
憪 ㄒㄧㄢˊ
憡 ㄘㄜˋ
憍 ㄐㄧㄠˍ
慦 ㄐㄧㄡˋ
憳 ㄊㄢˇ
戭 ㄧㄢˇ
摮 ㄠˊ
摰 ㄔˋ
撖 ㄑㄧㄢˇ
撠 ㄐㄧˇ
撅 ㄐㄩㄝˍ
撗 ㄏㄨㄤˊ
撜 ㄓㄥˇ
撏 ㄒㄩㄣˊ
撋 ㄖㄨㄢˊ
撊 ㄒㄧㄢˋ
撌 ㄎㄨㄟˋ
撣 ㄉㄢˇ
撟 ㄐㄧㄠˇ
撱 ㄊㄨㄛˇ
撘 ㄉㄚˍ
敶 ㄓㄣˋ
敺 ㄑㄩˍ
敹 ㄌㄧㄠˊ
敻 ㄒㄩㄢˋ
斲 ㄓㄨㄛˊ
斳 ㄑㄧㄣˊ
暵 ㄏㄢˋ
暰 ㄘㄨㄥˍ
暩 ㄍㄨㄟˋ
暲 ㄓㄤˍ
暷 ㄔㄨㄢˊ
暯 ㄇㄛˋ
樀 ㄉㄧˋ
樆 ㄌㄧˊ
樗 ㄕㄨˍ
槥 ㄏㄨㄟˋ
槸 ㄧˋ
樕 ㄙㄨˋ
槱 ㄧㄡˇ
槤 ㄌㄧㄢˊ
樠 ㄇㄣˊ
槿 ㄐㄧㄣˇ
槬 ㄏㄨㄚˋ
槢 ㄒㄧˊ
樛 ㄐㄧㄡˍ
樝 ㄓㄚˍ
槾 ㄇㄢˊ
樧 ㄕㄚˍ
槲 ㄏㄨˊ
槮 ㄙㄣˍ
樔 ㄔㄠˊ
槷 ㄧˋ
槧 ㄑㄧㄢˋ
橀 ㄒㄧˍ
樈 ㄑㄧㄥˊ
槦 ㄩㄥˊ
槻 ㄍㄨㄟˍ
樍 ㄐㄧˍ
槼 ㄍㄨㄟˍ
槫 ㄊㄨㄢˊ
樉 ㄕㄨㄤˇ
樄 ㄔㄣˊ
樘 ㄊㄤˊ
樥 ㄆㄥˊ
樏 ㄌㄟˇ
槶 ㄎㄨㄟˋ
樦 ㄓㄨˋ
樇 ㄒㄧㄡˍ
槴 ㄏㄨˋ
樖 ㄎㄜˍ
歑 ㄏㄨˍ
殥 ㄧㄣˊ
殣 ㄐㄧㄣˇ
殢 ㄊㄧˋ
殦 ㄉㄧㄠˍ
氁 ㄇㄨˊ
氀 ㄌㄩˊ
毿 ㄙㄢˍ
氂 ㄌㄧˊ
潁 ㄧㄥˇ
漦 ㄌㄧˊ
潾 ㄌㄧㄣˊ
澇 ㄌㄠˊ
濆 ㄈㄣˊ
澒 ㄏㄨㄥˋ
澍 ㄕㄨˋ
澉 ㄍㄢˇ
澌 ㄙˍ
潢 ㄏㄨㄤˊ
潏 ㄐㄩㄝˊ
澅 ㄏㄨㄚˋ
潚 ㄒㄧㄠˍ
澖 ㄒㄧㄢˍ
潶 ㄏㄟˍ
潬 ㄉㄢˋ
澂 ㄔㄥˊ
潕 ㄨˇ
潲 ㄕㄠˋ
潒 ㄒㄧㄤˋ
潐 ㄐㄧㄠˋ
潗 ㄐㄧˊ
澔 ㄏㄠˋ
澓 ㄈㄨˊ
潝 ㄒㄧˍ
漀 ㄑㄧㄥˋ
潡 ㄉㄨㄣˋ
潫 ㄨㄢˍ
潽 ㄆㄨˇ
潧 ㄓㄣˍ
澐 ㄩㄣˊ
潓 ㄏㄨㄟˋ
澋 ㄏㄥˋ
潩 ㄧˋ
潿 ㄨㄟˊ
澕 ㄏㄜˊ
潣 ㄇㄧㄣˇ
潷 ㄅㄧˇ
潪 ㄉㄧˊ
潻 ㄕㄨˇ
熲 ㄐㄩㄥˇ
熯 ㄏㄢˋ
熛 ㄅㄧㄠˍ
熰 ㄡˍ
熠 ㄧˋ
熚 ㄅㄧˋ
熩 ㄏㄨˋ
熵 ㄉㄧˍ
熝 ㄌㄨˋ
熥 ㄊㄨㄥˍ
熞 ㄐㄧㄢˍ
熤 ㄧˋ
熡 ㄌㄡˊ
熪 ㄧˊ
熜 ㄘㄨㄥˍ
熧 ㄗㄨㄥˍ
熳 ㄇㄢˋ
犘 ㄇㄚˊ
犚 ㄨㄟˋ
獘 ㄅㄧˋ
獒 ㄠˊ
獞 ㄊㄨㄥˊ
獟 ㄧㄠˋ
獠 ㄌㄧㄠˊ
獝 ㄩˋ
獛 ㄅㄨˇ
獡 ㄕㄨㄛˋ
獚 ㄏㄨㄤˊ
獙 ㄅㄧˋ
獢 ㄒㄧㄠˍ
璇 ㄒㄩㄢˊ
璉 ㄌㄧㄢˊ
璊 ㄇㄢˊ
璆 ㄑㄧㄡˊ
璁 ㄘㄨㄥˍ
瑽 ㄘㄨㄥˍ
璅 ㄙㄨㄛˇ
璈 ㄠˊ
瑼 ㄓㄨㄢˍ
瑹 ㄊㄨˊ
甈 ㄑㄧˋ
甇 ㄧㄥˍ
畾 ㄌㄟˊ
瘥 ㄘㄨㄛˊ
瘞 ㄧˋ
瘙 ㄙㄠˍ
瘝 ㄍㄨㄢˍ
瘜 ㄒㄧˊ
瘣 ㄌㄟˇ
瘚 ㄐㄩㄝˊ
瘨 ㄉㄧㄢˍ
瘛 ㄔˋ
皜 ㄏㄠˋ
皝 ㄏㄨㄤˇ
皞 ㄏㄠˋ
皛 ㄐㄩㄥˇ
瞍 ㄙㄡˇ
瞏 ㄑㄩㄥˊ
瞉 ㄍㄡˋ
瞈 ㄨㄥˇ
磍 ㄒㄧㄚˊ
碻 ㄑㄩㄝˋ
磏 ㄌㄧㄢˊ
磌 ㄊㄧㄢˊ
磑 ㄨㄟˋ
磎 ㄑㄧˍ
磔 ㄓㄜˊ
磈 ㄨㄟˇ
磃 ㄙˍ
磄 ㄊㄤˊ
磉 ㄙㄤˇ
禚 ㄓㄨㄛˊ
禡 ㄇㄚˋ
禠 ㄙˍ
禜 ㄩㄥˇ
禢 ㄊㄚˍ
禛 ㄓㄣˍ
歶 ㄩˊ
稹 ㄓㄣˇ
窲 ㄌㄧㄠˋ
窴 ㄊㄧㄢˊ
窳 ㄩˇ
箷 ㄕˍ
篋 ㄑㄧㄝˋ
箾 ㄕㄨㄛˋ
箬 ㄖㄨㄛˋ
篎 ㄇㄧㄠˇ
箯 ㄅㄧㄢˍ
箹 ㄩㄝˍ
篊 ㄏㄨㄥˊ
箵 ㄕㄥˇ
糅 ㄖㄡˇ
糈 ㄒㄩˍ
糌 ㄗㄢˊ
糋 ㄐㄧㄢˋ
緷 ㄩㄣˋ
緛 ㄖㄨㄢˇ
緪 ㄍㄥˍ
緧 ㄑㄧㄡˍ
緗 ㄒㄧㄤˍ
緡 ㄇㄧㄣˊ
縃 ㄒㄩˍ
緺 ㄍㄨㄚˍ
緦 ㄙˍ
緶 ㄅㄧㄢˋ
緱 ㄍㄡˍ
緰 ㄩˊ
緮 ㄈㄨˋ
緟 ㄓㄨㄥˋ
罶 ㄌㄧㄡˇ
羬 ㄒㄧㄢˊ
羰 ㄊㄢˋ
羭 ㄩˊ
翭 ㄏㄡˊ
翫 ㄨㄢˋ
翪 ㄗㄨㄥˍ
翬 ㄏㄨㄟˍ
翦 ㄐㄧㄢˇ
翨 ㄕˋ
聤 ㄊㄧㄥˊ
聧 ㄎㄨㄟˊ
膣 ㄓˋ
膟 ㄌㄩˋ
膞 ㄓㄨㄢˍ
膕 ㄍㄨㄛˊ
膢 ㄌㄩˊ
膙 ㄐㄧㄤˇ
舖 ㄆㄨˋ
艏 ㄕㄡˇ
艓 ㄉㄧㄝˊ
艒 ㄇㄠˋ
艐 ㄗㄨㄥˍ
艎 ㄏㄨㄤˊ
艑 ㄅㄧㄢˋ
蔤 ㄇㄧˋ
蔻 ㄎㄡˋ
蔏 ㄕㄤˍ
蔀 ㄅㄨˋ
蔩 ㄧㄣˊ
蔎 ㄕㄜˋ
蔉 ㄍㄨㄣˇ
蔍 ㄌㄨˋ
蔟 ㄘㄨˋ
蔊 ㄏㄢˇ
蔧 ㄏㄨㄟˋ
蔜 ㄠˊ
蓻 ㄐㄧˊ
蔫 ㄧㄢˍ
蓺 ㄧˋ
蔈 ㄆㄧㄠˋ
蔌 ㄙㄨˋ
蓴 ㄔㄨㄣˊ
蔪 ㄐㄧㄢˋ
蓲 ㄡˍ
蔕 ㄉㄧˋ
蓷 ㄊㄨㄟˍ
蓫 ㄓㄨˊ
蓳 ㄐㄧㄣˋ
蓼 ㄌㄨˋ
蔒 ㄒㄩㄣˍ
蓪 ㄊㄨㄥˍ
蓩 ㄨˋ
蔖 ㄘㄨㄛˊ
蓾 ㄌㄨˇ
蔨 ㄐㄩㄣˋ
蔝 ㄇㄧˇ
蔮 ㄎㄨㄟˋ
蔂 ㄌㄨㄛˊ
蓽 ㄅㄧˋ
蔞 ㄌㄡˊ
蓶 ㄨㄟˇ
蔱 ㄕㄚˍ
蔦 ㄋㄧㄠˇ
蓧 ㄉㄧㄠˋ
蓨 ㄒㄧㄡˍ
蓰 ㄒㄧˇ
蓯 ㄘㄨㄥˍ
蓹 ㄩˋ
蔘 ㄙㄣˍ
蔠 ㄓㄨㄥˍ
蔰 ㄏㄨˋ
蔋 ㄉㄧˊ
蔙 ㄒㄩㄢˋ
蔯 ㄔㄣˊ
虢 ㄍㄨㄛˊ
蝖 ㄒㄩㄢˍ
蝣 ㄧㄡˊ
蝤 ㄐㄧㄡˍ
蝷 ㄒㄧˊ
蟡 ㄍㄨㄟˇ
蝳 ㄉㄨˊ
蝘 ㄧㄢˇ
蝔 ㄐㄧㄝˍ
蝛 ㄨㄟˍ
蝒 ㄇㄧㄢˊ
蝡 ㄖㄨㄢˇ
蝚 ㄖㄡˊ
蝑 ㄒㄩˍ
蝞 ㄇㄟˋ
蝭 ㄊㄧˊ
蝪 ㄊㄤˍ
蝐 ㄇㄞˋ
蝎 ㄒㄧㄝˍ
蝟 ㄨㄟˋ
蝝 ㄩㄢˊ
蝯 ㄩㄢˊ
蝬 ㄗㄨㄥˍ
蝺 ㄐㄩˇ
蝮 ㄈㄨˋ
蝜 ㄈㄨˋ
蝥 ㄇㄡˊ
蝏 ㄊㄧㄥˊ
蝻 ㄋㄢˇ
蝵 ㄑㄧㄡˍ
蝢 ㄒㄧㄝˊ
蝧 ㄧㄥˍ
蝩 ㄔㄨㄥˊ
衚 ㄏㄨˊ
褅 ㄊㄧˋ
褌 ㄏㄨㄟˍ
褔 ㄈㄨˋ
褋 ㄉㄧㄝˊ
褗 ㄧㄢˇ
褘 ㄏㄨㄟˍ
褙 ㄅㄟˋ
褆 ㄕˋ
褖 ㄊㄨㄢˋ
褑 ㄩㄢˋ
褎 ㄧㄡˋ
褉 ㄒㄧˋ
覢 ㄕㄢˇ
覤 ㄒㄧˋ
覣 ㄨㄟˍ
觭 ㄐㄧˍ
觰 ㄓㄨˍ
觬 ㄋㄧˊ
諏 ㄗㄡˍ
諆 ㄑㄧˍ
誸 ㄒㄩㄢˊ
諓 ㄐㄧㄢˋ
諑 ㄓㄨㄛˊ
諔 ㄓㄨˋ
諕 ㄏㄠˊ
誻 ㄊㄚˋ
諗 ㄕㄣˇ
誾 ㄧㄣˊ
諀 ㄆㄧˇ
諅 ㄐㄧˍ
諘 ㄅㄧㄠˇ
諃 ㄔㄣˍ
誺 ㄔˍ
誽 ㄋㄚˊ
諙 ㄏㄨㄞˋ
谾 ㄏㄨㄥˍ
豍 ㄅㄧˍ
貏 ㄅㄧˇ
賥 ㄙㄨㄟˋ
賟 ㄊㄧㄢˇ
賙 ㄓㄡˍ
賨 ㄘㄨㄥˊ
賚 ㄌㄞˋ
賝 ㄔㄣˍ
賧 ㄊㄢˋ
趠 ㄔㄨㄛˋ
趜 ㄐㄩˊ
趡 ㄘㄨㄟˇ
趛 ㄧㄣˇ
踠 ㄨㄢˋ
踣 ㄅㄛˊ
踥 ㄑㄧㄝˋ
踤 ㄗㄨˊ
踮 ㄉㄧㄢˋ
踕 ㄐㄧㄝˊ
踛 ㄌㄨˋ
踖 ㄐㄧˊ
踑 ㄑㄧˊ
踙 ㄐㄩˍ
踦 ㄐㄧˇ
踧 ㄘㄨˋ
踔 ㄓㄨㄛˊ
踒 ㄨㄛˍ
踘 ㄐㄩˊ
踓 ㄨㄟˇ
踜 ㄌㄥˋ
踗 ㄋㄧㄝˍ
踚 ㄌㄨㄣˊ
輬 ㄌㄧㄤˊ
輤 ㄑㄧㄢˋ
輘 ㄌㄧㄥˊ
輚 ㄓㄢˋ
輠 ㄍㄨㄛˇ
輣 ㄆㄥˊ
輖 ㄓㄡˍ
輗 ㄋㄧˊ
遳 ㄘㄨㄛˍ
遰 ㄓˋ
遯 ㄉㄨㄣˋ
遧 ㄓㄤˍ
遫 ㄙㄨˋ
鄯 ㄕㄢˋ
鄫 ㄘㄥˊ
鄩 ㄒㄧㄣˊ
鄪 ㄅㄧˋ
鄲 ㄉㄢˍ
鄦 ㄒㄩˇ
鄮 ㄇㄠˋ
醅 ㄆㄟˍ
醆 ㄓㄢˇ
醊 ㄔㄨㄛˋ
醁 ㄌㄨˋ
醂 ㄌㄢˇ
醄 ㄊㄠˊ
醀 ㄨㄟˊ
鋐 ㄏㄨㄥˊ
鋃 ㄌㄤˊ
鋄 ㄨㄢˇ
鋀 ㄉㄡˋ
鋙 ㄨˊ
銶 ㄑㄧㄡˊ
鋏 ㄐㄧㄚˊ
鋱 ㄊㄜˋ
鋟 ㄑㄧㄣˍ
鋘 ㄨˊ
鋩 ㄇㄤˊ
鋗 ㄒㄩㄢˍ
鋝 ㄌㄩㄝˋ
鋌 ㄊㄧㄥˇ
鋯 ㄍㄠˋ
鋂 ㄇㄟˊ
鋨 ㄜˊ
鋊 ㄩˋ
鋈 ㄨˋ
鋎 ㄏㄢˋ
鋦 ㄐㄩˊ
鋍 ㄅㄛˊ
鋕 ㄓˋ
鋉 ㄙㄨˋ
鋠 ㄕㄣˋ
鋞 ㄒㄧㄥˊ
鋧 ㄒㄧㄢˋ
鋑 ㄘㄨㄢˍ
鋓 ㄔㄢˍ
銵 ㄎㄥˍ
鋡 ㄏㄢˊ
鋆 ㄩㄣˊ
銴 ㄕˋ
镼 ㄑㄩˍ
閬 ㄌㄤˇ
閫 ㄎㄨㄣˇ
閮 ㄊㄧㄥˊ
閰 ㄧㄢˊ
隤 ㄊㄨㄟˊ
隢 ㄖㄠˋ
雓 ㄩˊ
霅 ㄓㄚˊ
霈 ㄆㄟˋ
霂 ㄇㄨˋ
靚 ㄐㄧㄥˋ
鞊 ㄐㄧˊ
鞎 ㄏㄣˊ
鞈 ㄐㄧㄚˊ
韐 ㄍㄜˊ
韏 ㄐㄩㄢˋ
頞 ㄜˋ
頝 ㄑㄧㄠˍ
頦 ㄏㄞˊ
頩 ㄆㄧㄥˍ
頨 ㄆㄧㄢˍ
頠 ㄨㄟˇ
頛 ㄌㄟˇ
頧 ㄉㄨㄟˍ
颲 ㄌㄧㄝˋ
餈 ㄘˊ
飺 ㄘˊ
餑 ㄅㄛˊ
餔 ㄅㄨˍ
餖 ㄉㄡˋ
餗 ㄙㄨˋ
餕 ㄐㄩㄣˋ
駜 ㄅㄧˋ
駍 ㄆㄥˍ
駏 ㄐㄩˋ
駓 ㄆㄧˍ
駎 ㄓㄡˋ
駉 ㄐㄩㄥˍ
駖 ㄌㄧㄥˊ
駘 ㄊㄞˊ
駋 ㄓㄠˍ
駗 ㄓㄣˍ
駌 ㄩㄢˍ
骳 ㄅㄧˋ
髬 ㄆㄧˍ
髫 ㄊㄧㄠˊ
髳 ㄇㄠˊ
髲 ㄆㄧˋ
髱 ㄆㄠˋ
魆 ㄒㄩˋ
魃 ㄅㄚˊ
魧 ㄏㄤˊ
魴 ㄈㄤˊ
魱 ㄏㄨˊ
魦 ㄕㄚˍ
魶 ㄋㄚˋ
魵 ㄈㄣˋ
魰 ㄨㄣˊ
魨 ㄊㄨㄣˊ
魤 ㄜˊ
魬 ㄈㄢˇ
鳼 ㄨㄣˊ
鳺 ㄈㄨˍ
鳽 ㄐㄧㄢˍ
鳿 ㄩˋ
鳷 ㄓˍ
鴇 ㄅㄠˇ
鴀 ㄈㄡˇ
鳹 ㄑㄧㄢˊ
鳻 ㄈㄣˍ
鴈 ㄧㄢˋ
鴅 ㄏㄨㄢˍ
鴄 ㄆㄧˍ
麃 ㄅㄧㄠˍ
黓 ㄧˋ
鼏 ㄇㄧˋ
鼐 ㄋㄞˋ
儜 ㄋㄥˊ
儓 ㄊㄞˊ
儗 ㄋㄧˇ
儚 ㄇㄥˊ
儑 ㄢˋ
凞 ㄒㄧˍ
叡 ㄖㄨㄟˋ
噰 ㄩㄥˍ
噠 ㄉㄚˊ
噮 ㄩㄢˋ
噳 ㄩˇ
噦 ㄩㄝˍ
噣 ㄓㄡˋ
噭 ㄐㄧㄠˋ
噲 ㄎㄨㄞˋ
噞 ㄧㄢˋ
噷 ㄒㄧㄣˍ
圜 ㄏㄨㄢˊ
圛 ㄧˋ
壈 ㄌㄢˇ
墽 ㄑㄧㄠˍ
壉 ㄐㄩˋ
墿 ㄧˋ
墺 ㄠˋ
壂 ㄉㄧㄢˋ
墼 ㄐㄧˊ
壆 ㄒㄩㄝˊ
嬗 ㄕㄢˋ
嬙 ㄑㄧㄤˊ
嬛 ㄑㄩㄥˊ
嬡 ㄞˋ
嬔 ㄈㄢˋ
嬓 ㄔㄢˍ
嬐 ㄒㄧㄢˍ
嬖 ㄅㄧˋ
嬨 ㄘˊ
嬚 ㄌㄧㄢˊ
嬠 ㄘㄢˊ
嬞 ㄉㄨㄥˇ
寯 ㄐㄩㄣˋ
嶬 ㄧˍ
嶱 ㄎㄜˇ
嶩 ㄋㄠˊ
嶧 ㄧˋ
嶵 ㄗㄨㄟˋ
嶰 ㄒㄧㄝˋ
嶮 ㄒㄧㄢˇ
嶪 ㄧㄝˋ
嶨 ㄒㄩㄝˍ
嶲 ㄙㄨㄟˇ
嶭 ㄜˋ
嶯 ㄐㄧˊ
嶴 ㄠˋ
幧 ㄑㄧㄠˍ
幨 ㄔㄢˋ
幦 ㄇㄧˋ
幯 ㄐㄧㄝˍ
廩 ㄌㄧㄣˇ
廧 ㄑㄧㄤˊ
廦 ㄅㄧˋ
廨 ㄒㄧㄝˋ
廥 ㄍㄨㄞˋ
彋 ㄏㄨㄥˊ
徼 ㄐㄧㄠˋ
憝 ㄉㄨㄟˋ
憨 ㄏㄢˍ
憖 ㄧㄣˋ
懅 ㄑㄩˊ
憴 ㄕㄥˊ
懆 ㄘㄠˇ
懁 ㄏㄨㄢˊ
懌 ㄧˋ
憺 ㄉㄢˋ
憿 ㄐㄧㄠˍ
憸 ㄒㄧㄢˍ
憌 ㄔㄨㄣˊ
擗 ㄆㄧˋ
擖 ㄍㄜˇ
擐 ㄏㄨㄢˋ
擏 ㄐㄧㄥˋ
擉 ㄔㄨㄛˋ
撽 ㄑㄧㄠˋ
撉 ㄉㄨㄣˍ
擛 ㄧㄝˋ
擳 ㄐㄧㄝˊ
擙 ㄠˋ
攳 ㄒㄧㄣˊ
敿 ㄑㄧㄠˊ
敼 ㄒㄧˇ
斢 ㄊㄡˋ
曈 ㄊㄨㄥˊ
暾 ㄊㄨㄣˍ
曀 ㄧˍ
曊 ㄈㄟˋ
曋 ㄑㄧㄣˇ
曏 ㄒㄧㄤˋ
暽 ㄌㄧㄣˊ
暻 ㄐㄧㄥˇ
暺 ㄉㄢˋ
曌 ㄓㄠˋ
朣 ㄊㄨㄥˊ
樴 ㄓˊ
橦 ㄊㄨㄥˊ
橉 ㄌㄧㄣˋ
橧 ㄗㄥˍ
樲 ㄦˋ
橨 ㄈㄣˋ
樾 ㄩㄝˋ
橝 ㄊㄢˊ
橭 ㄍㄨˍ
橶 ㄐㄧˊ
橛 ㄐㄩㄝˊ
橑 ㄌㄠˇ
樨 ㄒㄧˍ
橚 ㄙㄨˋ
樻 ㄎㄨㄟˋ
樿 ㄓㄢˇ
橁 ㄒㄩㄣˊ
橪 ㄖㄢˇ
橤 ㄖㄨㄟˇ
橐 ㄊㄨㄛˊ
橏 ㄓㄢˇ
橔 ㄊㄨㄟˊ
橯 ㄌㄠˋ
橩 ㄑㄩㄥˊ
橠 ㄋㄨㄛˇ
樼 ㄓㄣˍ
橞 ㄏㄨㄟˋ
橖 ㄊㄤˊ
橕 ㄔㄥˍ
橍 ㄖㄨㄣˋ
橎 ㄈㄢˊ
橆 ㄨˇ
歕 ㄆㄣˍ
歔 ㄒㄩˍ
歖 ㄒㄧˍ
殧 ㄘㄨˋ
殪 ㄧˋ
殫 ㄉㄢˋ
毈 ㄉㄨㄢˋ
毇 ㄏㄨㄟˇ
氄 ㄖㄨㄥˇ
氃 ㄊㄨㄥˊ
氆 ㄅㄤˇ
澭 ㄩㄥˍ
濋 ㄔㄨˇ
澣 ㄏㄨㄢˇ
濇 ㄙㄜˋ
澼 ㄆㄧˋ
濎 ㄉㄧㄥˇ
濈 ㄐㄧˊ
潞 ㄌㄨˋ
濄 ㄍㄨㄛˍ
澽 ㄐㄩˋ
澞 ㄩˊ
濊 ㄏㄨㄟˋ
澨 ㄕˋ
瀄 ㄐㄧㄝˊ
澥 ㄒㄧㄝˋ
澮 ㄎㄨㄞˋ
澺 ㄧˋ
澬 ㄗˍ
澪 ㄌㄧㄥˊ
濏 ㄙㄜˋ
澿 ㄑㄧㄣˊ
澸 ㄉㄢˇ
澢 ㄉㄤˍ
濉 ㄙㄨㄟˍ
澫 ㄇㄢˋ
濍 ㄙㄨㄥˍ
澯 ㄘㄢˋ
澲 ㄧㄝˋ
澰 ㄌㄧㄢˋ
燅 ㄒㄧㄢˊ
燂 ㄑㄧㄢˊ
熿 ㄏㄨㄤˊ
熸 ㄐㄧㄢˍ
燖 ㄒㄩㄣˊ
燀 ㄔㄢˇ
燁 ㄧㄝˋ
燋 ㄑㄧㄠˇ
燔 ㄈㄢˊ
燊 ㄕㄣˍ
燇 ㄗㄨㄣˋ
燏 ㄩˋ
熽 ㄒㄧㄠˋ
燘 ㄇㄟˇ
熼 ㄧˋ
燆 ㄑㄧㄠˊ
燚 ㄧˍ
燛 ㄐㄧㄥˇ
犝 ㄊㄨㄥˊ
犞 ㄙㄜˋ
獩 ㄏㄨㄟˋ
獦 ㄍㄜˊ
獧 ㄐㄩㄢˋ
獬 ㄒㄧㄝˋ
獥 ㄒㄧˊ
獫 ㄒㄧㄢˇ
獪 ㄎㄨㄞˋ
瑿 ㄧˍ
璚 ㄑㄩㄥˊ
璠 ㄈㄢˊ
璔 ㄗㄥˍ
璒 ㄉㄥˍ
璕 ㄒㄩㄣˊ
璡 ㄐㄧㄣˋ
甋 ㄉㄧˋ
疀 ㄔㄚˍ
瘯 ㄘㄨˋ
瘭 ㄅㄧㄠˍ
瘱 ㄧˋ
瘽 ㄐㄧㄣˋ
瘳 ㄔㄡˍ
瘼 ㄇㄛˋ
瘵 ㄓㄞˋ
瘲 ㄗㄨㄥˋ
瘰 ㄌㄨㄛˇ
皻 ㄓㄚˍ
盦 ㄢˍ
瞚 ㄕㄨㄣˋ
瞝 ㄔˍ
瞡 ㄐㄧˋ
瞜 ㄌㄡˊ
瞛 ㄘㄨㄥˍ
瞢 ㄇㄥˊ
瞣 ㄏㄨㄢˋ
瞕 ㄓㄤˋ
瞙 ㄇㄛˋ
瞗 ㄉㄧㄠˍ
磝 ㄠˊ
磩 ㄑㄧˍ
磥 ㄌㄟˇ
磪 ㄘㄨㄟˍ
磞 ㄆㄥˍ
磣 ㄔㄣˇ
磛 ㄔㄢˊ
磡 ㄎㄢˋ
磢 ㄑㄧㄤˇ
磭 ㄔㄨㄛˋ
磟 ㄌㄨˋ
磠 ㄌㄨˇ
禤 ㄒㄩㄢˍ
穄 ㄐㄧˋ
穈 ㄇㄣˊ
穇 ㄕㄢˍ
窶 ㄐㄩˋ
窸 ㄒㄧˍ
窵 ㄉㄧㄠˋ
窱 ㄊㄧㄠˋ
窷 ㄌㄧㄠˊ
篞 ㄋㄧㄝˋ
篣 ㄆㄤˊ
篧 ㄓㄨㄛˊ
篝 ㄍㄡˍ
篕 ㄏㄜˊ
篥 ㄌㄧˋ
篚 ㄈㄟˇ
篨 ㄔㄨˊ
篹 ㄘㄨㄢˋ
篔 ㄩㄣˊ
篪 ㄔˊ
篢 ㄍㄨㄥˍ
篜 ㄓㄥˍ
篫 ㄓㄨˊ
篘 ㄔㄡˍ
篟 ㄑㄧㄢˋ
糒 ㄅㄟˋ
糔 ㄒㄧㄡˇ
糗 ㄑㄧㄡˇ
糐 ㄈㄨˍ
糑 ㄋㄨㄛˋ
縒 ㄘㄨㄛˇ
縡 ㄗㄞˇ
縗 ㄘㄨㄟˍ
縌 ㄋㄧˋ
縟 ㄖㄨˋ
縠 ㄏㄨˊ
縓 ㄑㄩㄢˊ
縎 ㄍㄨˇ
縜 ㄩㄣˊ
縕 ㄩㄣˋ
縚 ㄊㄠˍ
縢 ㄊㄥˊ
縋 ㄓㄨㄟˋ
縏 ㄆㄢˊ
縖 ㄒㄧㄚˊ
縍 ㄅㄤˍ
縔 ㄕㄨㄤˇ
縥 ㄓㄣˇ
縤 ㄙㄨˋ
罃 ㄧㄥˍ
罻 ㄨㄟˋ
罼 ㄅㄧˋ
罺 ㄔㄠˍ
羱 ㄩㄢˊ
翯 ㄏㄜˋ
耪 ㄆㄤˇ
耩 ㄍㄡˍ
聬 ㄨㄥˇ
膱 ㄓˊ
膦 ㄌㄧㄢˇ
膮 ㄒㄧㄠˍ
膹 ㄈㄣˋ
膵 ㄘㄨㄟˋ
膫 ㄌㄧㄠˊ
膰 ㄈㄢˊ
膬 ㄘㄨㄟˋ
膴 ㄏㄨˍ
膲 ㄐㄧㄠˍ
膷 ㄒㄧㄣˋ
膧 ㄊㄨㄥˊ
臲 ㄋㄧㄝˋ
艕 ㄅㄤˋ
艖 ㄔㄚˍ
艗 ㄧˋ
蕖 ㄑㄩˊ
蕅 ㄡˇ
蕫 ㄊㄨㄥˊ
蕍 ㄩˊ
蕓 ㄩㄣˊ
蕡 ㄈㄣˊ
蕘 ㄖㄠˊ
蕀 ㄐㄧˊ
蕆 ㄔㄢˇ
蕤 ㄖㄨㄟˊ
蕁 ㄒㄩㄣˊ
蕢 ㄎㄨㄟˋ
蕄 ㄇㄥˊ
蕑 ㄐㄧㄢˍ
蕇 ㄉㄧㄢˇ
蕣 ㄕㄨㄣˋ
蔾 ㄌㄧˊ
蕛 ㄊㄧˊ
蕱 ㄕㄠˍ
蕎 ㄑㄧㄠˊ
蕮 ㄒㄧˋ
蕵 ㄙㄨㄣˍ
蕕 ㄧㄡˊ
蕧 ㄈㄨˋ
蕠 ㄖㄨˊ
薌 ㄒㄧㄤˍ
蕦 ㄒㄩˍ
蕝 ㄐㄩㄝˊ
蕔 ㄅㄠˍ
蕥 ㄧㄚˇ
蕬 ㄙˍ
虣 ㄅㄠˋ
虥 ㄓㄢˋ
虤 ㄧㄢˊ
螛 ㄏㄜˊ
螏 ㄐㄧˊ
螗 ㄊㄤˊ
螓 ㄑㄧㄣˊ
螒 ㄏㄢˋ
螈 ㄩㄢˊ
螁 ㄊㄨㄟˋ
螖 ㄏㄨㄚˊ
螘 ㄧˇ
蝹 ㄩㄣˍ
螇 ㄒㄧˍ
螣 ㄊㄥˊ
螅 ㄒㄧˍ
螐 ㄨˍ
螑 ㄒㄧㄡˋ
螝 ㄒㄧˍ
螄 ㄕˍ
螔 ㄧˊ
螜 ㄏㄨˊ
螚 ㄋㄞˋ
螉 ㄨㄥˍ
褞 ㄩㄣˇ
褦 ㄋㄞˋ
褰 ㄑㄧㄢˍ
褭 ㄋㄧㄠˇ
褮 ㄧㄥˍ
褧 ㄐㄩㄥˇ
褱 ㄏㄨㄞˊ
褢 ㄏㄨㄞˊ
褩 ㄅㄢˍ
褣 ㄖㄨㄥˊ
褯 ㄐㄧㄝˋ
褬 ㄙㄤˇ
褟 ㄊㄚˍ
觱 ㄅㄧˋ
諠 ㄒㄩㄢˍ
諢 ㄏㄨㄣˋ
諲 ㄧㄣˍ
諴 ㄒㄧㄢˊ
諵 ㄋㄢˊ
諝 ㄒㄩˇ
謔 ㄋㄩㄝˋ
諤 ㄜˋ
諟 ㄕˋ
諰 ㄒㄧˇ
諈 ㄔㄨㄟˋ
諞 ㄆㄧㄢˊ
諡 ㄕˋ
諨 ㄈㄨˊ
諿 ㄑㄧˋ
諯 ㄔㄨㄢˊ
諻 ㄏㄥˍ
貑 ㄐㄧㄚˍ
貒 ㄊㄨㄢˍ
貐 ㄩˇ
賵 ㄈㄥˋ
賮 ㄐㄧㄣˋ
賱 ㄩㄣˇ
賰 ㄕㄨㄣˇ
賳 ㄗㄞˍ
赬 ㄔㄥˍ
赮 ㄒㄧㄚˊ
趥 ㄑㄧㄡˍ
趧 ㄊㄧˊ
踳 ㄔㄨㄣˇ
踾 ㄈㄨˊ
踸 ㄔㄣˇ
蹀 ㄉㄧㄝˊ
蹅 ㄔㄚˇ
踶 ㄉㄧˋ
踼 ㄊㄤˊ
踽 ㄐㄩˇ
蹁 ㄆㄧㄢˊ
踰 ㄩˊ
踿 ㄗㄨˊ
躽 ㄧㄢˇ
輶 ㄧㄡˊ
輮 ㄖㄡˊ
輵 ㄍㄜˊ
輲 ㄔㄨㄢˊ
輹 ㄈㄨˋ
輷 ㄏㄨㄥˍ
輴 ㄔㄨㄣˍ
遶 ㄖㄠˋ
遹 ㄩˋ
遻 ㄨˋ
邆 ㄉㄥˋ
郺 ㄩㄥˍ
鄳 ㄇㄥˊ
鄵 ㄘㄠˍ
鄶 ㄎㄨㄞˋ
醓 ㄊㄢˇ
醐 ㄏㄨˊ
醑 ㄒㄩˇ
醍 ㄊㄧˊ
醏 ㄉㄨˍ
錧 ㄍㄨㄢˇ
錞 ㄔㄨㄣˊ
錈 ㄐㄩㄢˋ
錟 ㄊㄢˊ
錆 ㄑㄧㄤˍ
錏 ㄧㄚˋ
鍺 ㄓㄜˇ
錸 ㄌㄞˊ
錼 ㄋㄞˋ
錛 ㄅㄣˍ
錣 ㄓㄨㄛˊ
錒 ㄚˋ
錁 ㄍㄨㄛˇ
鍆 ㄇㄣˊ
錭 ㄊㄠˊ
錎 ㄒㄧㄢˋ
錍 ㄆㄧˊ
鋋 ㄔㄢˊ
錝 ㄘㄨㄥˊ
鋺 ㄩㄢˍ
錥 ㄩˋ
錓 ㄎㄨㄥˍ
鋹 ㄔㄤˇ
鋷 ㄗㄨㄟˋ
錴 ㄌㄨˋ
錂 ㄌㄧㄥˊ
錤 ㄑㄧˊ
鋿 ㄔㄤˊ
錩 ㄔㄤˍ
錹 ㄎㄣˇ
錵 ㄏㄨㄚˍ
錪 ㄉㄧㄢˇ
錔 ㄊㄚˋ
錌 ㄢˋ
錋 ㄆㄥˊ
鋾 ㄊㄠˊ
錉 ㄇㄧㄣˊ
錀 ㄌㄨㄣˊ
鋻 ㄐㄧㄢˋ
錖 ㄉㄨˇ
閼 ㄜˋ
闍 ㄉㄨˍ
閾 ㄩˋ
閹 ㄧㄢˍ
閺 ㄇㄧㄣˊ
閶 ㄔㄤˍ
閿 ㄨㄣˊ
閵 ㄌㄧㄣˋ
閽 ㄏㄨㄣˍ
隩 ㄩˋ
雔 ㄔㄡˊ
霋 ㄑㄧˍ
霒 ㄧㄥˍ
霐 ㄨㄥˍ
鞙 ㄒㄩㄢˋ
鞗 ㄊㄧㄠˊ
鞔 ㄨㄢˇ
韰 ㄒㄧㄝˋ
韸 ㄆㄥˊ
頵 ㄐㄩㄣˍ
頯 ㄎㄨㄟˊ
頲 ㄊㄧㄥˇ
餤 ㄉㄢˇ
餟 ㄓㄨㄟˋ
餧 ㄨㄟˋ
餩 ㄜˋ
馞 ㄅㄛˊ
駮 ㄅㄛˊ
駬 ㄦˇ
駥 ㄖㄨㄥˊ
駤 ㄓˋ
駰 ㄧㄣˍ
駣 ㄊㄠˊ
駪 ㄕㄣˍ
駩 ㄑㄩㄢˊ
駧 ㄉㄨㄥˋ
骹 ㄑㄧㄠˍ
骿 ㄆㄧㄢˊ
骴 ㄘˍ
骻 ㄎㄨㄚˋ
髶 ㄖㄨㄥˊ
髺 ㄍㄨㄚˋ
髹 ㄒㄧㄡˍ
髷 ㄑㄩˍ
鬳 ㄐㄩㄢˋ
鮀 ㄊㄨㄛˊ
鮅 ㄅㄧˋ
鮇 ㄨㄟˋ
魼 ㄑㄩˍ
魾 ㄆㄧˊ
魻 ㄒㄧㄚˊ
鮂 ㄑㄧㄡˊ
鮓 ㄓㄚˋ
鮒 ㄈㄨˋ
鮐 ㄊㄞˊ
魺 ㄍㄜˇ
鮕 ㄍㄨˍ
魽 ㄏㄢˍ
鮈 ㄐㄩˍ
鴥 ㄩˋ
鴗 ㄌㄧˋ
鴠 ㄉㄢˋ
鴞 ㄒㄧㄠˍ
鴔 ㄈㄨˊ
鴩 ㄓˋ
鴝 ㄑㄩˊ
鴘 ㄅㄧㄢˋ
鴢 ㄧㄡˋ
鴐 ㄐㄧㄚˍ
鴙 ㄓˋ
鴟 ㄔˍ
麈 ㄓㄨˇ
麆 ㄓㄨˋ
麇 ㄐㄩㄣˍ
麮 ㄑㄩˋ
麭 ㄆㄠˋ
黕 ㄓㄣˇ
黖 ㄒㄧˋ
黺 ㄈㄣˇ
鼒 ㄗˍ
鼽 ㄑㄧㄡˊ
儦 ㄅㄧㄠˍ
儥 ㄉㄨˊ
儢 ㄌㄩˇ
儤 ㄅㄠˋ
儠 ㄌㄧㄝˋ
儩 ㄙˋ
勴 ㄌㄩˋ
嚓 ㄘㄚˍ
嚌 ㄐㄧˋ
嚍 ㄐㄧㄣˋ
嚆 ㄏㄠˍ
嚄 ㄏㄨㄛˋ
嚃 ㄊㄚˋ
噾 ㄧㄣˍ
嚂 ㄏㄢˇ
噿 ㄗㄨㄟˇ
嚁 ㄉㄧˊ
壖 ㄖㄨㄢˊ
壔 ㄉㄠˇ
壏 ㄌㄢˋ
壒 ㄎㄞˋ
嬭 ㄋㄞˇ
嬥 ㄊㄧㄠˇ
嬲 ㄋㄧㄠˇ
嬣 ㄋㄧㄥˊ
嬬 ㄒㄩˍ
嬧 ㄐㄧㄣˋ
嬦 ㄔㄡˊ
嬯 ㄊㄞˊ
嬮 ㄧㄢˍ
寱 ㄧˋ
寲 ㄧˊ
嶷 ㄧˊ
幬 ㄉㄠˋ
幪 ㄇㄥˊ
徾 ㄇㄟˊ
徻 ㄨㄟˋ
懃 ㄑㄧㄣˊ
憵 ㄆㄧˍ
憼 ㄐㄧㄥˇ
懧 ㄋㄨㄛˋ
懠 ㄑㄧˊ
懥 ㄓˋ
懤 ㄔㄡˊ
懨 ㄧㄢˋ
懞 ㄇㄥˇ
擯 ㄅㄧㄣˋ
擩 ㄖㄨˇ
擣 ㄉㄠˇ
擫 ㄧㄝˋ
擤 ㄒㄧㄥˇ
擨 ㄧㄝˊ
斁 ㄉㄨˋ
斀 ㄓㄨㄛˊ
斶 ㄔㄨˋ
旚 ㄆㄧㄠˍ
曒 ㄐㄧㄠˇ
檍 ㄧˋ
檖 ㄙㄨㄟˋ
檁 ㄌㄧㄣˇ
檥 ㄧˇ
檉 ㄔㄥˍ
檟 ㄐㄧㄚˇ
檛 ㄓㄨㄚˍ
檡 ㄓㄜˋ
檞 ㄒㄧㄝˋ
檇 ㄗㄨㄟˋ
檓 ㄏㄨㄟˇ
檎 ㄑㄧㄣˊ
檕 ㄐㄧˋ
檃 ㄧㄣˇ
檨 ㄕㄜˍ
檤 ㄉㄠˋ
檑 ㄌㄟˊ
橿 ㄐㄧㄤˍ
檦 ㄅㄧㄠˇ
檚 ㄔㄨˇ
檅 ㄙㄨㄟˋ
檌 ㄗㄨㄟˋ
檒 ㄈㄥˍ
歛 ㄌㄧㄢˋ
殭 ㄐㄧㄤˍ
氉 ㄙㄠˋ
濌 ㄊㄚˋ
澩 ㄒㄩㄝˊ
濴 ㄒㄧㄥˊ
濔 ㄇㄧˇ
濣 ㄨㄛˋ
濜 ㄐㄧㄣˋ
濭 ㄞˋ
濧 ㄉㄨㄟˋ
濦 ㄧㄣˇ
濞 ㄆㄧˋ
濲 ㄍㄨˇ
濝 ㄑㄧˊ
濢 ㄘㄨㄟˋ
濨 ㄘˊ
燡 ㄧˋ
燱 ㄧˋ
燨 ㄒㄧˍ
燲 ㄒㄧㄝˊ
燤 ㄊㄞˋ
燰 ㄨㄟˍ
燢 ㄒㄩㄝˊ
獮 ㄒㄧㄢˇ
獯 ㄒㄩㄣˍ
璗 ㄉㄤˋ
璲 ㄙㄨㄟˋ
璫 ㄉㄤˍ
璐 ㄌㄨˋ
璪 ㄗㄠˇ
璭 ㄍㄨㄣˋ
璱 ㄙㄜˋ
璥 ㄐㄧㄥˇ
璯 ㄏㄨㄟˋ
甐 ㄌㄧㄣˊ
甑 ㄗㄥˋ
甒 ㄨˇ
甏 ㄅㄤˋ
疄 ㄌㄧㄣˊ
癃 ㄌㄨㄥˊ
癈 ㄈㄟˋ
癉 ㄉㄢˋ
癇 ㄒㄧㄢˊ
皤 ㄆㄛˊ
盩 ㄓㄡˍ
瞵 ㄌㄧㄣˊ
瞫 ㄕㄣˇ
瞲 ㄒㄩˋ
瞷 ㄐㄧㄢˋ
瞶 ㄎㄨㄟˋ
瞴 ㄨˊ
瞱 ㄧㄝˋ
瞨 ㄆㄨˍ
矰 ㄗㄥˍ
磳 ㄗㄥˍ
磽 ㄑㄧㄠˍ
礂 ㄒㄧˍ
磻 ㄆㄢˊ
磼 ㄗㄚˊ
磲 ㄑㄩˊ
礅 ㄉㄨㄣˍ
磹 ㄉㄧㄢˋ
磾 ㄉㄧˍ
礄 ㄑㄧㄠˊ
禫 ㄊㄢˇ
禨 ㄐㄧˍ
穜 ㄊㄨㄥˊ
穛 ㄓㄨㄛˍ
穖 ㄐㄧˇ
穘 ㄒㄧㄠˍ
穔 ㄏㄨㄤˊ
穚 ㄐㄧㄠˍ
窾 ㄎㄨㄢˇ
竀 ㄔㄥˍ
竁 ㄘㄨㄟˋ
簅 ㄔㄢˇ
簏 ㄌㄨˋ
篲 ㄏㄨㄟˋ
簀 ㄗㄜˊ
篿 ㄓㄨㄢˍ
篻 ㄆㄧㄠˋ
簎 ㄓㄚˋ
篴 ㄉㄧˊ
簋 ㄍㄨㄟˇ
篳 ㄅㄧˋ
簂 ㄍㄨㄛˊ
簉 ㄔㄡˋ
簃 ㄧˊ
簁 ㄒㄧˇ
篸 ㄙㄣˍ
篽 ㄩˇ
簆 ㄎㄡˋ
篰 ㄅㄨˋ
篱 ㄌㄧˊ
簐 ㄋㄧㄢˇ
簊 ㄐㄧˍ
糨 ㄐㄧㄤˋ
縭 ㄌㄧˊ
縼 ㄒㄩㄢˋ
繂 ㄕㄨㄞˋ
縳 ㄓㄨㄢˋ
顈 ㄐㄩㄥˇ
縸 ㄇㄛˋ
縪 ㄅㄧˋ
繉 ㄏㄨㄣˊ
繀 ㄙㄨㄟˋ
繇 ㄓㄡˋ
縩 ㄘㄞˋ
縰 ㄒㄧˇ
縻 ㄇㄧˊ
縶 ㄓˊ
繄 ㄧˍ
縺 ㄌㄧㄢˊ
罅 ㄒㄧㄚˋ
罿 ㄊㄨㄥˊ
罾 ㄗㄥˍ
罽 ㄐㄧˋ
翴 ㄌㄧㄢˊ
翲 ㄆㄧㄠˍ
耬 ㄌㄡˊ
膻 ㄊㄢˇ
臄 ㄐㄩㄝˊ
臌 ㄍㄨˇ
臊 ㄙㄠˍ
臅 ㄔㄨˋ
臇 ㄐㄩㄢˇ
膼 ㄍㄨㄚˍ
臩 ㄍㄨㄤˋ
艛 ㄌㄡˊ
艚 ㄘㄠˊ
艜 ㄉㄞˋ
薃 ㄏㄠˋ
薀 ㄩㄣˋ
薏 ㄧˋ
薧 ㄎㄠˇ
薕 ㄌㄧㄢˊ
薠 ㄈㄢˊ
薋 ㄘˊ
薣 ㄍㄨˇ
蕻 ㄏㄨㄥˋ
薤 ㄒㄧㄝˋ
薚 ㄊㄤˊ
薞 ㄙㄨㄣˍ
蕷 ㄩˋ
蕼 ㄙˋ
薉 ㄨㄟˋ
薡 ㄉㄧㄥˇ
蕺 ㄐㄧˊ
蕸 ㄒㄧㄚˊ
蕗 ㄌㄨˋ
薎 ㄇㄧㄝˋ
薖 ㄎㄜˍ
薆 ㄞˋ
薍 ㄌㄨㄢˋ
薙 ㄊㄧˋ
薝 ㄓㄢˍ
薁 ㄩˋ
薢 ㄐㄧㄝˍ
薂 ㄒㄧˊ
薈 ㄏㄨㄟˋ
薅 ㄏㄠˍ
蕹 ㄩㄥˍ
蕶 ㄌㄧㄥˊ
薘 ㄉㄚˊ
薐 ㄌㄥˊ
薟 ㄌㄧㄢˋ
虨 ㄅㄢˍ
螾 ㄧㄣˇ
螪 ㄕㄤˍ
螭 ㄔˍ
蟅 ㄓㄜˋ
螰 ㄌㄨˋ
螬 ㄘㄠˊ
螹 ㄐㄧㄢˋ
螵 ㄆㄧㄠˍ
螼 ㄑㄧㄣˇ
螮 ㄉㄧˋ
蟉 ㄌㄧㄠˋ
蟃 ㄨㄢˋ
蟂 ㄐㄧㄠˍ
蟌 ㄘㄨㄥˍ
螷 ㄆㄧˊ
螯 ㄠˊ
蟄 ㄓˊ
蟊 ㄇㄠˊ
螴 ㄔㄣˊ
螶 ㄑㄩˊ
螿 ㄐㄧㄤˍ
螸 ㄩˊ
螽 ㄓㄨㄥˍ
蟞 ㄅㄧㄝˊ
螲 ㄓˋ
褵 ㄌㄧˊ
褳 ㄌㄧㄢˊ
褼 ㄒㄧㄢˍ
褾 ㄅㄧㄠˇ
襁 ㄑㄧㄤˇ
襒 ㄅㄧㄝˊ
褷 ㄕˍ
襂 ㄙㄣˍ
覭 ㄇㄧㄥˊ
覯 ㄍㄡˋ
覮 ㄆㄧㄥˍ
觲 ㄒㄧㄥˍ
觳 ㄏㄨˊ
謞 ㄒㄩㄝˋ
謘 ㄔˊ
謖 ㄙㄨˋ
謑 ㄒㄧˋ
謅 ㄗㄡˍ
謋 ㄏㄨㄛˋ
謢 ㄏㄨˋ
謏 ㄒㄧㄠˇ
謒 ㄑㄧㄤˍ
謕 ㄊㄧˊ
謇 ㄐㄧㄢˇ
謍 ㄧㄥˊ
謈 ㄅㄛˊ
謆 ㄕㄢˋ
謜 ㄩㄢˋ
謓 ㄔㄣˍ
謚 ㄧˋ
豏 ㄒㄧㄢˋ
豰 ㄏㄨˋ
豲 ㄏㄨㄢˊ
豱 ㄨㄣˍ
豯 ㄒㄧˍ
貕 ㄒㄧˍ
貔 ㄆㄧˊ
賹 ㄞˋ
赯 ㄊㄤˊ
蹎 ㄉㄧㄢˍ
蹍 ㄓㄢˇ
蹓 ㄌㄧㄡˋ
蹐 ㄐㄧˊ
蹌 ㄑㄧㄤˍ
蹇 ㄐㄧㄢˇ
轃 ㄓㄣˍ
轀 ㄨㄣˍ
邅 ㄓㄢˍ
遾 ㄕˋ
鄸 ㄇㄥˊ
醚 ㄇㄧˊ
醢 ㄏㄞˇ
醛 ㄑㄩㄢˊ
醙 ㄙㄡˍ
醟 ㄩㄥˋ
醡 ㄓㄚˋ
醝 ㄘㄨㄛˊ
醠 ㄤˋ
鎡 ㄗˍ
鎃 ㄆㄞˋ
鎯 ㄌㄨㄛˇ
鍤 ㄔㄚˊ
鍖 ㄔㄣˇ
鍇 ㄎㄞˇ
鍼 ㄓㄣˍ
鍘 ㄓㄚˊ
鍜 ㄒㄧㄚˍ
鍶 ㄙˍ
鍉 ㄉㄧˍ
鍐 ㄘㄨㄥˍ
鍑 ㄈㄨˋ
鍠 ㄏㄨㄤˊ
鍭 ㄏㄡˊ
鎏 ㄌㄧㄡˊ
鍌 ㄒㄧㄢˇ
鍪 ㄇㄡˊ
鍹 ㄒㄩㄢˍ
鍗 ㄉㄧˋ
鍕 ㄖㄡˇ
鍒 ㄖㄡˊ
鍏 ㄨㄟˊ
鍱 ㄧㄝˋ
鍷 ㄎㄨㄟˍ
鍻 ㄐㄧㄝˊ
鍡 ㄨㄟˇ
鍞 ㄎㄥˍ
鍣 ㄓㄠˍ
鍧 ㄏㄨㄥˍ
鎀 ㄒㄧㄡˍ
鍎 ㄊㄨˊ
鍙 ㄏㄨㄥˋ
闇 ㄢˋ
闀 ㄒㄧㄤˋ
闉 ㄧㄣˍ
闃 ㄑㄩˋ
闅 ㄨㄣˊ
閷 ㄕㄞˋ
隮 ㄐㄧˍ
隰 ㄒㄧˊ
隬 ㄋㄧˇ
霠 ㄧㄣˍ
霟 ㄏㄨㄥˊ
霘 ㄉㄨㄥˋ
霝 ㄌㄧㄥˊ
霙 ㄧㄥˍ
鞚 ㄎㄨㄥˋ
鞡 ㄌㄚˍ
鞜 ㄊㄚˋ
鞞 ㄅㄧㄥˇ
鞝 ㄓㄤˇ
韔 ㄔㄤˋ
韱 ㄒㄧㄢˍ
顁 ㄉㄧㄥˋ
顄 ㄏㄢˋ
顊 ㄧˊ
顉 ㄑㄧㄣˇ
顅 ㄑㄧㄢˍ
顃 ㄧㄢˊ
餥 ㄈㄟˇ
餫 ㄏㄨㄣˊ
餬 ㄏㄨˊ
餪 ㄋㄨㄢˇ
餳 ㄒㄧㄥˊ
餲 ㄏㄜˊ
餯 ㄏㄨㄟˋ
餭 ㄏㄨㄤˊ
餱 ㄏㄡˊ
餰 ㄐㄧㄢˍ
馘 ㄍㄨㄛˊ
馣 ㄧㄢˇ
馡 ㄈㄟˍ
騂 ㄒㄧㄥˍ
駺 ㄌㄧㄤˊ
駴 ㄒㄧㄝˋ
駷 ㄙㄨㄥˇ
駹 ㄇㄤˊ
駸 ㄑㄧㄣˍ
駶 ㄐㄩˊ
駻 ㄏㄢˋ
駽 ㄒㄩㄢˋ
駾 ㄊㄨㄟˋ
駼 ㄊㄨˊ
騃 ㄞˊ
骾 ㄍㄥˇ
髾 ㄕㄠˍ
髽 ㄓㄨㄚˍ
鬁 ㄌㄧˋ
髼 ㄆㄥˊ
魈 ㄒㄧㄠˍ
鮚 ㄐㄧㄝˊ
鮨 ㄑㄧˊ
鮞 ㄦˊ
鮛 ㄕㄨㄚˍ
鮦 ㄊㄨㄥˊ
鮡 ㄊㄧㄠˍ
鮥 ㄌㄨㄛˋ
鮤 ㄌㄧㄝˋ
鮆 ㄐㄧˋ
鮢 ㄓㄨˍ
鮠 ㄨㄟˊ
鮯 ㄍㄜˊ
鴳 ㄧㄢˋ
鵁 ㄐㄧㄠˍ
鵧 ㄅㄧㄥˋ
鴶 ㄐㄧˊ
鴮 ㄨˍ
鴯 ㄦˊ
鴱 ㄞˋ
鴸 ㄓㄨˍ
鴰 ㄍㄨㄚˍ
鵅 ㄌㄨㄛˋ
鵂 ㄒㄧㄡˍ
鵃 ㄓㄡˍ
鴾 ㄇㄡˊ
鴷 ㄌㄧㄝˋ
鵀 ㄖㄣˋ
鴽 ㄖㄨˊ
翵 ㄑㄩˊ
鴭 ㄓㄨㄟˍ
麊 ㄇㄧˊ
麉 ㄐㄧㄢˍ
麍 ㄌㄧㄡˊ
麰 ㄇㄡˊ
黚 ㄑㄧㄢˊ
黻 ㄈㄨˊ
黿 ㄩㄢˊ
鼤 ㄨㄣˊ
鼣 ㄈㄟˋ
鼢 ㄈㄣˊ
齔 ㄔㄣˋ
龠 ㄩㄝˋ
儱 ㄌㄨㄥˊ
儭 ㄔㄣˋ
儮 ㄌㄧˋ
嚘 ㄧㄡˍ
嚜 ㄇㄛˋ
嚗 ㄅㄠˋ
嚚 ㄧㄣˊ
嚝 ㄏㄨㄤˍ
嚙 ㄋㄧㄝˋ
奰 ㄅㄟˋ
嬼 ㄌㄧㄡˊ
屩 ㄐㄩㄝˊ
屪 ㄌㄧㄠˊ
巀 ㄐㄧㄝˊ
幭 ㄇㄧㄝˋ
幮 ㄔㄨˊ
懘 ㄔˋ
懟 ㄉㄨㄟˋ
懭 ㄎㄨㄤˋ
懮 ㄧㄡˍ
懱 ㄇㄧㄝˋ
懪 ㄅㄛˊ
懰 ㄌㄧㄡˊ
懫 ㄓˊ
懖 ㄍㄨㄚˍ
懩 ㄧㄤˇ
擿 ㄓˊ
攄 ㄕㄨˍ
擽 ㄌㄩㄝˋ
擸 ㄌㄧㄝˋ
攁 ㄧㄤˇ
攃 ㄙㄚˋ
擼 ㄌㄨˇ
斔 ㄩˇ
旛 ㄈㄢˍ
曚 ㄇㄥˊ
曛 ㄒㄩㄣˍ
曘 ㄖㄨˊ
櫅 ㄐㄧˍ
檹 ㄧˍ
檽 ㄦˊ
櫡 ㄓㄨˋ
櫆 ㄎㄨㄟˊ
檺 ㄍㄠˇ
檶 ㄑㄧㄢˍ
檷 ㄋㄧˇ
櫇 ㄆㄛˊ
檴 ㄏㄨㄛˋ
檭 ㄧㄣˊ
歞 ㄎㄢˇ
毉 ㄧˍ
氋 ㄇㄥˊ
瀇 ㄨㄤˇ
瀌 ㄅㄧㄠˍ
瀍 ㄔㄢˊ
瀁 ㄧㄤˋ
瀅 ㄧㄥˋ
瀔 ㄍㄨˇ
瀎 ㄇㄧㄝˋ
濿 ㄌㄧˋ
瀀 ㄧㄡˍ
濻 ㄨㄟˊ
瀦 ㄓㄨˍ
濼 ㄌㄨㄛˋ
濷 ㄈㄟˋ
瀊 ㄆㄢˊ
爁 ㄌㄢˋ
燿 ㄧㄠˋ
燹 ㄒㄧㄢˇ
爃 ㄖㄨㄥˊ
燽 ㄔㄡˊ
獶 ㄋㄠˊ
璸 ㄅㄧㄣˍ
瓀 ㄖㄨㄢˇ
璵 ㄩˊ
瓁 ㄏㄨㄛˋ
璾 ㄐㄧˋ
璶 ㄐㄧㄣˋ
璻 ㄗㄨㄟˇ
瓂 ㄍㄞˋ
甔 ㄉㄢˍ
甓 ㄆㄧˋ
癜 ㄉㄧㄢˋ
癤 ㄐㄧㄝˊ
癙 ㄕㄨˇ
癐 ㄍㄨㄞˋ
癓 ㄨㄟˊ
癗 ㄌㄟˇ
癚 ㄉㄢˋ
皦 ㄐㄧㄠˇ
皽 ㄓㄢˇ
盬 ㄍㄨˇ
矂 ㄗㄠˋ
瞺 ㄏㄨㄟˋ
磿 ㄌㄧˋ
礌 ㄌㄟˇ
礓 ㄐㄧㄤˍ
礔 ㄆㄧˋ
礉 ㄏㄜˊ
礐 ㄑㄩㄝˋ
礒 ㄧˇ
礑 ㄉㄤˋ
禭 ㄙㄨㄟˋ
禬 ㄏㄨㄟˋ
穟 ㄙㄨㄟˋ
簜 ㄉㄤˋ
簩 ㄌㄠˊ
簙 ㄅㄛˊ
簠 ㄈㄨˇ
簟 ㄉㄧㄢˋ
簭 ㄕˋ
簝 ㄌㄧㄠˊ
簦 ㄉㄥˍ
簨 ㄙㄨㄣˇ
簢 ㄠˊ
簥 ㄑㄧㄠˊ
簰 ㄆㄞˊ
繜 ㄗㄨㄣˍ
繐 ㄏㄨㄟˋ
繖 ㄙㄢˇ
繣 ㄏㄨㄚˋ
繘 ㄩˋ
繢 ㄏㄨㄟˋ
繟 ㄔㄢˇ
繑 ㄑㄧㄠˍ
繠 ㄖㄨㄟˇ
繗 ㄌㄧㄣˊ
繓 ㄗㄨㄛˇ
羵 ㄈㄣˋ
羳 ㄈㄢˊ
翷 ㄌㄧㄣˊ
聵 ㄎㄨㄟˋ
臑 ㄖㄨˊ
臒 ㄏㄨㄛˋ
臐 ㄒㄩㄣˍ
艟 ㄊㄨㄥˊ
艞 ㄧㄠˋ
薴 ㄋㄥˊ
藆 ㄐㄧㄢˇ
藀 ㄧㄥˊ
藃 ㄒㄧㄠˍ
薳 ㄨㄟˇ
薵 ㄔㄡˊ
薽 ㄓㄣˍ
藇 ㄒㄩˋ
藄 ㄑㄧˊ
薿 ㄋㄧˇ
藋 ㄉㄧˊ
藎 ㄐㄧㄣˋ
藈 ㄎㄨㄟˍ
藅 ㄈㄚˊ
薱 ㄉㄨㄟˋ
薶 ㄇㄞˊ
藒 ㄑㄧㄝˋ
蘤 ㄨㄟˇ
薸 ㄆㄧㄠˍ
薷 ㄖㄨˊ
薾 ㄦˇ
虩 ㄒㄧˋ
蟧 ㄌㄠˊ
蟦 ㄈㄟˋ
蟢 ㄒㄧˇ
蟛 ㄆㄥˊ
蟫 ㄧㄣˊ
蟪 ㄏㄨㄟˋ
蟥 ㄏㄨㄤˊ
蟟 ㄌㄧㄠˇ
蟳 ㄒㄩㄣˊ
蟤 ㄓㄨㄢˍ
蟔 ㄇㄛˋ
蟜 ㄐㄧㄠˇ
蟓 ㄒㄧㄤˋ
蟭 ㄐㄧㄠˍ
蟘 ㄊㄜˋ
蟣 ㄐㄧˇ
螤 ㄩˇ
蟗 ㄑㄧㄡˍ
蟙 ㄓˊ
蠁 ㄒㄧㄤˋ
蟴 ㄙˍ
蟨 ㄐㄩㄝˊ
蟝 ㄑㄩˊ
襓 ㄖㄠˊ
襋 ㄐㄧˊ
襏 ㄅㄛˍ
襌 ㄉㄢˍ
襆 ㄆㄨˊ
襐 ㄒㄧㄤˋ
襑 ㄒㄧㄣˊ
襉 ㄐㄧㄢˋ
謪 ㄕㄤˍ
謧 ㄌㄧˊ
謣 ㄩˊ
謳 ㄡˍ
謰 ㄌㄧㄢˊ
謵 ㄒㄧˊ
譇 ㄕㄜˍ
謯 ㄓㄚˍ
謼 ㄒㄧㄠˍ
謾 ㄇㄢˊ
謱 ㄌㄡˊ
謷 ㄠˊ
謦 ㄑㄧㄥˋ
謶 ㄓㄨㄛˊ
謮 ㄗㄜˊ
謤 ㄅㄧㄠˍ
謻 ㄧˊ
謽 ㄐㄧㄤˋ
謺 ㄓㄜˊ
豂 ㄌㄧㄠˊ
豵 ㄗㄨㄥˍ
貙 ㄔㄨˊ
貘 ㄇㄛˋ
貗 ㄐㄩˋ
賾 ㄗㄜˊ
贄 ㄓˋ
贂 ㄔㄣˇ
贀 ㄨㄟˋ
蹜 ㄙㄨㄛˍ
蹢 ㄉㄧˊ
蹠 ㄓˊ
蹗 ㄌㄨˋ
蹖 ㄔㄨㄥˍ
蹞 ㄎㄨㄟˇ
蹥 ㄌㄧㄢˊ
蹧 ㄗㄠˍ
蹛 ㄉㄞˋ
蹚 ㄊㄤˍ
蹡 ㄑㄧㄤˍ
蹝 ㄒㄧˇ
蹩 ㄅㄧㄝˊ
蹔 ㄓㄢˋ
轆 ㄌㄨˋ
轇 ㄐㄧㄡˍ
轈 ㄔㄠˊ
轋 ㄏㄨㄣˊ
鄨 ㄅㄧˋ
鄺 ㄎㄨㄤˋ
鄻 ㄌㄧㄢˇ
鄾 ㄧㄡˍ
醨 ㄌㄧˊ
醥 ㄆㄧㄠˇ
醧 ㄩˋ
醯 ㄒㄧˍ
醪 ㄌㄠˊ
鎵 ㄐㄧㄚˍ
鎌 ㄌㄧㄢˊ
鎒 ㄋㄡˋ
鎷 ㄇㄚˇ
鎛 ㄅㄛˊ
鎝 ㄉㄚˊ
鎉 ㄊㄚˋ
鎧 ㄎㄞˇ
鎎 ㄒㄧˋ
鎪 ㄙㄡˍ
鎞 ㄅㄧˋ
鎦 ㄌㄧㄡˊ
鎕 ㄊㄤˊ
鎈 ㄔㄚˍ
鎙 ㄕㄨㄛˋ
鎟 ㄙㄤˇ
鎍 ㄙㄨㄛˇ
鎱 ㄩㄢˊ
鎑 ㄧㄝˋ
鎲 ㄊㄤˇ
鎤 ㄏㄨㄤˇ
鎨 ㄙㄨㄣˇ
鎴 ㄒㄧˊ
鎣 ㄧㄥˋ
鎥 ㄊㄧㄠˊ
闒 ㄊㄚˋ
闓 ㄎㄞˇ
闑 ㄋㄧㄝˋ
隳 ㄏㄨㄟˍ
雗 ㄏㄢˋ
雚 ㄍㄨㄢˋ
巂 ㄒㄧˍ
雟 ㄙㄨㄟˊ
雘 ㄏㄨㄛˋ
雝 ㄩㄥˍ
霣 ㄩㄣˇ
霢 ㄇㄛˋ
霥 ㄇㄥˋ
鞬 ㄐㄧㄢˍ
鞮 ㄉㄧˍ
鞨 ㄏㄜˊ
鞫 ㄐㄩˊ
鞤 ㄅㄤˍ
鞪 ㄇㄨˋ
鞢 ㄒㄧㄝˋ
韗 ㄒㄩㄣˋ
韙 ㄨㄟˇ
韖 ㄖㄡˊ
韘 ㄕㄜˋ
韺 ㄧㄥˍ
顐 ㄏㄨㄣˊ
顑 ㄎㄢˇ
顒 ㄩㄥˊ
颸 ㄙˍ
饁 ㄧㄝˋ
餼 ㄒㄧˋ
餺 ㄅㄛˊ
騏 ㄑㄧˊ
騋 ㄌㄞˊ
騉 ㄎㄨㄣˍ
騍 ㄎㄜˋ
騄 ㄌㄨˋ
騑 ㄈㄟˍ
騊 ㄊㄠˊ
騅 ㄓㄨㄟˍ
騇 ㄕㄜˋ
騆 ㄓㄡˍ
髀 ㄅㄧˋ
髜 ㄑㄧㄠˍ
鬈 ㄑㄩㄢˊ
鬄 ㄊㄧˋ
鬅 ㄆㄥˊ
鬩 ㄒㄧˋ
鬵 ㄑㄧㄢˊ
魊 ㄩˋ
魌 ㄑㄧˍ
魋 ㄊㄨㄟˊ
鯇 ㄏㄨㄣˇ
鯆 ㄈㄨˇ
鯃 ㄨˊ
鮿 ㄓㄜˊ
鯁 ㄍㄥˇ
鮵 ㄉㄨㄛˊ
鮸 ㄇㄧㄢˇ
鯓 ㄋㄧˊ
鮶 ㄐㄩㄣˍ
鯄 ㄑㄧㄡˊ
鮹 ㄕㄠˍ
鮽 ㄩˊ
鵜 ㄊㄧˋ
鵓 ㄅㄛˊ
鵏 ㄅㄨˍ
鵊 ㄐㄧㄚˊ
鵛 ㄐㄧㄥˍ
鵋 ㄐㄧˋ
鵙 ㄐㄩˊ
鵖 ㄅㄧˋ
鵌 ㄩˊ
鵗 ㄒㄧˍ
鵒 ㄩˋ
鵔 ㄒㄩㄣˋ
鵟 ㄎㄨㄤˊ
鵘 ㄐㄩㄣˋ
鵚 ㄊㄨˊ
麎 ㄔㄣˊ
麌 ㄨˊ
黟 ㄧˍ
鼁 ㄑㄩˋ
鼀 ㄘㄨˋ
鼖 ㄈㄣˊ
鼥 ㄅㄚˊ
鼫 ㄕˊ
鼪 ㄕㄥˍ
鼩 ㄑㄩˊ
鼨 ㄊㄨㄥˊ
齌 ㄐㄧˋ
齕 ㄏㄜˊ
儴 ㄖㄤˊ
儵 ㄕㄨˋ
劖 ㄔㄢˊ
勷 ㄖㄤˊ
厴 ㄧㄢˇ
嚫 ㄔㄣˋ
嚭 ㄆㄧˇ
嚦 ㄌㄧˋ
嚧 ㄌㄨˊ
嚪 ㄉㄢˍ
嚬 ㄆㄧㄣˊ
壚 ㄌㄨˊ
壝 ㄨㄟˇ
壛 ㄧㄢˊ
夒 ㄋㄠˊ
嬽 ㄩㄢˍ
嬾 ㄌㄢˇ
嬿 ㄧㄢˇ
巃 ㄌㄨㄥˊ
幰 ㄒㄧㄢˇ
徿 ㄌㄨㄥˋ
懻 ㄐㄧˋ
攇 ㄒㄧㄢˇ
攐 ㄑㄧㄢˍ
攍 ㄧㄥˊ
攉 ㄏㄨㄛˋ
攌 ㄏㄢˋ
攎 ㄌㄨˊ
斄 ㄌㄧˋ
旞 ㄙㄨㄟˋ
旝 ㄍㄨㄞˋ
曞 ㄌㄧˋ
櫧 ㄓㄨˍ
櫠 ㄈㄟˋ
櫌 ㄧㄡˍ
櫑 ㄌㄟˊ
櫙 ㄡˍ
櫋 ㄇㄧㄢˊ
櫟 ㄌㄧˋ
櫜 ㄍㄠˍ
櫐 ㄌㄟˇ
櫫 ㄓㄨˍ
櫏 ㄑㄧㄢˍ
櫍 ㄓˋ
櫞 ㄩㄢˊ
歠 ㄔㄨㄛˋ
殰 ㄉㄨˊ
氌 ㄌㄨˇ
瀙 ㄑㄧㄣˍ
瀧 ㄌㄨㄥˊ
瀠 ㄧㄥˊ
瀖 ㄏㄨㄛˋ
瀫 ㄏㄨˊ
瀡 ㄙㄨㄟˇ
瀢 ㄨㄟˊ
瀣 ㄒㄧㄝˋ
瀩 ㄉㄨㄟˋ
瀗 ㄒㄧㄢˋ
瀤 ㄏㄨㄞˊ
瀜 ㄖㄨㄥˊ
瀪 ㄈㄢˊ
爌 ㄎㄨㄤˋ
爊 ㄠˊ
爇 ㄖㄨㄛˋ
爂 ㄅㄧㄠˍ
爅 ㄇㄛˋ
犥 ㄆㄧㄠˇ
犦 ㄅㄠˋ
犤 ㄆㄧˊ
犣 ㄌㄧㄝˋ
犡 ㄌㄧˋ
瓋 ㄓㄜˊ
瓅 ㄌㄧˋ
璷 ㄈㄨˍ
瓃 ㄌㄟˊ
甖 ㄧㄥˍ
癠 ㄐㄧˋ
矉 ㄆㄧㄣˊ
矊 ㄇㄧㄢˊ
矄 ㄒㄩㄣˍ
矱 ㄏㄨㄛˋ
礝 ㄖㄨㄢˇ
礛 ㄐㄧㄢˍ
礡 ㄅㄛˊ
礜 ㄩˋ
礗 ㄆㄧㄣˍ
礞 ㄇㄥˊ
禰 ㄋㄧˇ
穧 ㄐㄧˋ
穨 ㄊㄨㄟˊ
簳 ㄍㄢˋ
簼 ㄍㄡˋ
簹 ㄉㄤˍ
簬 ㄌㄨˋ
簻 ㄎㄜˍ
糬 ㄕㄨˇ
糪 ㄅㄛˊ
繶 ㄧˋ
繵 ㄔㄢˊ
繸 ㄙㄨㄟˋ
繰 ㄗㄠˇ
繷 ㄋㄠˊ
繯 ㄏㄨㄢˊ
繺 ㄕㄞˇ
繲 ㄐㄧㄝˋ
繴 ㄅㄛˋ
繨 ㄉㄚˊ
罋 ㄨㄥˋ
罊 ㄑㄧㄥˋ
羃 ㄇㄧˋ
羆 ㄆㄧˊ
羷 ㄌㄧㄢˇ
翽 ㄏㄨㄟˋ
翾 ㄒㄩㄢˍ
聸 ㄉㄢˍ
臗 ㄎㄨㄢˍ
臕 ㄅㄧㄠˍ
艤 ㄧˇ
艡 ㄉㄤˍ
艣 ㄌㄨˇ
藫 ㄊㄢˊ
藱 ㄏㄨㄟˊ
藭 ㄑㄩㄥˊ
藙 ㄧˋ
藡 ㄉㄧˊ
藨 ㄅㄧㄠˍ
藚 ㄒㄩˋ
藗 ㄙㄨˋ
藬 ㄊㄨㄟˍ
藲 ㄕㄨˍ
藸 ㄓㄨˍ
藘 ㄌㄩˊ
藟 ㄌㄟˇ
藣 ㄆㄧˊ
藜 ㄌㄧˊ
藑 ㄑㄩㄥˊ
藰 ㄌㄧㄡˊ
藦 ㄇㄛˋ
藯 ㄨㄟˋ
藞 ㄌㄚˇ
藢 ㄓˇ
蠀 ㄗˍ
蟺 ㄕㄢˋ
蠃 ㄌㄨㄛˇ
蟶 ㄔㄥˍ
蟷 ㄉㄤˍ
蠉 ㄒㄩㄢˍ
蠌 ㄗㄜˊ
蠋 ㄓㄨˊ
蠆 ㄔㄞˋ
蟼 ㄐㄧㄥˇ
蠈 ㄗㄜˊ
蟿 ㄑㄧˋ
蠊 ㄌㄧㄢˊ
蠂 ㄕㄜˋ
襢 ㄊㄢˇ
襚 ㄙㄨㄟˋ
襛 ㄋㄨㄥˊ
襗 ㄉㄨㄛˊ
襡 ㄕㄨˊ
襜 ㄔㄢˍ
襘 ㄍㄨㄟˋ
襝 ㄌㄧㄢˋ
襙 ㄘㄠˋ
覈 ㄏㄜˊ
覷 ㄑㄩˋ
覶 ㄌㄨㄛˊ
觶 ㄓˋ
譐 ㄗㄨㄣˇ
譈 ㄉㄨㄟˋ
譊 ㄋㄠˊ
譀 ㄏㄢˋ
譓 ㄏㄨㄟˋ
譖 ㄗㄣˋ
譔 ㄓㄨㄢˋ
譋 ㄌㄢˊ
譕 ㄨˊ
譑 ㄐㄧㄠˇ
譂 ㄔㄢˇ
譒 ㄅㄛˋ
譗 ㄓㄚˊ
豃 ㄏㄢˇ
豷 ㄧˋ
豶 ㄈㄣˊ
貚 ㄊㄢˊ
贆 ㄅㄧㄠˍ
贇 ㄩㄣˍ
贉 ㄊㄢˇ
趬 ㄑㄧㄠˊ
趪 ㄏㄨㄤˊ
趭 ㄧㄠˋ
趫 ㄑㄧㄠˊ
蹭 ㄘㄥˋ
蹸 ㄌㄧㄣˊ
蹳 ㄅㄛˍ
蹪 ㄊㄨㄟˊ
蹯 ㄈㄢˊ
蹻 ㄐㄧㄠˇ
軂 ㄌㄠˋ
轒 ㄈㄣˊ
轑 ㄌㄠˇ
轏 ㄓㄢˋ
轐 ㄆㄨˊ
轓 ㄈㄢˍ
辴 ㄓㄣˇ
酀 ㄧㄢˍ
鄿 ㄑㄧˊ
醰 ㄊㄢˊ
醭 ㄆㄨˊ
鏞 ㄩㄥˍ
鏇 ㄒㄩㄢˋ
鏏 ㄨㄟˋ
鏂 ㄡˍ
鏚 ㄑㄧˋ
鏐 ㄌㄧㄡˊ
鏹 ㄑㄧㄤˍ
鏬 ㄒㄧㄚˋ
鏌 ㄇㄛˋ
鏙 ㄘㄨㄟˍ
鎩 ㄕㄚˍ
鏦 ㄘㄨㄥˍ
鏊 ㄠˊ
鏔 ㄧㄣˊ
鏮 ㄎㄤˍ
鏣 ㄕㄨˋ
鏕 ㄌㄨˋ
鏄 ㄅㄛˊ
鏎 ㄅㄧˋ
鏀 ㄌㄨˇ
鏒 ㄑㄧㄠˍ
鏧 ㄌㄨㄥˊ
镽 ㄌㄧㄠˊ
闚 ㄎㄨㄟˍ
闛 ㄊㄤˊ
雡 ㄌㄧㄡˋ
霩 ㄎㄨㄛˋ
霫 ㄒㄧˊ
霬 ㄧˋ
霨 ㄨㄟˋ
霦 ㄅㄧㄣˍ
鞳 ㄊㄚˋ
鞶 ㄆㄢˊ
韝 ㄍㄡˋ
韞 ㄩㄣˋ
韟 ㄍㄠˍ
顜 ㄐㄧㄤˇ
顙 ㄙㄤˇ
顝 ㄎㄨˍ
顗 ㄧˇ
颿 ㄈㄢˊ
颽 ㄎㄞˇ
颻 ㄧㄠˊ
颾 ㄙㄠˍ
饈 ㄒㄧㄡˍ
饇 ㄩˋ
饃 ㄇㄛˋ
馦 ㄒㄧㄢˍ
馧 ㄨㄣˍ
騚 ㄑㄧㄢˊ
騕 ㄧㄠˇ
騥 ㄖㄡˊ
騝 ㄐㄧㄢˍ
騤 ㄎㄨㄟˊ
騛 ㄈㄟˍ
騢 ㄒㄧㄚˊ
騠 ㄊㄧˊ
騧 ㄍㄨㄚˍ
騣 ㄗㄨㄥˍ
騞 ㄏㄨㄛˋ
騜 ㄏㄨㄤˊ
騔 ㄍㄜˇ
髂 ㄎㄚˋ
鬋 ㄐㄧㄢˍ
鬊 ㄕㄨㄣˋ
鬎 ㄌㄚˋ
鬌 ㄉㄨㄛˇ
鬷 ㄗㄨㄥˍ
鯪 ㄌㄧㄥˊ
鯫 ㄗㄡˍ
鯠 ㄌㄞˊ
鯞 ㄓㄡˇ
鯤 ㄎㄨㄣˍ
鯦 ㄐㄧㄡˋ
鯢 ㄋㄧˊ
鯰 ㄋㄧㄢˇ
鯔 ㄗˍ
鯗 ㄒㄧㄤˇ
鯬 ㄌㄧˊ
鯜 ㄑㄧㄝˋ
鯙 ㄔㄨㄣˊ
鯥 ㄌㄨˋ
鯕 ㄑㄧˊ
鯡 ㄈㄟˍ
鯚 ㄐㄧˋ
鵷 ㄩㄢˍ
鶁 ㄐㄧㄥˍ
鶊 ㄍㄥˍ
鶄 ㄐㄧㄥˍ
鶈 ㄑㄧˍ
鵱 ㄌㄨˋ
鶀 ㄑㄧˊ
鵸 ㄑㄧˊ
鶆 ㄌㄞˊ
鶋 ㄐㄩˍ
鶌 ㄑㄩˍ
鵽 ㄉㄨㄛˋ
鵫 ㄓㄠˋ
鵴 ㄐㄩˊ
鵵 ㄊㄨˋ
鵰 ㄉㄧㄠˍ
鵩 ㄈㄨˊ
鶅 ㄗˍ
鵳 ㄐㄧㄢˍ
鵻 ㄓㄨㄟˍ
鶂 ㄋㄧˊ
鵯 ㄅㄟˍ
鵹 ㄌㄧˊ
鵿 ㄕㄥˍ
鶇 ㄉㄨㄥˍ
鵨 ㄕㄨˍ
麔 ㄐㄧㄡˋ
麑 ㄋㄧˊ
黀 ㄗㄡˍ
黼 ㄈㄨˇ
鼭 ㄕˊ
齀 ㄨˋ
齁 ㄏㄡˍ
齍 ㄗˍ
齖 ㄧㄚˊ
齗 ㄎㄣˇ
齘 ㄒㄧㄝˋ
匷 ㄑㄩˊ
嚲 ㄉㄨㄛˇ
嚵 ㄔㄢˋ
嚳 ㄎㄨˋ
壣 ㄌㄧㄣˊ
孅 ㄒㄧㄢˍ
巆 ㄧㄥˊ
巇 ㄒㄧˍ
廮 ㄧㄥˊ
廯 ㄒㄧㄢˍ
忀 ㄒㄧㄤˍ
忁 ㄅㄠˋ
懹 ㄖㄤˋ
攗 ㄇㄟˊ
攖 ㄧㄥˍ
攕 ㄙㄢˍ
攓 ㄑㄧㄢˍ
旟 ㄩˊ
曨 ㄌㄨㄥˊ
曣 ㄧㄢˋ
曤 ㄏㄨㄛˋ
櫳 ㄌㄨㄥˊ
櫰 ㄏㄨㄞˊ
櫪 ㄌㄧˋ
櫨 ㄌㄨˊ
櫹 ㄒㄧㄠˍ
櫱 ㄋㄧㄝˋ
櫮 ㄜˋ
櫯 ㄙㄨˍ
瀼 ㄖㄤˊ
瀵 ㄈㄣˋ
瀯 ㄧㄥˊ
瀷 ㄧˋ
瀴 ㄧㄥˇ
瀱 ㄐㄧˋ
灂 ㄓㄨㄛˊ
瀸 ㄐㄧㄢˍ
瀿 ㄈㄢˊ
瀺 ㄔㄢˊ
瀹 ㄩㄝˋ
灀 ㄕㄨㄤˋ
瀻 ㄉㄞˋ
瀳 ㄐㄧㄢˋ
灁 ㄩㄢˍ
爓 ㄧㄢˋ
爔 ㄒㄧˍ
犨 ㄔㄡˍ
獽 ㄖㄤˊ
獼 ㄇㄧˊ
璺 ㄨㄣˋ
皫 ㄆㄧㄠˇ
皪 ㄌㄧˋ
皾 ㄉㄨˊ
盭 ㄌㄧˋ
矌 ㄍㄨㄤˋ
矎 ㄒㄩㄢˍ
矏 ㄇㄧㄢˊ
矍 ㄐㄩㄝˊ
矲 ㄅㄞˋ
礥 ㄒㄧㄢˊ
礣 ㄇㄧㄝˋ
礧 ㄌㄟˇ
礨 ㄌㄟˇ
礤 ㄘㄚˇ
礩 ㄓˊ
禲 ㄌㄧˋ
穮 ㄅㄧㄠˍ
穬 ㄍㄨㄥˇ
穭 ㄌㄩˇ
竷 ㄎㄢˋ
籉 ㄊㄞˊ
籈 ㄓㄣˍ
籊 ㄊㄧˋ
籇 ㄏㄠˊ
籅 ㄩˊ
糮 ㄐㄧㄢˋ
繻 ㄒㄩˍ
繾 ㄑㄧㄢˇ
纁 ㄒㄩㄣˍ
纀 ㄆㄨˊ
翿 ㄉㄠˋ
聹 ㄋㄧㄥˊ
臛 ㄏㄨˋ
臙 ㄧㄢˍ
舋 ㄒㄧㄣˋ
艨 ㄇㄥˊ
艩 ㄑㄧˊ
蘢 ㄌㄨㄥˊ
藿 ㄏㄨㄛˋ
蘁 ㄨˋ
藾 ㄌㄞˋ
蘛 ㄩˊ
蘀 ㄊㄨㄛˋ
藶 ㄌㄧˋ
蘄 ㄑㄧˊ
蘉 ㄇㄤˊ
蘅 ㄏㄥˊ
蘌 ㄩˇ
藽 ㄔㄣˋ
蠙 ㄅㄧㄣˍ
蠐 ㄑㄧˊ
蠑 ㄖㄨㄥˊ
蠗 ㄓㄨㄛˊ
蠓 ㄇㄥˇ
蠖 ㄏㄨㄛˋ
襣 ㄅㄧˋ
襦 ㄖㄨˊ
覹 ㄨㄟˊ
觷 ㄒㄩㄝˊ
譠 ㄓㄢˍ
譪 ㄞˋ
譝 ㄕㄥˊ
譨 ㄋㄡˋ
譣 ㄑㄧㄢˍ
譥 ㄐㄧㄠˋ
譧 ㄌㄧㄢˊ
譭 ㄏㄨㄟˇ
趮 ㄗㄠˋ
躆 ㄐㄩˋ
躈 ㄑㄧㄠˋ
躄 ㄅㄧˋ
轙 ㄧˇ
轖 ㄙㄜˋ
轗 ㄎㄢˇ
轕 ㄍㄜˊ
轘 ㄏㄨㄢˋ
轚 ㄐㄧˊ
邍 ㄩㄢˊ
酃 ㄌㄧㄥˊ
酁 ㄔㄢˊ
醷 ㄧˋ
醵 ㄐㄩˋ
醲 ㄋㄨㄥˊ
醳 ㄧˋ
鐋 ㄊㄤˋ
鐓 ㄉㄨㄣˍ
鏻 ㄌㄧㄣˊ
鐠 ㄆㄨˇ
鐏 ㄗㄨㄣˍ
鐔 ㄊㄢˊ
鏾 ㄙㄢˇ
鐕 ㄗㄢˍ
鐐 ㄌㄧㄠˊ
鐨 ㄈㄟˋ
鐙 ㄉㄥˋ
鐍 ㄐㄩㄝˊ
鏵 ㄏㄨㄚˊ
鐀 ㄎㄨㄟˋ
鏷 ㄆㄨˊ
鐇 ㄈㄢˊ
鐎 ㄐㄧㄠˍ
鐖 ㄐㄧˍ
鐒 ㄌㄠˊ
鏺 ㄆㄛˍ
鐉 ㄔㄨㄢˍ
鏸 ㄏㄨㄟˋ
鐊 ㄧㄤˊ
鏿 ㄔㄥˍ
鏼 ㄙㄨㄛˇ
鐌 ㄒㄧㄤˋ
鏶 ㄐㄧˊ
鐑 ㄐㄧㄝˊ
鐆 ㄙㄨㄟˋ
闞 ㄎㄢˋ
闠 ㄏㄨㄟˋ
闟 ㄒㄧˍ
霮 ㄉㄢˋ
霯 ㄉㄥˋ
鞹 ㄎㄨㄛˋ
鞻 ㄌㄡˊ
韽 ㄧㄣˍ
韾 ㄧㄣˍ
顠 ㄆㄧㄠˋ
顢 ㄇㄢˊ
顣 ㄑㄧˍ
顟 ㄌㄧㄠˊ
飁 ㄒㄧˊ
飂 ㄌㄧㄠˊ
饐 ㄧˋ
饎 ㄔˋ
饙 ㄈㄣˍ
饌 ㄓㄨㄢˋ
饋 ㄎㄨㄟˋ
饓 ㄔㄥˍ
騲 ㄘㄠˇ
騴 ㄧㄢˋ
騱 ㄒㄧˍ
騬 ㄔㄥˊ
騪 ㄙㄡˍ
騶 ㄗㄡˍ
騩 ㄎㄨㄟˋ
騮 ㄌㄧㄡˊ
騸 ㄕㄢˋ
騭 ㄓˋ
髇 ㄒㄧㄠˍ
髊 ㄘㄨㄛˍ
髆 ㄅㄛˊ
鬐 ㄑㄧˊ
鬒 ㄓㄣˇ
鬑 ㄌㄧㄢˊ
鰋 ㄧㄢˋ
鰈 ㄉㄧㄝˊ
鯷 ㄕˋ
鰅 ㄩˊ
鰒 ㄈㄨˋ
鯸 ㄏㄡˊ
鱀 ㄐㄧˋ
鰇 ㄖㄡˊ
鰎 ㄐㄧㄢˋ
鰆 ㄔㄨㄣˍ
鰗 ㄏㄨˊ
鰔 ㄐㄧㄢˇ
鰉 ㄏㄨㄤˊ
鶟 ㄊㄨˊ
鶙 ㄊㄧˊ
鶤 ㄩㄣˋ
鶝 ㄈㄨˊ
鶒 ㄔˋ
鶘 ㄏㄨˊ
鶐 ㄕㄨˋ
鶛 ㄐㄧㄝˍ
鶠 ㄧㄢˇ
鶔 ㄖㄡˊ
鶜 ㄇㄠˊ
鶪 ㄐㄩˊ
鶗 ㄊㄧˊ
鶡 ㄏㄜˊ
鶚 ㄜˋ
鶢 ㄩㄢˊ
鶨 ㄉㄨㄣˋ
鶞 ㄔㄨㄣˍ
鶣 ㄅㄧㄣˋ
鶿 ㄘˊ
鶩 ㄨˋ
鶖 ㄑㄧㄡˍ
鶦 ㄏㄨˊ
鶧 ㄧㄥˍ
麙 ㄧㄢˊ
麛 ㄇㄧˊ
麚 ㄐㄧㄚˍ
黥 ㄐㄧㄥˍ
黤 ㄧㄢˇ
黧 ㄌㄧˊ
黦 ㄩˋ
鼰 ㄋㄧㄢˋ
鼮 ㄊㄧㄥˊ
齛 ㄕˋ
齠 ㄊㄧㄠˊ
齞 ㄋㄧㄢˋ
齝 ㄔˍ
齙 ㄆㄠˊ
龑 ㄧㄢˇ
儺 ㄋㄨㄛˊ
儹 ㄗㄨㄢˇ
劘 ㄇㄛˊ
劗 ㄘㄨㄢˊ
嚽 ㄔㄨㄛˋ
嚾 ㄏㄨㄢˋ
孈 ㄕㄨㄞˍ
孇 ㄕㄨㄤˍ
巋 ㄎㄨㄟˍ
巏 ㄑㄩㄢˊ
廱 ㄩㄥˍ
懽 ㄏㄨㄢˍ
攛 ㄘㄨㄢˍ
欂 ㄅㄛˊ
櫼 ㄐㄧㄢˍ
欃 ㄔㄢˍ
櫸 ㄐㄩˇ
欀 ㄒㄧㄤˍ
灃 ㄈㄥˍ
灄 ㄕㄜˋ
灊 ㄑㄧㄢˊ
灈 ㄑㄩˊ
灉 ㄩㄥˍ
灅 ㄌㄟˇ
灆 ㄌㄢˊ
爝 ㄐㄩㄝˊ
爚 ㄩㄝˋ
爙 ㄖㄤˇ
獾 ㄏㄨㄢˍ
甗 ㄧㄢˇ
癪 ㄐㄧˍ
矐 ㄏㄨㄛˋ
礭 ㄑㄩㄝˋ
礱 ㄌㄨㄥˊ
礯 ㄧㄥˍ
籔 ㄙㄡˇ
籓 ㄈㄢˍ
糲 ㄌㄧˋ
纊 ㄎㄨㄤˋ
纇 ㄌㄟˋ
纈 ㄒㄧㄝˊ
纋 ㄧㄡˍ
纆 ㄇㄛˋ
纍 ㄌㄟˊ
罍 ㄌㄟˊ
羻 ㄑㄧㄤˋ
耰 ㄧㄡˍ
臝 ㄌㄨㄛˇ
蘘 ㄖㄤˊ
蘪 ㄇㄧˊ
蘦 ㄌㄧㄥˊ
蘟 ㄧㄣˇ
蘜 ㄐㄩˊ
蘙 ㄧˋ
蘧 ㄑㄩˊ
蘮 ㄐㄧˋ
蘡 ㄧㄥˍ
蘠 ㄑㄧㄤˊ
蘩 ㄈㄢˊ
蘞 ㄌㄧㄢˋ
蘥 ㄩㄝˋ
蠩 ㄓㄨˍ
蠝 ㄌㄟˊ
蠛 ㄇㄧㄝˋ
蠠 ㄇㄧˋ
蠤 ㄑㄧㄡˍ
蠜 ㄈㄢˊ
蠫 ㄌㄧˋ
衊 ㄇㄧㄝˋ
襭 ㄒㄧㄝˊ
襩 ㄕㄨˇ
襮 ㄅㄛˊ
襫 ㄕˋ
觺 ㄧˊ
譹 ㄏㄠˊ
譸 ㄓㄡˍ
譅 ㄙㄜˋ
譺 ㄋㄧˇ
譻 ㄧㄥˍ
贐 ㄐㄧㄣˋ
贔 ㄅㄧˋ
趯 ㄩㄝˋ
躎 ㄋㄧㄢˇ
躌 ㄨˇ
轞 ㄒㄧㄢˋ
轛 ㄉㄨㄟˋ
轝 ㄩˊ
酆 ㄈㄥˍ
酄 ㄏㄨㄢˍ
酅 ㄒㄧˋ
醹 ㄖㄨˊ
鐿 ㄧˋ
鐻 ㄐㄩˋ
鐶 ㄏㄨㄢˊ
鐩 ㄙㄨㄟˋ
鐽 ㄉㄚˊ
鐼 ㄈㄣˊ
鐰 ㄑㄧㄠˍ
鐹 ㄍㄨㄛˇ
鐪 ㄌㄨˇ
鐷 ㄧㄝˋ
鐬 ㄏㄨㄟˋ
鑀 ㄞˋ
鐱 ㄑㄧㄢˍ
闥 ㄊㄚˋ
闤 ㄏㄨㄢˊ
闣 ㄉㄤˋ
霵 ㄐㄧˊ
霺 ㄨㄟˊ
鞿 ㄐㄧˍ
韡 ㄨㄟˇ
顤 ㄒㄧㄠˍ
飉 ㄌㄧㄠˊ
飆 ㄅㄧㄠˍ
飀 ㄌㄧㄡˊ
饘 ㄓㄢˍ
饖 ㄏㄨㄟˋ
騹 ㄌㄧˊ
騽 ㄒㄧˊ
驆 ㄅㄧˋ
驄 ㄘㄨㄥˍ
驂 ㄘㄢˍ
驁 ㄠˊ
騺 ㄓˋ
騿 ㄓㄤˍ
髍 ㄇㄛˊ
鬕 ㄇㄛˋ
鬗 ㄇㄢˊ
鬘 ㄇㄢˊ
鬖 ㄙㄢˍ
鬺 ㄕㄤˍ
魒 ㄆㄧㄠˍ
鰫 ㄖㄨㄥˊ
鰝 ㄏㄠˋ
鰜 ㄐㄧㄢˍ
鰬 ㄑㄧㄢˊ
鰣 ㄕˊ
鰨 ㄊㄚˋ
鰩 ㄧㄠˊ
鰤 ㄕˍ
鰡 ㄌㄧㄡˊ
鶷 ㄒㄧㄚˋ
鶶 ㄊㄤˊ
鶼 ㄐㄧㄢˍ
鷁 ㄧˋ
鷇 ㄎㄡˋ
鷊 ㄋㄧˋ
鷏 ㄓㄣˍ
鶾 ㄏㄢˋ
鷅 ㄌㄧˋ
鷃 ㄧㄢˋ
鶻 ㄍㄨˊ
鶵 ㄔㄨˊ
鷎 ㄌㄧㄡˊ
鶹 ㄌㄧㄡˊ
鶺 ㄐㄧˊ
鶬 ㄘㄤˍ
鷈 ㄊㄧˊ
鶱 ㄒㄩㄢˍ
鶭 ㄈㄤˇ
鷌 ㄇㄚˇ
鶳 ㄕˍ
鷍 ㄐㄧㄠˍ
鶲 ㄨㄥˍ
鹺 ㄘㄨㄛˊ
麜 ㄌㄧˋ
黫 ㄧㄣˍ
黮 ㄊㄢˊ
黭 ㄧㄢˇ
鼛 ㄍㄠˍ
鼘 ㄩㄢˍ
鼚 ㄔㄤˍ
鼱 ㄐㄧㄥˍ
齎 ㄐㄧˍ
齥 ㄒㄧㄝˋ
齤 ㄑㄩㄢˊ
龒 ㄌㄨㄥˊ
亹 ㄨㄟˋ
囆 ㄔㄞˋ
囅 ㄔㄢˇ
囋 ㄗㄢˋ
奱 ㄌㄧㄢˊ
孋 ㄌㄧˊ
孌 ㄌㄩㄢˇ
巕 ㄋㄧㄝˋ
巑 ㄘㄨㄢˊ
廲 ㄌㄧˊ
攡 ㄌㄧˊ
攠 ㄇㄧˊ
攦 ㄌㄧˋ
攢 ㄗㄢˇ
欋 ㄑㄩˊ
欈 ㄨㄟˊ
氍 ㄑㄩˊ
灕 ㄌㄧˊ
灖 ㄇㄧˇ
灗 ㄉㄢˋ
灒 ㄗㄢˋ
爞 ㄊㄨㄥˊ
爟 ㄍㄨㄢˋ
犩 ㄨㄟˋ
獿 ㄋㄠˊ
瓘 ㄍㄨㄢˋ
瓕 ㄇㄧˊ
瓙 ㄉㄠˋ
瓗 ㄒㄧˍ
癭 ㄧㄥˇ
皭 ㄐㄧㄠˋ
礵 ㄕㄨㄤˍ
禴 ㄩㄝˋ
穰 ㄖㄤˊ
穱 ㄐㄩㄝˊ
籗 ㄎㄨㄛˋ
籜 ㄊㄨㄛˋ
籙 ㄌㄨˋ
籛 ㄐㄧㄢˍ
籚 ㄌㄨˊ
糴 ㄉㄧˊ
糱 ㄋㄧㄝˋ
纑 ㄌㄨˊ
罏 ㄌㄨˊ
羇 ㄐㄧˍ
臞 ㄑㄩˊ
艫 ㄌㄨˊ
蘴 ㄈㄥˍ
蘵 ㄓˊ
蘳 ㄊㄨㄥˋ
蘬 ㄎㄨㄟˍ
蘲 ㄌㄟˇ
蘶 ㄨㄟˋ
蠬 ㄌㄨㄥˊ
蠨 ㄒㄧㄠˍ
蠦 ㄌㄨˊ
蠪 ㄌㄨㄥˊ
蠥 ㄋㄧㄝˋ
襱 ㄌㄨㄥˊ
覿 ㄉㄧˊ
覾 ㄕㄣˇ
觻 ㄌㄧˋ
譾 ㄐㄧㄢˇ
讄 ㄌㄟˇ
讂 ㄒㄩㄢˋ
讆 ㄨㄟˋ
讅 ㄕㄣˇ
譿 ㄏㄨㄟˋ
贕 ㄉㄨˊ
躕 ㄔㄨˊ
躔 ㄔㄢˊ
躚 ㄒㄧㄢˍ
躒 ㄌㄧˋ
躐 ㄌㄧㄝˋ
躖 ㄉㄨㄢˋ
躗 ㄨㄟˋ
轠 ㄌㄟˊ
轢 ㄌㄧˋ
酇 ㄗㄢˋ
鑌 ㄅㄧㄣˍ
鑐 ㄒㄩˍ
鑊 ㄏㄨㄛˋ
鑋 ㄑㄧㄥˋ
鑏 ㄋㄧㄥˊ
鑇 ㄐㄧˍ
鑅 ㄏㄥˊ
鑈 ㄋㄧㄝˍ
鑉 ㄊㄚˋ
鑆 ㄓㄨㄟˋ
霿 ㄇㄥˋ
韣 ㄕㄨˇ
顪 ㄏㄨㄟˍ
顩 ㄑㄧㄢˍ
飋 ㄙㄜˋ
饔 ㄩㄥˍ
饛 ㄇㄥˊ
驎 ㄌㄧㄣˊ
驓 ㄗㄥˍ
驔 ㄊㄢˊ
驌 ㄙㄨˋ
驏 ㄔㄢˇ
驈 ㄩˋ
驊 ㄏㄨㄚˊ
驉 ㄒㄩˍ
驒 ㄊㄨㄛˊ
驐 ㄉㄨㄣˍ
髐 ㄒㄧㄠˍ
鬙 ㄙㄥˍ
鬫 ㄎㄢˋ
鬻 ㄩˋ
魖 ㄒㄩˍ
魕 ㄐㄧˇ
鱆 ㄓㄤˍ
鱈 ㄒㄩㄝˇ
鰿 ㄐㄧˍ
鱄 ㄓㄨㄢˍ
鰹 ㄐㄧㄢˍ
鰳 ㄌㄜˋ
鱁 ㄓㄨˊ
鰼 ㄒㄧˊ
鰷 ㄊㄧㄠˊ
鰴 ㄏㄨㄟˍ
鰲 ㄠˊ
鰽 ㄑㄧㄡˊ
鰶 ㄐㄧˋ
鷛 ㄖㄨㄥˊ
鷒 ㄓㄨㄢˍ
鷞 ㄕㄨㄤˍ
鷚 ㄌㄧㄠˊ
鷋 ㄊㄨˊ
鷐 ㄔㄣˊ
鷜 ㄌㄡˊ
鷑 ㄌㄧˋ
鷟 ㄓㄨㄛˊ
鷩 ㄅㄧˋ
鷙 ㄓˋ
鷘 ㄔˋ
鷖 ㄧˍ
鷵 ㄊㄨˊ
鷕 ㄧㄠˇ
鷝 ㄅㄧˋ
麶 ㄔˍ
黰 ㄓㄣˇ
鼵 ㄊㄨˊ
鼳 ㄐㄩˊ
鼲 ㄏㄨㄣˊ
齂 ㄒㄧˋ
齫 ㄎㄨㄣˇ
龕 ㄎㄢˍ
龢 ㄏㄜˊ
儽 ㄌㄟˋ
劙 ㄌㄧˇ
壨 ㄌㄟˊ
壧 ㄧㄢˊ
奲 ㄔㄜˇ
孍 ㄧㄢˊ
巘 ㄧㄢˇ
蠯 ㄆㄧˊ
彏 ㄐㄩㄝˊ
戁 ㄋㄢˇ
戃 ㄊㄤˇ
戄 ㄐㄩㄝˊ
攩 ㄉㄤˇ
攥 ㄗㄨㄢˋ
斖 ㄨㄟˇ
曫 ㄌㄨㄢˊ
欑 ㄗㄢˋ
欒 ㄌㄨㄢˊ
欏 ㄌㄨㄛˊ
毊 ㄒㄧㄠˍ
灛 ㄔㄢˇ
灚 ㄐㄧㄠˇ
爢 ㄇㄧˊ
玂 ㄑㄧˊ
玁 ㄒㄧㄢˇ
玃 ㄐㄩㄝˊ
癰 ㄩㄥˍ
矔 ㄍㄨㄢˋ
籧 ㄑㄩˊ
籦 ㄓㄨㄥˍ
纕 ㄒㄧㄤˍ
艬 ㄔㄢˊ
蘺 ㄌㄧˊ
虀 ㄐㄧˍ
蘹 ㄏㄨㄞˊ
蘼 ㄇㄧˊ
蘱 ㄌㄟˋ
蘻 ㄐㄧˋ
蘾 ㄏㄨㄞˋ
蠰 ㄖㄤˊ
蠲 ㄐㄩㄢˍ
蠮 ㄧㄝˍ
蠳 ㄧㄥˍ
襶 ㄉㄞˋ
襴 ㄌㄢˊ
襳 ㄒㄧㄢˍ
觾 ㄧㄢˋ
讌 ㄧㄢˋ
讎 ㄔㄡˊ
讋 ㄓㄜˊ
讈 ㄌㄧˋ
豅 ㄌㄨㄥˊ
贙 ㄒㄩㄢˋ
躘 ㄌㄨㄥˊ
轤 ㄌㄨˊ
轣 ㄌㄧˋ
醼 ㄧㄢˋ
鑢 ㄌㄩˋ
鑕 ㄓˋ
鑝 ㄆㄥˊ
鑗 ㄌㄧˊ
鑞 ㄌㄚˋ
韄 ㄏㄨㄛˋ
韅 ㄒㄧㄢˇ
頀 ㄏㄨˋ
驖 ㄊㄧㄝˇ
驙 ㄓㄢˍ
鬞 ㄋㄨㄥˊ
鬟 ㄏㄨㄢˊ
鬠 ㄎㄨㄞˋ
鱒 ㄗㄨㄣˋ
鱘 ㄒㄩㄣˊ
鱐 ㄙㄨˋ
鱊 ㄐㄩㄝˊ
鱍 ㄅㄛˍ
鱋 ㄑㄩˍ
鱕 ㄈㄢˍ
鱙 ㄇㄧㄠˊ
鱌 ㄒㄧㄤˋ
鱎 ㄐㄧㄠˍ
鷻 ㄊㄨㄢˊ
鷷 ㄗㄨㄣˍ
鷯 ㄌㄧㄠˊ
鷣 ㄧㄣˊ
鷫 ㄙㄨˋ
鷸 ㄩˋ
鷤 ㄊㄧˊ
鷶 ㄇㄞˇ
鷡 ㄨˊ
鷮 ㄐㄧㄠˍ
鷦 ㄐㄧㄠˍ
鷲 ㄐㄧㄡˋ
鷰 ㄧㄢˋ
鷢 ㄐㄩㄝˊ
鷬 ㄏㄨㄤˊ
鷴 ㄒㄧㄢˊ
鷳 ㄒㄧㄢˊ
鷨 ㄏㄨㄚˍ
鷭 ㄈㄢˊ
黂 ㄈㄣˊ
黐 ㄌㄧˊ
黲 ㄘㄢˇ
黳 ㄧˍ
鼆 ㄇㄤˊ
鼜 ㄑㄧˋ
鼸 ㄒㄧㄢˇ
鼷 ㄒㄧˍ
鼶 ㄙˍ
齃 ㄍㄜˊ
齏 ㄐㄧˍ
齱 ㄗㄡˍ
齰 ㄘㄨㄛˋ
齮 ㄧˇ
齯 ㄋㄧˊ
囓 ㄋㄧㄝˋ
囍 ㄒㄧˇ
孎 ㄓㄨˇ
屭 ㄒㄧˋ
攭 ㄌㄧˋ
曭 ㄊㄤˇ
曮 ㄧㄢˇ
欓 ㄉㄤˇ
灟 ㄓㄨˊ
灡 ㄌㄢˊ
灝 ㄏㄠˋ
灠 ㄌㄢˇ
爣 ㄊㄤˇ
瓛 ㄏㄨㄢˊ
瓥 ㄌㄧˋ
矕 ㄇㄢˇ
礸 ㄗㄢˇ
禷 ㄌㄟˋ
禶 ㄗㄢˇ
籪 ㄉㄨㄢˋ
纗 ㄗㄨㄟˍ
羉 ㄌㄨㄢˊ
艭 ㄕㄨㄤˍ
虃 ㄐㄧㄢˍ
蠸 ㄑㄩㄢˊ
蠷 ㄑㄩˊ
蠵 ㄒㄧˍ
衋 ㄕˋ
讔 ㄧㄣˇ
讕 ㄌㄢˊ
躞 ㄒㄧㄝˋ
躟 ㄖㄤˊ
躠 ㄒㄧㄝˋ
躝 ㄌㄢˊ
醾 ㄇㄧˊ
醽 ㄌㄧㄥˊ
釂 ㄐㄧㄠˋ
鑫 ㄒㄧㄣˍ
鑨 ㄌㄨㄥˊ
鑩 ㄜˋ
雥 ㄗㄚˊ
靆 ㄉㄞˋ
靃 ㄏㄨㄛˋ
靇 ㄌㄨㄥˊ
韇 ㄉㄨˊ
韥 ㄉㄨˊ
驞 ㄅㄧㄣˍ
髕 ㄅㄧㄣˋ
魙 ㄓㄢˇ
鱣 ㄓㄢˍ
鱧 ㄌㄧˇ
鱦 ㄕㄥˊ
鱢 ㄙㄠˍ
鱞 ㄍㄨㄢˍ
鱠 ㄎㄨㄞˋ
鸂 ㄒㄧˍ
鷾 ㄧˋ
鸇 ㄓㄢˍ
鸃 ㄧˊ
鸆 ㄩˊ
鸅 ㄓㄜˊ
鸀 ㄕㄨˊ
鸁 ㄌㄨㄛˊ
鸉 ㄧㄤˊ
鷿 ㄆㄧˋ
鷽 ㄒㄩㄝˊ
鸄 ㄐㄧˍ
麠 ㄐㄧㄥˍ
鼞 ㄊㄤˍ
齆 ㄨㄥˋ
齴 ㄒㄧㄢˇ
齵 ㄩˊ
齶 ㄜˋ
囔 ㄋㄤ˙
攮 ㄋㄤˇ
斸 ㄓㄨˇ
欘 ㄓㄨˇ
欙 ㄌㄟˊ
欗 ㄌㄢˊ
欚 ㄌㄧˇ
灢 ㄋㄤˇ
爦 ㄌㄢˇ
犪 ㄎㄨㄟˊ
矘 ㄊㄤˇ
矙 ㄎㄢˋ
礹 ㄧㄢˊ
籩 ㄅㄧㄢˍ
籫 ㄗㄨㄢˇ
糶 ㄊㄧㄠˋ
纚 ㄒㄧˇ
纘 ㄗㄨㄢˇ
纛 ㄉㄠˋ
纙 ㄌㄨㄛˋ
臠 ㄌㄨㄢˊ
臡 ㄋㄧˊ
虆 ㄌㄟˊ
虇 ㄑㄩㄢˇ
虈 ㄒㄧㄠˍ
襹 ㄕˍ
襺 ㄐㄧㄢˇ
襼 ㄧˋ
襻 ㄆㄢˋ
觿 ㄒㄧˍ
讘 ㄓㄜˊ
讙 ㄏㄨㄢˍ
躥 ㄘㄨㄢˍ
躤 ㄐㄧㄝˋ
躣 ㄑㄩˊ
鑮 ㄅㄛˊ
鑭 ㄌㄢˋ
鑯 ㄐㄧㄢˍ
鑱 ㄔㄢˊ
鑳 ㄐㄧㄢˋ
靉 ㄞˋ
顲 ㄌㄢˇ
饟 ㄒㄧㄤˇ
鱨 ㄔㄤˊ
鱮 ㄒㄩˋ
鱭 ㄐㄧˋ
鸋 ㄋㄧㄥˊ
鸍 ㄇㄧˊ
鸐 ㄉㄧˊ
鸏 ㄇㄥˊ
鸒 ㄩˊ
鸑 ㄩㄝˋ
麡 ㄑㄧˊ
黵 ㄉㄢˇ
鼉 ㄊㄨㄛˊ
齇 ㄓㄚˍ
齸 ㄧˋ
齻 ㄉㄧㄢˍ
齺 ㄗㄡˍ
齹 ㄔˍ
圞 ㄌㄨㄢˊ
灦 ㄒㄧㄢˍ
籯 ㄧㄥˊ
蠼 ㄐㄩㄝˊ
趲 ㄗㄢˋ
躦 ㄗㄨㄢˍ
釃 ㄒㄧˇ
鑴 ㄒㄧˋ
鑸 ㄌㄟˇ
鑶 ㄘㄤˊ
鑵 ㄍㄨㄢˋ
驠 ㄧㄢˋ
鱴 ㄇㄧㄝˋ
鱳 ㄌㄧˋ
鱱 ㄌㄧˋ
鱵 ㄓㄣˍ
鸔 ㄅㄛˊ
鸓 ㄌㄟˇ
黶 ㄧㄢˇ
鼊 ㄅㄧˋ
龤 ㄒㄧㄝˊ
灨 ㄍㄢˋ
灥 ㄑㄩㄢˊ
糷 ㄌㄢˊ
虪 ㄕㄨˊ
蠾 ㄓㄨˊ
蠽 ㄐㄧㄝˊ
蠿 ㄓㄚˊ
讞 ㄧㄢˋ
貜 ㄐㄩㄝˊ
躩 ㄐㄩㄝˊ
軉 ㄩˋ
靋 ㄌㄧˋ
顳 ㄋㄧㄝˋ
顴 ㄑㄩㄢˊ
飌 ㄈㄥˍ
饡 ㄗㄢˋ
馫 ㄒㄧㄥˍ
驤 ㄒㄧㄤˍ
驦 ㄕㄨㄤˍ
驧 ㄐㄩˊ
鬤 ㄖㄤˊ
鸕 ㄌㄨˊ
鸗 ㄌㄨㄥˊ
齈 ㄋㄨㄥˊ
戇 ㄓㄨㄤˋ
欞 ㄌㄧㄥˊ
爧 ㄌㄧㄥˊ
虌 ㄅㄧㄝˍ
躨 ㄎㄨㄟˊ
钂 ㄊㄤˇ
钀 ㄋㄧㄝˋ
钁 ㄐㄩㄝˊ
驩 ㄏㄨㄢˍ
驨 ㄒㄧˍ
鬮 ㄐㄧㄡˍ
鸙 ㄩㄝˋ
爩 ㄩˋ
虋 ㄇㄣˊ
讟 ㄉㄨˊ
钃 ㄕㄨˇ
鱹 ㄍㄨㄢˋ
麷 ㄈㄥˍ
癵 ㄌㄨㄢˊ
驫 ㄅㄧㄠˍ
鱺 ㄌㄧˊ
鸝 ㄌㄧˊ
灩 ㄧㄢˋ
灪 ㄩˋ
麤 ㄘㄨˍ
齾 ㄧㄚˋ
齉 ㄋㄤˋ
龘 ㄊㄚˋ
碁 ㄐㄧˍ
銹 ㄒㄧㄡˋ
裏 ㄌㄧˇ
墻 ㄑㄧㄤˊ
恒 ㄏㄥˊ
粧 ㄓㄨㄤˍ
嫺 ㄒㄧㄢˊ
尕 ㄋㄞˇ
哖 ㄋㄧㄢˇ
繌 ㄕㄚˇ
鞥 ㄥ
兀 ㄨˋ
